<html>
<body>
<pre>
<h1>µVision Build Log</h1>
<h2>Tool Versions:</h2>
IDE-Version: ¦ÌVision V5.41.0.0
Copyright (C) 2024 ARM Ltd and ARM Germany GmbH. All rights reserved.
License Information: dj DJ2438511335@outlook.com, dj, LIC=WHYH9-49MKU-WFWI7-E3LNG-0GQ90-GC7N8
 
Tool Versions:
Toolchain:       MDK-ARM Plus  Version: 5.41.0.0
Toolchain Path:  D:\keil5\ARM\ARMCC\Bin
C Compiler:      Armcc.exe V5.04 update 1 (build 49)
Assembler:       Armasm.exe V5.04 update 1 (build 49)
Linker/Locator:  ArmLink.exe V5.04 update 1 (build 49)
Library Manager: ArmAr.exe V5.04 update 1 (build 49)
Hex Converter:   FromElf.exe V5.04 update 1 (build 49)
CPU DLL:         SARMCM3.DLL V5.41.0.0
Dialog DLL:      DCM.DLL V1.17.5.0
Target DLL:      CMSIS_AGDI.dll V1.33.21.0
Dialog DLL:      TCM.DLL V1.56.4.0
 
<h2>Project:</h2>
E:\EPD\01_FreeRTOSÒÆÖ²fatfsÇý¶¯EPD³É¹¦\USER\FreeRTOS.uvprojx
Project File Date:  11/09/2024

<h2>Output:</h2>
*** Using Compiler 'V5.04 update 1 (build 49)', folder: 'D:\keil5\ARM\ARMCC\Bin'
Build target 'FreeRTOS'
compiling w25qxx.c...
compiling system_stm32f4xx.c...
compiling timer.c...
compiling led.c...
compiling stm32f4xx_it.c...
compiling beep.c...
compiling sram.c...
compiling key.c...
compiling spi.c...
compiling main.c...
compiling sdio_sdcard.c...
assembling startup_stm32f40_41xxx.s...
compiling lcd.c...
compiling sys.c...
compiling usart.c...
compiling delay.c...
compiling usmart_config.c...
compiling usmart.c...
compiling misc.c...
compiling stm32f4xx_gpio.c...
compiling usmart_str.c...
compiling stm32f4xx_syscfg.c...
compiling stm32f4xx_spi.c...
compiling stm32f4xx_rcc.c...
compiling stm32f4xx_usart.c...
compiling stm32f4xx_exti.c...
compiling stm32f4xx_fsmc.c...
compiling stm32f4xx_tim.c...
compiling stm32f4xx_dma.c...
compiling malloc.c...
compiling stm32f4xx_sdio.c...
compiling croutine.c...
compiling event_groups.c...
compiling list.c...
compiling queue.c...
compiling cc936.c...
compiling port.c...
compiling timers.c...
compiling exfuns.c...
compiling heap_4.c...
compiling tasks.c...
compiling font8.c...
compiling diskio.c...
compiling fattester.c...
compiling font12.c...
compiling font12CN.c...
compiling font16.c...
compiling font20.c...
compiling ff.c...
compiling DEV_Config.c...
compiling font24.c...
compiling EPD_4in2_V2.c...
..\HARDWARE\EPD\e-Paper\EPD_4in2_V2.c(531): warning:  #177-D: variable "i" was declared but never referenced
      UWORD i, Width;
..\HARDWARE\EPD\e-Paper\EPD_4in2_V2.c: 1 warning, 0 errors
compiling font24CN.c...
compiling EPD_4in2_V2_test.c...
compiling ImageData2.c...
compiling ImageData.c...
compiling GUI_Paint.c...
linking...
Program Size: Code=49780 RO-data=191620 RW-data=772 ZI-data=1203164  
FromELF: creating hex file...
"..\OBJ\LED.axf" - 0 Error(s), 1 Warning(s).

<h2>Software Packages used:</h2>

Package Vendor: Keil
                https://www.keil.com/pack/Keil.STM32F4xx_DFP.2.17.1.pack
                Keil::STM32F4xx_DFP@2.17.1
                STMicroelectronics STM32F4 Series Device Support, Drivers and Examples

<h2>Collection of Component include folders:</h2>
  D:/keil5/ARM/PACK/Keil/STM32F4xx_DFP/2.17.1/Drivers/CMSIS/Device/ST/STM32F4xx/Include

<h2>Collection of Component Files used:</h2>
Build Time Elapsed:  00:00:04
</pre>
</body>
</html>
