Product: MDK Plus 5.38
Component: ARM Compiler 5.04 update 1 (build 49)
Tool: armlink [5040049]

==============================================================================

Section Cross References

    main.o(i.BootloaderMain) refers to at_command.o(i.AT_Command) for AT_Command
    main.o(i.main) refers to misc.o(i.NVIC_PriorityGroupConfig) for NVIC_PriorityGroupConfig
    main.o(i.main) refers to delay.o(i.delay_init) for delay_init
    main.o(i.main) refers to usart.o(i.uart_init) for uart_init
    main.o(i.main) refers to led.o(i.LED_Init) for LED_Init
    main.o(i.main) refers to key.o(i.KEY_Init) for KEY_Init
    main.o(i.main) refers to w25qxx.o(i.W25QXX_Init) for W25QXX_Init
    main.o(i.main) refers to malloc.o(i.my_mem_init) for my_mem_init
    main.o(i.main) refers to stm32f4xx_gpio.o(i.GPIO_ReadInputDataBit) for GPIO_ReadInputDataBit
    main.o(i.main) refers to update.o(i.CheckBootFlag) for CheckBootFlag
    main.o(i.main) refers to noretval__2printf.o(.text) for __2printf
    main.o(i.main) refers to at_command.o(i.AT_Command) for AT_Command
    main.o(i.main) refers to update.o(i.IsUserProgramValid) for IsUserProgramValid
    main.o(i.main) refers to update.o(i.JumpToUserApplication) for JumpToUserApplication
    system_stm32f4xx.o(i.SystemCoreClockUpdate) refers to system_stm32f4xx.o(.data) for .data
    system_stm32f4xx.o(i.SystemInit) refers to system_stm32f4xx.o(i.SetSysClock) for SetSysClock
    led.o(i.LED_Init) refers to stm32f4xx_rcc.o(i.RCC_AHB1PeriphClockCmd) for RCC_AHB1PeriphClockCmd
    led.o(i.LED_Init) refers to stm32f4xx_gpio.o(i.GPIO_Init) for GPIO_Init
    led.o(i.LED_Init) refers to stm32f4xx_gpio.o(i.GPIO_SetBits) for GPIO_SetBits
    key.o(i.KEY_Init) refers to stm32f4xx_rcc.o(i.RCC_AHB1PeriphClockCmd) for RCC_AHB1PeriphClockCmd
    key.o(i.KEY_Init) refers to stm32f4xx_gpio.o(i.GPIO_Init) for GPIO_Init
    key.o(i.KEY_Scan) refers to stm32f4xx_gpio.o(i.GPIO_ReadInputDataBit) for GPIO_ReadInputDataBit
    key.o(i.KEY_Scan) refers to delay.o(i.delay_ms) for delay_ms
    key.o(i.KEY_Scan) refers to key.o(.data) for .data
    sram.o(i.FSMC_SRAM_Init) refers to stm32f4xx_rcc.o(i.RCC_AHB1PeriphClockCmd) for RCC_AHB1PeriphClockCmd
    sram.o(i.FSMC_SRAM_Init) refers to stm32f4xx_rcc.o(i.RCC_AHB3PeriphClockCmd) for RCC_AHB3PeriphClockCmd
    sram.o(i.FSMC_SRAM_Init) refers to stm32f4xx_gpio.o(i.GPIO_Init) for GPIO_Init
    sram.o(i.FSMC_SRAM_Init) refers to stm32f4xx_gpio.o(i.GPIO_PinAFConfig) for GPIO_PinAFConfig
    sram.o(i.FSMC_SRAM_Init) refers to stm32f4xx_fsmc.o(i.FSMC_NORSRAMInit) for FSMC_NORSRAMInit
    sram.o(i.FSMC_SRAM_Init) refers to stm32f4xx_fsmc.o(i.FSMC_NORSRAMCmd) for FSMC_NORSRAMCmd
    sram.o(i.fsmc_sram_test_read) refers to sram.o(i.FSMC_SRAM_ReadBuffer) for FSMC_SRAM_ReadBuffer
    sram.o(i.fsmc_sram_test_write) refers to sram.o(i.FSMC_SRAM_WriteBuffer) for FSMC_SRAM_WriteBuffer
    spi.o(i.SPI1_Init) refers to stm32f4xx_rcc.o(i.RCC_AHB1PeriphClockCmd) for RCC_AHB1PeriphClockCmd
    spi.o(i.SPI1_Init) refers to stm32f4xx_rcc.o(i.RCC_APB2PeriphClockCmd) for RCC_APB2PeriphClockCmd
    spi.o(i.SPI1_Init) refers to stm32f4xx_gpio.o(i.GPIO_Init) for GPIO_Init
    spi.o(i.SPI1_Init) refers to stm32f4xx_gpio.o(i.GPIO_PinAFConfig) for GPIO_PinAFConfig
    spi.o(i.SPI1_Init) refers to stm32f4xx_rcc.o(i.RCC_APB2PeriphResetCmd) for RCC_APB2PeriphResetCmd
    spi.o(i.SPI1_Init) refers to stm32f4xx_spi.o(i.SPI_Init) for SPI_Init
    spi.o(i.SPI1_Init) refers to stm32f4xx_spi.o(i.SPI_Cmd) for SPI_Cmd
    spi.o(i.SPI1_Init) refers to spi.o(i.SPI1_ReadWriteByte) for SPI1_ReadWriteByte
    spi.o(i.SPI1_ReadWriteByte) refers to stm32f4xx_spi.o(i.SPI_I2S_GetFlagStatus) for SPI_I2S_GetFlagStatus
    spi.o(i.SPI1_ReadWriteByte) refers to stm32f4xx_spi.o(i.SPI_I2S_SendData) for SPI_I2S_SendData
    spi.o(i.SPI1_ReadWriteByte) refers to stm32f4xx_spi.o(i.SPI_I2S_ReceiveData) for SPI_I2S_ReceiveData
    spi.o(i.SPI1_SetSpeed) refers to stm32f4xx_spi.o(i.SPI_Cmd) for SPI_Cmd
    spi.o(i.SPI2_Init) refers to stm32f4xx_rcc.o(i.RCC_AHB1PeriphClockCmd) for RCC_AHB1PeriphClockCmd
    spi.o(i.SPI2_Init) refers to stm32f4xx_rcc.o(i.RCC_APB1PeriphClockCmd) for RCC_APB1PeriphClockCmd
    spi.o(i.SPI2_Init) refers to stm32f4xx_gpio.o(i.GPIO_Init) for GPIO_Init
    spi.o(i.SPI2_Init) refers to stm32f4xx_gpio.o(i.GPIO_PinAFConfig) for GPIO_PinAFConfig
    spi.o(i.SPI2_Init) refers to stm32f4xx_rcc.o(i.RCC_APB1PeriphResetCmd) for RCC_APB1PeriphResetCmd
    spi.o(i.SPI2_Init) refers to stm32f4xx_spi.o(i.SPI_Init) for SPI_Init
    spi.o(i.SPI2_Init) refers to stm32f4xx_spi.o(i.SPI_Cmd) for SPI_Cmd
    spi.o(i.SPI2_Init) refers to spi.o(.data) for .data
    spi.o(i.SPI2_Init) refers to spi.o(.bss) for .bss
    w25qxx.o(i.W25QXX_Erase_Chip) refers to w25qxx.o(i.W25QXX_Write_Enable) for W25QXX_Write_Enable
    w25qxx.o(i.W25QXX_Erase_Chip) refers to w25qxx.o(i.W25QXX_Wait_Busy) for W25QXX_Wait_Busy
    w25qxx.o(i.W25QXX_Erase_Chip) refers to spi.o(i.SPI1_ReadWriteByte) for SPI1_ReadWriteByte
[...]
    ../clib/printf.c                         0x00000000   Number         0  _printf_hex_int_ll.o ABSOLUTE
    ../clib/printf.c                         0x00000000   Number         0  noretval__2printf.o ABSOLUTE
    ../clib/printf.c                         0x00000000   Number         0  __printf_nopercent.o ABSOLUTE
    ../clib/printf.c                         0x00000000   Number         0  _printf_char_common.o ABSOLUTE
    ../clib/printf_percent.s                 0x00000000   Number         0  _printf_u.o ABSOLUTE
    ../clib/printf_percent.s                 0x00000000   Number         0  _printf_percent.o ABSOLUTE
    ../clib/printf_percent.s                 0x00000000   Number         0  _printf_percent_end.o ABSOLUTE
    ../clib/printf_percent.s                 0x00000000   Number         0  _printf_x.o ABSOLUTE
    ../clib/printf_percent.s                 0x00000000   Number         0  _printf_d.o ABSOLUTE
    ../clib/printf_percent.s                 0x00000000   Number         0  _printf_s.o ABSOLUTE
    ../clib/scanf.c                          0x00000000   Number         0  __0sscanf.o ABSOLUTE
    ../clib/scanf.c                          0x00000000   Number         0  _scanf_int.o ABSOLUTE
    ../clib/scanf.c                          0x00000000   Number         0  scanf_char.o ABSOLUTE
    ../clib/scanf.c                          0x00000000   Number         0  _sgetc.o ABSOLUTE
    ../clib/scanf.c                          0x00000000   Number         0  _scanf.o ABSOLUTE
    ../clib/scanf.c                          0x00000000   Number         0  _chval.o ABSOLUTE
    ../clib/signal.c                         0x00000000   Number         0  defsig_cppl_inner.o ABSOLUTE
    ../clib/signal.c                         0x00000000   Number         0  defsig_pvfn_inner.o ABSOLUTE
    ../clib/signal.c                         0x00000000   Number         0  defsig_stak_inner.o ABSOLUTE
    ../clib/signal.c                         0x00000000   Number         0  defsig_rtred_inner.o ABSOLUTE
    ../clib/signal.c                         0x00000000   Number         0  defsig_fpe_inner.o ABSOLUTE
    ../clib/signal.c                         0x00000000   Number         0  defsig_abrt_inner.o ABSOLUTE
    ../clib/signal.c                         0x00000000   Number         0  defsig_general.o ABSOLUTE
    ../clib/signal.c                         0x00000000   Number         0  __raise.o ABSOLUTE
    ../clib/signal.c                         0x00000000   Number         0  defsig_rtmem_inner.o ABSOLUTE
    ../clib/signal.c                         0x00000000   Number         0  defsig_exit.o ABSOLUTE
    ../clib/signal.c                         0x00000000   Number         0  defsig_segv_inner.o ABSOLUTE
    ../clib/signal.c                         0x00000000   Number         0  defsig_other.o ABSOLUTE
    ../clib/signal.c                         0x00000000   Number         0  defsig_rtmem_formal.o ABSOLUTE
    ../clib/signal.c                         0x00000000   Number         0  defsig_rtmem_outer.o ABSOLUTE
    ../clib/signal.s                         0x00000000   Number         0  defsig.o ABSOLUTE
    ../clib/stdio.c                          0x00000000   Number         0  ferror_locked.o ABSOLUTE
    ../clib/stdio.c                          0x00000000   Number         0  ferror.o ABSOLUTE
    ../clib/stdlib.c                         0x00000000   Number         0  exit.o ABSOLUTE
    ../clib/string.c                         0x00000000   Number         0  strncmp.o ABSOLUTE
    ../fplib/fpinit.s                        0x00000000   Number         0  fpinit.o ABSOLUTE
    ..\CORE\startup_stm32f40_41xxx.s         0x00000000   Number         0  startup_stm32f40_41xxx.o ABSOLUTE
    ..\FWLIB\DSP_Lib\Source\CommonTables\arm_common_tables.c 0x00000000   Number         0  arm_common_tables.o ABSOLUTE
    ..\FWLIB\DSP_Lib\Source\CommonTables\arm_const_structs.c 0x00000000   Number         0  arm_const_structs.o ABSOLUTE
    ..\FWLIB\DSP_Lib\Source\FastMathFunctions\arm_cos_f32.c 0x00000000   Number         0  arm_cos_f32.o ABSOLUTE
    ..\FWLIB\DSP_Lib\Source\FastMathFunctions\arm_sin_f32.c 0x00000000   Number         0  arm_sin_f32.o ABSOLUTE
    ..\FWLIB\src\misc.c                      0x00000000   Number         0  misc.o ABSOLUTE
    ..\FWLIB\src\stm32f4xx_dma.c             0x00000000   Number         0  stm32f4xx_dma.o ABSOLUTE
    ..\FWLIB\src\stm32f4xx_exti.c            0x00000000   Number         0  stm32f4xx_exti.o ABSOLUTE
    ..\FWLIB\src\stm32f4xx_flash.c           0x00000000   Number         0  stm32f4xx_flash.o ABSOLUTE
    ..\FWLIB\src\stm32f4xx_fsmc.c            0x00000000   Number         0  stm32f4xx_fsmc.o ABSOLUTE
    ..\FWLIB\src\stm32f4xx_gpio.c            0x00000000   Number         0  stm32f4xx_gpio.o ABSOLUTE
    ..\FWLIB\src\stm32f4xx_pwr.c             0x00000000   Number         0  stm32f4xx_pwr.o ABSOLUTE
    ..\FWLIB\src\stm32f4xx_rcc.c             0x00000000   Number         0  stm32f4xx_rcc.o ABSOLUTE
    ..\FWLIB\src\stm32f4xx_rtc.c             0x00000000   Number         0  stm32f4xx_rtc.o ABSOLUTE
    ..\FWLIB\src\stm32f4xx_sdio.c            0x00000000   Number         0  stm32f4xx_sdio.o ABSOLUTE
    ..\FWLIB\src\stm32f4xx_spi.c             0x00000000   Number         0  stm32f4xx_spi.o ABSOLUTE
    ..\FWLIB\src\stm32f4xx_syscfg.c          0x00000000   Number         0  stm32f4xx_syscfg.o ABSOLUTE
    ..\FWLIB\src\stm32f4xx_tim.c             0x00000000   Number         0  stm32f4xx_tim.o ABSOLUTE
    ..\FWLIB\src\stm32f4xx_usart.c           0x00000000   Number         0  stm32f4xx_usart.o ABSOLUTE
    ..\HARDWARE\KEY\key.c                    0x00000000   Number         0  key.o ABSOLUTE
    ..\HARDWARE\LED\led.c                    0x00000000   Number         0  led.o ABSOLUTE
    ..\HARDWARE\SPI\spi.c                    0x00000000   Number         0  spi.o ABSOLUTE
    ..\HARDWARE\SRAM\sram.c                  0x00000000   Number         0  sram.o ABSOLUTE
    ..\HARDWARE\W25QXX\w25qxx.c              0x00000000   Number         0  w25qxx.o ABSOLUTE
    ..\MALLOC\malloc.c                       0x00000000   Number         0  malloc.o ABSOLUTE
    ..\SYSTEM\at_command\at_command.c        0x00000000   Number         0  at_command.o ABSOLUTE
    ..\SYSTEM\delay\delay.c                  0x00000000   Number         0  delay.o ABSOLUTE
    ..\SYSTEM\sys\sys.c                      0x00000000   Number         0  sys.o ABSOLUTE
    ..\SYSTEM\update\update.c                0x00000000   Number         0  update.o ABSOLUTE
    ..\SYSTEM\usart\usart.c                  0x00000000   Number         0  usart.o ABSOLUTE
    ..\\FWLIB\\DSP_Lib\\Source\\CommonTables\\arm_common_tables.c 0x00000000   Number         0  arm_common_tables.o ABSOLUTE
    ..\\FWLIB\\DSP_Lib\\Source\\CommonTables\\arm_const_structs.c 0x00000000   Number         0  arm_const_structs.o ABSOLUTE
    ..\\FWLIB\\DSP_Lib\\Source\\FastMathFunctions\\arm_cos_f32.c 0x00000000   Number         0  arm_cos_f32.o ABSOLUTE
    ..\\FWLIB\\DSP_Lib\\Source\\FastMathFunctions\\arm_sin_f32.c 0x00000000   Number         0  arm_sin_f32.o ABSOLUTE
    ..\\FWLIB\\src\\misc.c                   0x00000000   Number         0  misc.o ABSOLUTE
    ..\\FWLIB\\src\\stm32f4xx_dma.c          0x00000000   Number         0  stm32f4xx_dma.o ABSOLUTE
    ..\\FWLIB\\src\\stm32f4xx_exti.c         0x00000000   Number         0  stm32f4xx_exti.o ABSOLUTE
    ..\\FWLIB\\src\\stm32f4xx_flash.c        0x00000000   Number         0  stm32f4xx_flash.o ABSOLUTE
    ..\\FWLIB\\src\\stm32f4xx_fsmc.c         0x00000000   Number         0  stm32f4xx_fsmc.o ABSOLUTE
    ..\\FWLIB\\src\\stm32f4xx_gpio.c         0x00000000   Number         0  stm32f4xx_gpio.o ABSOLUTE
    ..\\FWLIB\\src\\stm32f4xx_pwr.c          0x00000000   Number         0  stm32f4xx_pwr.o ABSOLUTE
    ..\\FWLIB\\src\\stm32f4xx_rcc.c          0x00000000   Number         0  stm32f4xx_rcc.o ABSOLUTE
    ..\\FWLIB\\src\\stm32f4xx_rtc.c          0x00000000   Number         0  stm32f4xx_rtc.o ABSOLUTE
    ..\\FWLIB\\src\\stm32f4xx_sdio.c         0x00000000   Number         0  stm32f4xx_sdio.o ABSOLUTE
    ..\\FWLIB\\src\\stm32f4xx_spi.c          0x00000000   Number         0  stm32f4xx_spi.o ABSOLUTE
    ..\\FWLIB\\src\\stm32f4xx_syscfg.c       0x00000000   Number         0  stm32f4xx_syscfg.o ABSOLUTE
    ..\\FWLIB\\src\\stm32f4xx_tim.c          0x00000000   Number         0  stm32f4xx_tim.o ABSOLUTE
    ..\\FWLIB\\src\\stm32f4xx_usart.c        0x00000000   Number         0  stm32f4xx_usart.o ABSOLUTE
    ..\\HARDWARE\\KEY\\key.c                 0x00000000   Number         0  key.o ABSOLUTE
    ..\\HARDWARE\\LED\\led.c                 0x00000000   Number         0  led.o ABSOLUTE
    ..\\HARDWARE\\SPI\\spi.c                 0x00000000   Number         0  spi.o ABSOLUTE
    ..\\HARDWARE\\SRAM\\sram.c               0x00000000   Number         0  sram.o ABSOLUTE
    ..\\HARDWARE\\W25QXX\\w25qxx.c           0x00000000   Number         0  w25qxx.o ABSOLUTE
    ..\\MALLOC\\malloc.c                     0x00000000   Number         0  malloc.o ABSOLUTE
    ..\\SYSTEM\\at_command\\at_command.c     0x00000000   Number         0  at_command.o ABSOLUTE
    ..\\SYSTEM\\delay\\delay.c               0x00000000   Number         0  delay.o ABSOLUTE
    ..\\SYSTEM\\sys\\sys.c                   0x00000000   Number         0  sys.o ABSOLUTE
    ..\\SYSTEM\\update\\update.c             0x00000000   Number         0  update.o ABSOLUTE
    ..\\SYSTEM\\usart\\usart.c               0x00000000   Number         0  usart.o ABSOLUTE
    dc.s                                     0x00000000   Number         0  dc.o ABSOLUTE
    main.c                                   0x00000000   Number         0  main.o ABSOLUTE
    main.c                                   0x00000000   Number         0  main.o ABSOLUTE
    stm32f4xx_it.c                           0x00000000   Number         0  stm32f4xx_it.o ABSOLUTE
    stm32f4xx_it.c                           0x00000000   Number         0  stm32f4xx_it.o ABSOLUTE
    system_stm32f4xx.c                       0x00000000   Number         0  system_stm32f4xx.o ABSOLUTE
    system_stm32f4xx.c                       0x00000000   Number         0  system_stm32f4xx.o ABSOLUTE
    RESET                                    0x08000000   Section      392  startup_stm32f40_41xxx.o(RESET)
    !!!main                                  0x08000188   Section        8  __main.o(!!!main)
    !!!scatter                               0x08000190   Section       52  __scatter.o(!!!scatter)
    !!handler_copy                           0x080001c4   Section       26  __scatter_copy.o(!!handler_copy)
    !!handler_zi                             0x080001e0   Section       28  __scatter_zi.o(!!handler_zi)
    .ARM.Collect$$_printf_percent$$00000000  0x080001fc   Section        0  _printf_percent.o(.ARM.Collect$$_printf_percent$$00000000)
    .ARM.Collect$$_printf_percent$$00000009  0x080001fc   Section        6  _printf_d.o(.ARM.Collect$$_printf_percent$$00000009)
    .ARM.Collect$$_printf_percent$$0000000A  0x08000202   Section        6  _printf_u.o(.ARM.Collect$$_printf_percent$$0000000A)
    .ARM.Collect$$_printf_percent$$0000000C  0x08000208   Section        6  _printf_x.o(.ARM.Collect$$_printf_percent$$0000000C)
    .ARM.Collect$$_printf_percent$$00000014  0x0800020e   Section        6  _printf_s.o(.ARM.Collect$$_printf_percent$$00000014)
    .ARM.Collect$$_printf_percent$$00000017  0x08000214   Section        4  _printf_percent_end.o(.ARM.Collect$$_printf_percent$$00000017)
    .ARM.Collect$$libinit$$00000000          0x08000218   Section        2  libinit.o(.ARM.Collect$$libinit$$00000000)
    .ARM.Collect$$libinit$$00000001          0x0800021a   Section        4  libinit2.o(.ARM.Collect$$libinit$$00000001)
    .ARM.Collect$$libinit$$00000008          0x0800021e   Section        0  libinit2.o(.ARM.Collect$$libinit$$00000008)
    .ARM.Collect$$libinit$$0000000A          0x0800021e   Section        0  libinit2.o(.ARM.Collect$$libinit$$0000000A)
    .ARM.Collect$$libinit$$0000000C          0x0800021e   Section        0  libinit2.o(.ARM.Collect$$libinit$$0000000C)
    .ARM.Collect$$libinit$$0000000D          0x0800021e   Section        6  libinit2.o(.ARM.Collect$$libinit$$0000000D)
    .ARM.Collect$$libinit$$0000000F          0x08000224   Section        0  libinit2.o(.ARM.Collect$$libinit$$0000000F)
    .ARM.Collect$$libinit$$00000010          0x08000224   Section       12  libinit2.o(.ARM.Collect$$libinit$$00000010)
    .ARM.Collect$$libinit$$00000011          0x08000230   Section        0  libinit2.o(.ARM.Collect$$libinit$$00000011)
    .ARM.Collect$$libinit$$00000013          0x08000230   Section        0  libinit2.o(.ARM.Collect$$libinit$$00000013)
    .ARM.Collect$$libinit$$00000015          0x08000230   Section        0  libinit2.o(.ARM.Collect$$libinit$$00000015)
    .ARM.Collect$$libinit$$00000017          0x08000230   Section        0  libinit2.o(.ARM.Collect$$libinit$$00000017)
    .ARM.Collect$$libinit$$00000019          0x08000230   Section        0  libinit2.o(.ARM.Collect$$libinit$$00000019)
    .ARM.Collect$$libinit$$0000001B          0x08000230   Section        0  libinit2.o(.ARM.Collect$$libinit$$0000001B)
    .ARM.Collect$$libinit$$0000001D          0x08000230   Section        0  libinit2.o(.ARM.Collect$$libinit$$0000001D)
    .ARM.Collect$$libinit$$0000001F          0x08000230   Section        0  libinit2.o(.ARM.Collect$$libinit$$0000001F)
    .ARM.Collect$$libinit$$00000021          0x08000230   Section        0  libinit2.o(.ARM.Collect$$libinit$$00000021)
    .ARM.Collect$$libinit$$00000023          0x08000230   Section        0  libinit2.o(.ARM.Collect$$libinit$$00000023)
    .ARM.Collect$$libinit$$0000002A          0x08000230   Section        0  libinit2.o(.ARM.Collect$$libinit$$0000002A)
    .ARM.Collect$$libinit$$0000002C          0x08000230   Section        0  libinit2.o(.ARM.Collect$$libinit$$0000002C)
    .ARM.Collect$$libinit$$0000002E          0x08000230   Section        0  libinit2.o(.ARM.Collect$$libinit$$0000002E)
    .ARM.Collect$$libinit$$00000030          0x08000230   Section        0  libinit2.o(.ARM.Collect$$libinit$$00000030)
    .ARM.Collect$$libinit$$00000031          0x08000230   Section        2  libinit2.o(.ARM.Collect$$libinit$$00000031)
    .ARM.Collect$$libshutdown$$00000000      0x08000232   Section        2  libshutdown.o(.ARM.Collect$$libshutdown$$00000000)
    .ARM.Collect$$libshutdown$$00000003      0x08000234   Section        0  libshutdown2.o(.ARM.Collect$$libshutdown$$00000003)
    .ARM.Collect$$libshutdown$$00000006      0x08000234   Section        0  libshutdown2.o(.ARM.Collect$$libshutdown$$00000006)
    .ARM.Collect$$libshutdown$$00000009      0x08000234   Section        0  libshutdown2.o(.ARM.Collect$$libshutdown$$00000009)
    .ARM.Collect$$libshutdown$$0000000B      0x08000234   Section        0  libshutdown2.o(.ARM.Collect$$libshutdown$$0000000B)
    .ARM.Collect$$libshutdown$$0000000E      0x08000234   Section        0  libshutdown2.o(.ARM.Collect$$libshutdown$$0000000E)
    .ARM.Collect$$libshutdown$$0000000F      0x08000234   Section        2  libshutdown2.o(.ARM.Collect$$libshutdown$$0000000F)
    .ARM.Collect$$rtentry$$00000000          0x08000236   Section        0  rtentry.o(.ARM.Collect$$rtentry$$00000000)
    .ARM.Collect$$rtentry$$00000002          0x08000236   Section        0  rtentry2.o(.ARM.Collect$$rtentry$$00000002)
    .ARM.Collect$$rtentry$$00000004          0x08000236   Section        6  rtentry4.o(.ARM.Collect$$rtentry$$00000004)
    .ARM.Collect$$rtentry$$00000009          0x0800023c   Section        0  rtentry2.o(.ARM.Collect$$rtentry$$00000009)
    .ARM.Collect$$rtentry$$0000000A          0x0800023c   Section        4  rtentry2.o(.ARM.Collect$$rtentry$$0000000A)
    .ARM.Collect$$rtentry$$0000000C          0x08000240   Section        0  rtentry2.o(.ARM.Collect$$rtentry$$0000000C)
    .ARM.Collect$$rtentry$$0000000D          0x08000240   Section        8  rtentry2.o(.ARM.Collect$$rtentry$$0000000D)
    .ARM.Collect$$rtexit$$00000000           0x08000248   Section        2  rtexit.o(.ARM.Collect$$rtexit$$00000000)
    .ARM.Collect$$rtexit$$00000002           0x0800024a   Section        0  rtexit2.o(.ARM.Collect$$rtexit$$00000002)
    .ARM.Collect$$rtexit$$00000003           0x0800024a   Section        4  rtexit2.o(.ARM.Collect$$rtexit$$00000003)
    .ARM.Collect$$rtexit$$00000004           0x0800024e   Section        6  rtexit2.o(.ARM.Collect$$rtexit$$00000004)
    .text                                    0x08000254   Section       64  startup_stm32f40_41xxx.o(.text)
    $v0                                      0x08000254   Number         0  startup_stm32f40_41xxx.o(.text)
    .text                                    0x08000294   Section        2  use_no_semi_2.o(.text)
    .text                                    0x08000298   Section        0  noretval__2printf.o(.text)
    .text                                    0x080002b0   Section        0  _printf_str.o(.text)
    .text                                    0x08000304   Section        0  _printf_dec.o(.text)
    .text                                    0x08000378   Section        0  _printf_hex_int.o(.text)
    .text                                    0x080003d0   Section        0  __printf_ss.o(.text)
    .text                                    0x08000488   Section        0  __0sscanf.o(.text)
    .text                                    0x080004c4   Section        0  _scanf_int.o(.text)
    .text                                    0x08000610   Section        0  strncmp.o(.text)
    .text                                    0x080006a6   Section       68  rt_memclr.o(.text)
    .text                                    0x080006ea   Section        0  heapauxi.o(.text)
    .text                                    0x080006f0   Section        2  use_no_semi.o(.text)
    .text                                    0x080006f2   Section        0  _printf_intcommon.o(.text)
    .text                                    0x080007a4   Section        0  _printf_char.o(.text)
    .text                                    0x080007d0   Section        0  _printf_char_file.o(.text)
    .text                                    0x080007f4   Section        0  _chval.o(.text)
    .text                                    0x08000810   Section        0  scanf_char.o(.text)
    _scanf_char_input                        0x08000811   Thumb Code    12  scanf_char.o(.text)
    .text                                    0x0800083c   Section        0  _sgetc.o(.text)
    .text                                    0x0800087c   Section       78  rt_memclr_w.o(.text)
    .text                                    0x080008ca   Section        0  isspace.o(.text)
    .text                                    0x080008dc   Section        0  _printf_char_common.o(.text)
    _printf_input_char                       0x080008dd   Thumb Code    10  _printf_char_common.o(.text)
    .text                                    0x0800090c   Section        0  _scanf.o(.text)
    .text                                    0x08000c78   Section        0  ferror.o(.text)
    .text                                    0x08000c80   Section       74  sys_stackheap_outer.o(.text)
    .text                                    0x08000ccc   Section       16  rt_ctype_table.o(.text)
    .text                                    0x08000cdc   Section        0  exit.o(.text)
    .text                                    0x08000ce8   Section        8  libspace.o(.text)
    .text                                    0x08000cf0   Section        8  rt_locale_intlibspace.o(.text)
    .text                                    0x08000cf8   Section      128  strcmpv7m.o(.text)
    i.AT_Command                             0x08000d78   Section        0  at_command.o(i.AT_Command)
    i.BusFault_Handler                       0x08000e98   Section        0  stm32f4xx_it.o(i.BusFault_Handler)
    i.CheckBootFlag                          0x08000e9c   Section        0  update.o(i.CheckBootFlag)
    i.DMA2_Stream5_IRQHandler                0x08000ebc   Section        0  usart.o(i.DMA2_Stream5_IRQHandler)
    i.DMA2_Stream7_IRQHandler                0x08000f00   Section        0  usart.o(i.DMA2_Stream7_IRQHandler)
    i.DMA_ClearITPendingBit                  0x08000f34   Section        0  stm32f4xx_dma.o(i.DMA_ClearITPendingBit)
    i.DMA_Cmd                                0x08000f60   Section        0  stm32f4xx_dma.o(i.DMA_Cmd)
    i.DMA_DeInit                             0x08000f74   Section        0  stm32f4xx_dma.o(i.DMA_DeInit)
    i.DMA_GetCurrDataCounter                 0x08001098   Section        0  stm32f4xx_dma.o(i.DMA_GetCurrDataCounter)
    i.DMA_GetITStatus                        0x080010a0   Section        0  stm32f4xx_dma.o(i.DMA_GetITStatus)
    i.DMA_ITConfig                           0x080010f4   Section        0  stm32f4xx_dma.o(i.DMA_ITConfig)
    i.DMA_Init                               0x08001120   Section        0  stm32f4xx_dma.o(i.DMA_Init)
    i.DMA_SetCurrDataCounter                 0x08001174   Section        0  stm32f4xx_dma.o(i.DMA_SetCurrDataCounter)
    i.DebugMon_Handler                       0x08001178   Section        0  stm32f4xx_it.o(i.DebugMon_Handler)
    i.FLASH_EraseSector                      0x0800117c   Section        0  stm32f4xx_flash.o(i.FLASH_EraseSector)
    i.FLASH_GetStatus                        0x080011e8   Section        0  stm32f4xx_flash.o(i.FLASH_GetStatus)
    i.FLASH_Lock                             0x08001224   Section        0  stm32f4xx_flash.o(i.FLASH_Lock)
    i.FLASH_ProgramWord                      0x08001234   Section        0  stm32f4xx_flash.o(i.FLASH_ProgramWord)
    i.FLASH_Unlock                           0x08001270   Section        0  stm32f4xx_flash.o(i.FLASH_Unlock)
    i.FLASH_WaitForLastOperation             0x08001294   Section        0  stm32f4xx_flash.o(i.FLASH_WaitForLastOperation)
    i.GPIO_Init                              0x080012b2   Section        0  stm32f4xx_gpio.o(i.GPIO_Init)
    i.GPIO_PinAFConfig                       0x0800132a   Section        0  stm32f4xx_gpio.o(i.GPIO_PinAFConfig)
    i.GPIO_ReadInputDataBit                  0x0800134a   Section        0  stm32f4xx_gpio.o(i.GPIO_ReadInputDataBit)
    i.GPIO_SetBits                           0x08001358   Section        0  stm32f4xx_gpio.o(i.GPIO_SetBits)
    i.HardFault_Handler                      0x0800135c   Section        0  stm32f4xx_it.o(i.HardFault_Handler)
    i.IsUserProgramValid                     0x08001360   Section        0  update.o(i.IsUserProgramValid)
    i.JumpToUserApplication                  0x08001388   Section        0  update.o(i.JumpToUserApplication)
    i.KEY_Init                               0x08001410   Section        0  key.o(i.KEY_Init)
    i.LED_Init                               0x08001454   Section        0  led.o(i.LED_Init)
    i.MemManage_Handler                      0x08001494   Section        0  stm32f4xx_it.o(i.MemManage_Handler)
    i.NMI_Handler                            0x08001496   Section        0  stm32f4xx_it.o(i.NMI_Handler)
    i.NVIC_Init                              0x08001498   Section        0  misc.o(i.NVIC_Init)
    i.NVIC_PriorityGroupConfig               0x080014fc   Section        0  misc.o(i.NVIC_PriorityGroupConfig)
    i.RCC_AHB1PeriphClockCmd                 0x08001510   Section        0  stm32f4xx_rcc.o(i.RCC_AHB1PeriphClockCmd)
    i.RCC_APB2PeriphClockCmd                 0x08001528   Section        0  stm32f4xx_rcc.o(i.RCC_APB2PeriphClockCmd)
    i.RCC_APB2PeriphResetCmd                 0x08001540   Section        0  stm32f4xx_rcc.o(i.RCC_APB2PeriphResetCmd)
    i.RCC_GetClocksFreq                      0x08001558   Section        0  stm32f4xx_rcc.o(i.RCC_GetClocksFreq)
    i.SPI1_Init                              0x080015e8   Section        0  spi.o(i.SPI1_Init)
    i.SPI1_ReadWriteByte                     0x080016ac   Section        0  spi.o(i.SPI1_ReadWriteByte)
    i.SPI1_SetSpeed                          0x080016e0   Section        0  spi.o(i.SPI1_SetSpeed)
    i.SPI_Cmd                                0x080016fc   Section        0  stm32f4xx_spi.o(i.SPI_Cmd)
    i.SPI_I2S_GetFlagStatus                  0x08001710   Section        0  stm32f4xx_spi.o(i.SPI_I2S_GetFlagStatus)
    i.SPI_I2S_ReceiveData                    0x0800171e   Section        0  stm32f4xx_spi.o(i.SPI_I2S_ReceiveData)
    i.SPI_I2S_SendData                       0x08001722   Section        0  stm32f4xx_spi.o(i.SPI_I2S_SendData)
    i.SPI_Init                               0x08001726   Section        0  stm32f4xx_spi.o(i.SPI_Init)
    i.STM32_Flash_Erase                      0x08001760   Section        0  update.o(i.STM32_Flash_Erase)
    i.STM32_Flash_Write                      0x08001834   Section        0  update.o(i.STM32_Flash_Write)
    i.STM32_Update                           0x08001854   Section        0  update.o(i.STM32_Update)
    i.SetSysClock                            0x08001900   Section        0  system_stm32f4xx.o(i.SetSysClock)
    SetSysClock                              0x08001901   Thumb Code   162  system_stm32f4xx.o(i.SetSysClock)
    i.SysTick_CLKSourceConfig                0x080019b4   Section        0  misc.o(i.SysTick_CLKSourceConfig)
    i.SysTick_Handler                        0x080019cc   Section        0  delay.o(i.SysTick_Handler)
    i.SystemInit                             0x080019d0   Section        0  system_stm32f4xx.o(i.SystemInit)
    i.USART1_IRQHandler                      0x08001a2c   Section        0  usart.o(i.USART1_IRQHandler)
    i.USART_Cmd                              0x08001aac   Section        0  stm32f4xx_usart.o(i.USART_Cmd)
    i.USART_DMACmd                           0x08001ac0   Section        0  stm32f4xx_usart.o(i.USART_DMACmd)
    i.USART_GetITStatus                      0x08001ad0   Section        0  stm32f4xx_usart.o(i.USART_GetITStatus)
    i.USART_ITConfig                         0x08001b0e   Section        0  stm32f4xx_usart.o(i.USART_ITConfig)
    i.USART_Init                             0x08001b40   Section        0  stm32f4xx_usart.o(i.USART_Init)
    i.UsageFault_Handler                     0x08001bec   Section        0  stm32f4xx_it.o(i.UsageFault_Handler)
    i.W25QXX_Init                            0x08001bf0   Section        0  w25qxx.o(i.W25QXX_Init)
    i.W25QXX_ReadID                          0x08001c74   Section        0  w25qxx.o(i.W25QXX_ReadID)
    i._sys_exit                              0x08001cb8   Section        0  usart.o(i._sys_exit)
    i.delay_init                             0x08001cbc   Section        0  delay.o(i.delay_init)
    i.fputc                                  0x08001cf4   Section        0  usart.o(i.fputc)
    i.main                                   0x08001d08   Section        0  main.o(i.main)
    i.my_mem_init                            0x08001ebc   Section        0  malloc.o(i.my_mem_init)
    i.my_mem_perused                         0x08001ef8   Section        0  malloc.o(i.my_mem_perused)
    i.mymemset                               0x08001f30   Section        0  malloc.o(i.mymemset)
    i.parse_command                          0x08001f3c   Section        0  at_command.o(i.parse_command)
    i.uart_init                              0x08002074   Section        0  usart.o(i.uart_init)
    locale$$code                             0x0800220c   Section       44  lc_ctype_c.o(locale$$code)
    x$fpl$fpinit                             0x08002238   Section       10  fpinit.o(x$fpl$fpinit)
    $v0                                      0x08002238   Number         0  fpinit.o(x$fpl$fpinit)
    .constdata                               0x08002244   Section       36  malloc.o(.constdata)
    .constdata                               0x08002268   Section       40  _printf_hex_int.o(.constdata)
    uc_hextab                                0x08002268   Data          20  _printf_hex_int.o(.constdata)
    lc_hextab                                0x0800227c   Data          20  _printf_hex_int.o(.constdata)
    locale$$data                             0x080022b0   Section      272  lc_ctype_c.o(locale$$data)
    __lcctype_c_name                         0x080022b4   Data           2  lc_ctype_c.o(locale$$data)
    __lcctype_c_start                        0x080022bc   Data           0  lc_ctype_c.o(locale$$data)
    __lcctype_c_end                          0x080023c0   Data           0  lc_ctype_c.o(locale$$data)
    .ARM.__AT_0x10000000                     0x10000000   Section    61440  malloc.o(.ARM.__AT_0x10000000)
    .ARM.__AT_0x1000F000                     0x1000f000   Section     3840  malloc.o(.ARM.__AT_0x1000F000)
    .data                                    0x20000000   Section        2  w25qxx.o(.data)
    .data                                    0x20000002   Section        4  delay.o(.data)
    fac_us                                   0x20000002   Data           1  delay.o(.data)
    fac_ms                                   0x20000004   Data           2  delay.o(.data)
    .data                                    0x20000006   Section       10  usart.o(.data)
    .data                                    0x20000010   Section        4  usart.o(.data)
    .data                                    0x20000014   Section       12  at_command.o(.data)
    .data                                    0x20000020   Section       16  stm32f4xx_rcc.o(.data)
    APBAHBPrescTable                         0x20000020   Data          16  stm32f4xx_rcc.o(.data)
    .data                                    0x20000030   Section       36  malloc.o(.data)
    .bss                                     0x20000054   Section     4096  usart.o(.bss)
    .bss                                     0x20001060   Section    61440  malloc.o(.bss)
    .bss                                     0x20010060   Section     3840  malloc.o(.bss)
    .bss                                     0x20010f60   Section       96  libspace.o(.bss)
    HEAP                                     0x20010fc0   Section      512  startup_stm32f40_41xxx.o(HEAP)
    Heap_Mem                                 0x20010fc0   Data         512  startup_stm32f40_41xxx.o(HEAP)
    STACK                                    0x200111c0   Section     1024  startup_stm32f40_41xxx.o(STACK)
    Stack_Mem                                0x200111c0   Data        1024  startup_stm32f40_41xxx.o(STACK)
    __initial_sp                             0x200115c0   Data           0  startup_stm32f40_41xxx.o(STACK)
    .ARM.__AT_0x68000000                     0x68000000   Section    983040  malloc.o(.ARM.__AT_0x68000000)
    .ARM.__AT_0x680F0000                     0x680f0000   Section    61440  malloc.o(.ARM.__AT_0x680F0000)

    Global Symbols

    Symbol Name                              Value     Ov Type        Size  Object(Section)

    BuildAttributes$$THM_ISAv4$E$P$D$K$B$S$7EM$VFPi3$EXTD16$VFPS$VFMA$PE$A:L22UL41UL21$X:L11$S22US41US21$IEEE1$IW$USESV6$~STKCKD$USESV7$~SHL$OSPACE$ROPI$EBA8$UX$STANDARDLIB$REQ8$PRES8$EABIv2 0x00000000   Number         0  anon$$obj.o ABSOLUTE
    __ARM_use_no_argv                        0x00000000   Number         0  main.o ABSOLUTE
    _printf_flags                            0x00000000   Number         0  printf_stubs.o ABSOLUTE
    _printf_return_value                     0x00000000   Number         0  printf_stubs.o ABSOLUTE
    _printf_sizespec                         0x00000000   Number         0  printf_stubs.o ABSOLUTE
    _printf_widthprec                        0x00000000   Number         0  printf_stubs.o ABSOLUTE
    __ARM_exceptions_init                     - Undefined Weak Reference
    __alloca_initialize                       - Undefined Weak Reference
    __cpp_initialize__aeabi_                  - Undefined Weak Reference
    __cxa_finalize                            - Undefined Weak Reference
    __sigvec_lookup                           - Undefined Weak Reference
    _atexit_init                              - Undefined Weak Reference
    _call_atexit_fns                          - Undefined Weak Reference
    _clock_init                               - Undefined Weak Reference
    _fp_trap_init                             - Undefined Weak Reference
    _fp_trap_shutdown                         - Undefined Weak Reference
    _get_lc_collate                           - Undefined Weak Reference
    _get_lc_monetary                          - Undefined Weak Reference
    _get_lc_numeric                           - Undefined Weak Reference
    _get_lc_time                              - Undefined Weak Reference
    _getenv_init                              - Undefined Weak Reference
    _handle_redirection                       - Undefined Weak Reference
    _init_alloc                               - Undefined Weak Reference
    _init_user_alloc                          - Undefined Weak Reference
    _initio                                   - Undefined Weak Reference
    _mutex_acquire                            - Undefined Weak Reference
    _mutex_release                            - Undefined Weak Reference
    _printf_mbtowc                            - Undefined Weak Reference
    _printf_post_padding                      - Undefined Weak Reference
    _printf_pre_padding                       - Undefined Weak Reference
    _printf_truncate_signed                   - Undefined Weak Reference
    _printf_truncate_unsigned                 - Undefined Weak Reference
    _rand_init                                - Undefined Weak Reference
    _scanf_longlong                           - Undefined Weak Reference
    _scanf_mbtowc                             - Undefined Weak Reference
    _scanf_real                               - Undefined Weak Reference
    _scanf_string                             - Undefined Weak Reference
    _scanf_wctomb                             - Undefined Weak Reference
    _scanf_wstring                            - Undefined Weak Reference
    _signal_finish                            - Undefined Weak Reference
    _signal_init                              - Undefined Weak Reference
    _terminate_alloc                          - Undefined Weak Reference
    _terminate_user_alloc                     - Undefined Weak Reference
    _terminateio                              - Undefined Weak Reference
    __Vectors_Size                           0x00000188   Number         0  startup_stm32f40_41xxx.o ABSOLUTE
    __Vectors                                0x08000000   Data           4  startup_stm32f40_41xxx.o(RESET)
    __Vectors_End                            0x08000188   Data           0  startup_stm32f40_41xxx.o(RESET)
    __main                                   0x08000189   Thumb Code     8  __main.o(!!!main)
    __scatterload                            0x08000191   Thumb Code     0  __scatter.o(!!!scatter)
    __scatterload_rt2                        0x08000191   Thumb Code    44  __scatter.o(!!!scatter)
    __scatterload_rt2_thumb_only             0x08000191   Thumb Code     0  __scatter.o(!!!scatter)
    __scatterload_null                       0x0800019f   Thumb Code     0  __scatter.o(!!!scatter)
    __scatterload_copy                       0x080001c5   Thumb Code    26  __scatter_copy.o(!!handler_copy)
    __scatterload_zeroinit                   0x080001e1   Thumb Code    28  __scatter_zi.o(!!handler_zi)
    _printf_d                                0x080001fd   Thumb Code     0  _printf_d.o(.ARM.Collect$$_printf_percent$$00000009)
    _printf_percent                          0x080001fd   Thumb Code     0  _printf_percent.o(.ARM.Collect$$_printf_percent$$00000000)
    _printf_u                                0x08000203   Thumb Code     0  _printf_u.o(.ARM.Collect$$_printf_percent$$0000000A)
    _printf_x                                0x08000209   Thumb Code     0  _printf_x.o(.ARM.Collect$$_printf_percent$$0000000C)
    _printf_s                                0x0800020f   Thumb Code     0  _printf_s.o(.ARM.Collect$$_printf_percent$$00000014)
    _printf_percent_end                      0x08000215   Thumb Code     0  _printf_percent_end.o(.ARM.Collect$$_printf_percent$$00000017)
    __rt_lib_init                            0x08000219   Thumb Code     0  libinit.o(.ARM.Collect$$libinit$$00000000)
    __rt_lib_init_fp_1                       0x0800021b   Thumb Code     0  libinit2.o(.ARM.Collect$$libinit$$00000001)
    __rt_lib_init_heap_1                     0x0800021f   Thumb Code     0  libinit2.o(.ARM.Collect$$libinit$$00000008)
    __rt_lib_init_lc_common                  0x0800021f   Thumb Code     0  libinit2.o(.ARM.Collect$$libinit$$0000000D)
    __rt_lib_init_rand_1                     0x0800021f   Thumb Code     0  libinit2.o(.ARM.Collect$$libinit$$0000000C)
    __rt_lib_init_user_alloc_1               0x0800021f   Thumb Code     0  libinit2.o(.ARM.Collect$$libinit$$0000000A)
    __rt_lib_init_lc_collate_1               0x08000225   Thumb Code     0  libinit2.o(.ARM.Collect$$libinit$$0000000F)
    __rt_lib_init_lc_ctype_2                 0x08000225   Thumb Code     0  libinit2.o(.ARM.Collect$$libinit$$00000010)
    __rt_lib_init_alloca_1                   0x08000231   Thumb Code     0  libinit2.o(.ARM.Collect$$libinit$$0000002C)
    __rt_lib_init_argv_1                     0x08000231   Thumb Code     0  libinit2.o(.ARM.Collect$$libinit$$0000002A)
    __rt_lib_init_atexit_1                   0x08000231   Thumb Code     0  libinit2.o(.ARM.Collect$$libinit$$00000019)
    __rt_lib_init_clock_1                    0x08000231   Thumb Code     0  libinit2.o(.ARM.Collect$$libinit$$0000001F)
    __rt_lib_init_cpp_1                      0x08000231   Thumb Code     0  libinit2.o(.ARM.Collect$$libinit$$00000030)
    __rt_lib_init_exceptions_1               0x08000231   Thumb Code     0  libinit2.o(.ARM.Collect$$libinit$$0000002E)
    __rt_lib_init_fp_trap_1                  0x08000231   Thumb Code     0  libinit2.o(.ARM.Collect$$libinit$$0000001D)
    __rt_lib_init_getenv_1                   0x08000231   Thumb Code     0  libinit2.o(.ARM.Collect$$libinit$$00000021)
    __rt_lib_init_lc_ctype_1                 0x08000231   Thumb Code     0  libinit2.o(.ARM.Collect$$libinit$$00000011)
    __rt_lib_init_lc_monetary_1              0x08000231   Thumb Code     0  libinit2.o(.ARM.Collect$$libinit$$00000013)
    __rt_lib_init_lc_numeric_1               0x08000231   Thumb Code     0  libinit2.o(.ARM.Collect$$libinit$$00000015)
    __rt_lib_init_lc_time_1                  0x08000231   Thumb Code     0  libinit2.o(.ARM.Collect$$libinit$$00000017)
    __rt_lib_init_return                     0x08000231   Thumb Code     0  libinit2.o(.ARM.Collect$$libinit$$00000031)
    __rt_lib_init_signal_1                   0x08000231   Thumb Code     0  libinit2.o(.ARM.Collect$$libinit$$0000001B)
    __rt_lib_init_stdio_1                    0x08000231   Thumb Code     0  libinit2.o(.ARM.Collect$$libinit$$00000023)
    __rt_lib_shutdown                        0x08000233   Thumb Code     0  libshutdown.o(.ARM.Collect$$libshutdown$$00000000)
    __rt_lib_shutdown_fp_trap_1              0x08000235   Thumb Code     0  libshutdown2.o(.ARM.Collect$$libshutdown$$00000006)
    __rt_lib_shutdown_heap_1                 0x08000235   Thumb Code     0  libshutdown2.o(.ARM.Collect$$libshutdown$$0000000E)
    __rt_lib_shutdown_return                 0x08000235   Thumb Code     0  libshutdown2.o(.ARM.Collect$$libshutdown$$0000000F)
    __rt_lib_shutdown_signal_1               0x08000235   Thumb Code     0  libshutdown2.o(.ARM.Collect$$libshutdown$$00000009)
    __rt_lib_shutdown_stdio_1                0x08000235   Thumb Code     0  libshutdown2.o(.ARM.Collect$$libshutdown$$00000003)
    __rt_lib_shutdown_user_alloc_1           0x08000235   Thumb Code     0  libshutdown2.o(.ARM.Collect$$libshutdown$$0000000B)
    __rt_entry                               0x08000237   Thumb Code     0  rtentry.o(.ARM.Collect$$rtentry$$00000000)
    __rt_entry_presh_1                       0x08000237   Thumb Code     0  rtentry2.o(.ARM.Collect$$rtentry$$00000002)
    __rt_entry_sh                            0x08000237   Thumb Code     0  rtentry4.o(.ARM.Collect$$rtentry$$00000004)
    __rt_entry_li                            0x0800023d   Thumb Code     0  rtentry2.o(.ARM.Collect$$rtentry$$0000000A)
    __rt_entry_postsh_1                      0x0800023d   Thumb Code     0  rtentry2.o(.ARM.Collect$$rtentry$$00000009)
    __rt_entry_main                          0x08000241   Thumb Code     0  rtentry2.o(.ARM.Collect$$rtentry$$0000000D)
    __rt_entry_postli_1                      0x08000241   Thumb Code     0  rtentry2.o(.ARM.Collect$$rtentry$$0000000C)
    __rt_exit                                0x08000249   Thumb Code     0  rtexit.o(.ARM.Collect$$rtexit$$00000000)
    __rt_exit_ls                             0x0800024b   Thumb Code     0  rtexit2.o(.ARM.Collect$$rtexit$$00000003)
    __rt_exit_prels_1                        0x0800024b   Thumb Code     0  rtexit2.o(.ARM.Collect$$rtexit$$00000002)
    __rt_exit_exit                           0x0800024f   Thumb Code     0  rtexit2.o(.ARM.Collect$$rtexit$$00000004)
    Reset_Handler                            0x08000255   Thumb Code     8  startup_stm32f40_41xxx.o(.text)
    SVC_Handler                              0x08000267   Thumb Code     2  startup_stm32f40_41xxx.o(.text)
    PendSV_Handler                           0x0800026b   Thumb Code     2  startup_stm32f40_41xxx.o(.text)
    ADC_IRQHandler                           0x0800026f   Thumb Code     0  startup_stm32f40_41xxx.o(.text)
    CAN1_RX0_IRQHandler                      0x0800026f   Thumb Code     0  startup_stm32f40_41xxx.o(.text)
    CAN1_RX1_IRQHandler                      0x0800026f   Thumb Code     0  startup_stm32f40_41xxx.o(.text)
    CAN1_SCE_IRQHandler                      0x0800026f   Thumb Code     0  startup_stm32f40_41xxx.o(.text)
    CAN1_TX_IRQHandler                       0x0800026f   Thumb Code     0  startup_stm32f40_41xxx.o(.text)
    CAN2_RX0_IRQHandler                      0x0800026f   Thumb Code     0  startup_stm32f40_41xxx.o(.text)
    CAN2_RX1_IRQHandler                      0x0800026f   Thumb Code     0  startup_stm32f40_41xxx.o(.text)
    CAN2_SCE_IRQHandler                      0x0800026f   Thumb Code     0  startup_stm32f40_41xxx.o(.text)
    CAN2_TX_IRQHandler                       0x0800026f   Thumb Code     0  startup_stm32f40_41xxx.o(.text)
    CRYP_IRQHandler                          0x0800026f   Thumb Code     0  startup_stm32f40_41xxx.o(.text)
    DCMI_IRQHandler                          0x0800026f   Thumb Code     0  startup_stm32f40_41xxx.o(.text)
    DMA1_Stream0_IRQHandler                  0x0800026f   Thumb Code     0  startup_stm32f40_41xxx.o(.text)
    DMA1_Stream1_IRQHandler                  0x0800026f   Thumb Code     0  startup_stm32f40_41xxx.o(.text)
    DMA1_Stream2_IRQHandler                  0x0800026f   Thumb Code     0  startup_stm32f40_41xxx.o(.text)
    DMA1_Stream3_IRQHandler                  0x0800026f   Thumb Code     0  startup_stm32f40_41xxx.o(.text)
    DMA1_Stream4_IRQHandler                  0x0800026f   Thumb Code     0  startup_stm32f40_41xxx.o(.text)
    DMA1_Stream5_IRQHandler                  0x0800026f   Thumb Code     0  startup_stm32f40_41xxx.o(.text)
    DMA1_Stream6_IRQHandler                  0x0800026f   Thumb Code     0  startup_stm32f40_41xxx.o(.text)
    DMA1_Stream7_IRQHandler                  0x0800026f   Thumb Code     0  startup_stm32f40_41xxx.o(.text)
    DMA2_Stream0_IRQHandler                  0x0800026f   Thumb Code     0  startup_stm32f40_41xxx.o(.text)
    DMA2_Stream1_IRQHandler                  0x0800026f   Thumb Code     0  startup_stm32f40_41xxx.o(.text)
    DMA2_Stream2_IRQHandler                  0x0800026f   Thumb Code     0  startup_stm32f40_41xxx.o(.text)
    DMA2_Stream3_IRQHandler                  0x0800026f   Thumb Code     0  startup_stm32f40_41xxx.o(.text)
    DMA2_Stream4_IRQHandler                  0x0800026f   Thumb Code     0  startup_stm32f40_41xxx.o(.text)
    DMA2_Stream6_IRQHandler                  0x0800026f   Thumb Code     0  startup_stm32f40_41xxx.o(.text)
    ETH_IRQHandler                           0x0800026f   Thumb Code     0  startup_stm32f40_41xxx.o(.text)
    ETH_WKUP_IRQHandler                      0x0800026f   Thumb Code     0  startup_stm32f40_41xxx.o(.text)
    EXTI0_IRQHandler                         0x0800026f   Thumb Code     0  startup_stm32f40_41xxx.o(.text)
    EXTI15_10_IRQHandler                     0x0800026f   Thumb Code     0  startup_stm32f40_41xxx.o(.text)
    EXTI1_IRQHandler                         0x0800026f   Thumb Code     0  startup_stm32f40_41xxx.o(.text)
    EXTI2_IRQHandler                         0x0800026f   Thumb Code     0  startup_stm32f40_41xxx.o(.text)
    EXTI3_IRQHandler                         0x0800026f   Thumb Code     0  startup_stm32f40_41xxx.o(.text)
    EXTI4_IRQHandler                         0x0800026f   Thumb Code     0  startup_stm32f40_41xxx.o(.text)
    EXTI9_5_IRQHandler                       0x0800026f   Thumb Code     0  startup_stm32f40_41xxx.o(.text)
    FLASH_IRQHandler                         0x0800026f   Thumb Code     0  startup_stm32f40_41xxx.o(.text)
    FPU_IRQHandler                           0x0800026f   Thumb Code     0  startup_stm32f40_41xxx.o(.text)
    FSMC_IRQHandler                          0x0800026f   Thumb Code     0  startup_stm32f40_41xxx.o(.text)
    HASH_RNG_IRQHandler                      0x0800026f   Thumb Code     0  startup_stm32f40_41xxx.o(.text)
    I2C1_ER_IRQHandler                       0x0800026f   Thumb Code     0  startup_stm32f40_41xxx.o(.text)
    I2C1_EV_IRQHandler                       0x0800026f   Thumb Code     0  startup_stm32f40_41xxx.o(.text)
    I2C2_ER_IRQHandler                       0x0800026f   Thumb Code     0  startup_stm32f40_41xxx.o(.text)
    I2C2_EV_IRQHandler                       0x0800026f   Thumb Code     0  startup_stm32f40_41xxx.o(.text)
    I2C3_ER_IRQHandler                       0x0800026f   Thumb Code     0  startup_stm32f40_41xxx.o(.text)
    I2C3_EV_IRQHandler                       0x0800026f   Thumb Code     0  startup_stm32f40_41xxx.o(.text)
    OTG_FS_IRQHandler                        0x0800026f   Thumb Code     0  startup_stm32f40_41xxx.o(.text)
    OTG_FS_WKUP_IRQHandler                   0x0800026f   Thumb Code     0  startup_stm32f40_41xxx.o(.text)
    OTG_HS_EP1_IN_IRQHandler                 0x0800026f   Thumb Code     0  startup_stm32f40_41xxx.o(.text)
    OTG_HS_EP1_OUT_IRQHandler                0x0800026f   Thumb Code     0  startup_stm32f40_41xxx.o(.text)
    OTG_HS_IRQHandler                        0x0800026f   Thumb Code     0  startup_stm32f40_41xxx.o(.text)
    OTG_HS_WKUP_IRQHandler                   0x0800026f   Thumb Code     0  startup_stm32f40_41xxx.o(.text)
    PVD_IRQHandler                           0x0800026f   Thumb Code     0  startup_stm32f40_41xxx.o(.text)
    RCC_IRQHandler                           0x0800026f   Thumb Code     0  startup_stm32f40_41xxx.o(.text)
    RTC_Alarm_IRQHandler                     0x0800026f   Thumb Code     0  startup_stm32f40_41xxx.o(.text)
    RTC_WKUP_IRQHandler                      0x0800026f   Thumb Code     0  startup_stm32f40_41xxx.o(.text)
    SDIO_IRQHandler                          0x0800026f   Thumb Code     0  startup_stm32f40_41xxx.o(.text)
    SPI1_IRQHandler                          0x0800026f   Thumb Code     0  startup_stm32f40_41xxx.o(.text)
    SPI2_IRQHandler                          0x0800026f   Thumb Code     0  startup_stm32f40_41xxx.o(.text)
    SPI3_IRQHandler                          0x0800026f   Thumb Code     0  startup_stm32f40_41xxx.o(.text)
    TAMP_STAMP_IRQHandler                    0x0800026f   Thumb Code     0  startup_stm32f40_41xxx.o(.text)
    TIM1_BRK_TIM9_IRQHandler                 0x0800026f   Thumb Code     0  startup_stm32f40_41xxx.o(.text)
    TIM1_CC_IRQHandler                       0x0800026f   Thumb Code     0  startup_stm32f40_41xxx.o(.text)
    TIM1_TRG_COM_TIM11_IRQHandler            0x0800026f   Thumb Code     0  startup_stm32f40_41xxx.o(.text)
    TIM1_UP_TIM10_IRQHandler                 0x0800026f   Thumb Code     0  startup_stm32f40_41xxx.o(.text)
    TIM2_IRQHandler                          0x0800026f   Thumb Code     0  startup_stm32f40_41xxx.o(.text)
    TIM3_IRQHandler                          0x0800026f   Thumb Code     0  startup_stm32f40_41xxx.o(.text)
    TIM4_IRQHandler                          0x0800026f   Thumb Code     0  startup_stm32f40_41xxx.o(.text)
    TIM5_IRQHandler                          0x0800026f   Thumb Code     0  startup_stm32f40_41xxx.o(.text)
    TIM6_DAC_IRQHandler                      0x0800026f   Thumb Code     0  startup_stm32f40_41xxx.o(.text)
    TIM7_IRQHandler                          0x0800026f   Thumb Code     0  startup_stm32f40_41xxx.o(.text)
    TIM8_BRK_TIM12_IRQHandler                0x0800026f   Thumb Code     0  startup_stm32f40_41xxx.o(.text)
    TIM8_CC_IRQHandler                       0x0800026f   Thumb Code     0  startup_stm32f40_41xxx.o(.text)
    TIM8_TRG_COM_TIM14_IRQHandler            0x0800026f   Thumb Code     0  startup_stm32f40_41xxx.o(.text)
    TIM8_UP_TIM13_IRQHandler                 0x0800026f   Thumb Code     0  startup_stm32f40_41xxx.o(.text)
    UART4_IRQHandler                         0x0800026f   Thumb Code     0  startup_stm32f40_41xxx.o(.text)
    UART5_IRQHandler                         0x0800026f   Thumb Code     0  startup_stm32f40_41xxx.o(.text)
    USART2_IRQHandler                        0x0800026f   Thumb Code     0  startup_stm32f40_41xxx.o(.text)
    USART3_IRQHandler                        0x0800026f   Thumb Code     0  startup_stm32f40_41xxx.o(.text)
    USART6_IRQHandler                        0x0800026f   Thumb Code     0  startup_stm32f40_41xxx.o(.text)
    WWDG_IRQHandler                          0x0800026f   Thumb Code     0  startup_stm32f40_41xxx.o(.text)
    __user_initial_stackheap                 0x08000271   Thumb Code     0  startup_stm32f40_41xxx.o(.text)
    __use_no_semihosting                     0x08000295   Thumb Code     2  use_no_semi_2.o(.text)
    __2printf                                0x08000299   Thumb Code    20  noretval__2printf.o(.text)
    _printf_str                              0x080002b1   Thumb Code    82  _printf_str.o(.text)
    _printf_int_dec                          0x08000305   Thumb Code   100  _printf_dec.o(.text)
    _printf_int_hex                          0x08000379   Thumb Code    84  _printf_hex_int.o(.text)
    _printf_longlong_hex                     0x08000379   Thumb Code     0  _printf_hex_int.o(.text)
    __printf                                 0x080003d1   Thumb Code   184  __printf_ss.o(.text)
    __0sscanf                                0x08000489   Thumb Code    52  __0sscanf.o(.text)
    _scanf_int                               0x080004c5   Thumb Code   332  _scanf_int.o(.text)
    strncmp                                  0x08000611   Thumb Code   150  strncmp.o(.text)
    __aeabi_memclr                           0x080006a7   Thumb Code     0  rt_memclr.o(.text)
    __rt_memclr                              0x080006a7   Thumb Code    68  rt_memclr.o(.text)
    _memset                                  0x080006ab   Thumb Code     0  rt_memclr.o(.text)
    __use_two_region_memory                  0x080006eb   Thumb Code     2  heapauxi.o(.text)
    __rt_heap_escrow$2region                 0x080006ed   Thumb Code     2  heapauxi.o(.text)
    __rt_heap_expand$2region                 0x080006ef   Thumb Code     2  heapauxi.o(.text)
    __I$use$semihosting                      0x080006f1   Thumb Code     0  use_no_semi.o(.text)
    __use_no_semihosting_swi                 0x080006f1   Thumb Code     2  use_no_semi.o(.text)
    _printf_int_common                       0x080006f3   Thumb Code   178  _printf_intcommon.o(.text)
    _printf_cs_common                        0x080007a5   Thumb Code    20  _printf_char.o(.text)
    _printf_char                             0x080007b9   Thumb Code    16  _printf_char.o(.text)
    _printf_string                           0x080007c9   Thumb Code     8  _printf_char.o(.text)
    _printf_char_file                        0x080007d1   Thumb Code    32  _printf_char_file.o(.text)
    _chval                                   0x080007f5   Thumb Code    28  _chval.o(.text)
    __vfscanf_char                           0x0800081d   Thumb Code    24  scanf_char.o(.text)
    _sgetc                                   0x0800083d   Thumb Code    30  _sgetc.o(.text)
    _sbackspace                              0x0800085b   Thumb Code    34  _sgetc.o(.text)
    __aeabi_memclr4                          0x0800087d   Thumb Code     0  rt_memclr_w.o(.text)
    __aeabi_memclr8                          0x0800087d   Thumb Code     0  rt_memclr_w.o(.text)
    __rt_memclr_w                            0x0800087d   Thumb Code    78  rt_memclr_w.o(.text)
    _memset_w                                0x08000881   Thumb Code     0  rt_memclr_w.o(.text)
    isspace                                  0x080008cb   Thumb Code    18  isspace.o(.text)
    _printf_char_common                      0x080008e7   Thumb Code    32  _printf_char_common.o(.text)
    __vfscanf                                0x0800090d   Thumb Code   872  _scanf.o(.text)
    ferror                                   0x08000c79   Thumb Code     8  ferror.o(.text)
    __user_setup_stackheap                   0x08000c81   Thumb Code    74  sys_stackheap_outer.o(.text)
    __rt_ctype_table                         0x08000ccd   Thumb Code    16  rt_ctype_table.o(.text)
    exit                                     0x08000cdd   Thumb Code    12  exit.o(.text)
    __user_libspace                          0x08000ce9   Thumb Code     8  libspace.o(.text)
    __user_perproc_libspace                  0x08000ce9   Thumb Code     0  libspace.o(.text)
    __user_perthread_libspace                0x08000ce9   Thumb Code     0  libspace.o(.text)
    __rt_locale                              0x08000cf1   Thumb Code     8  rt_locale_intlibspace.o(.text)
    strcmp                                   0x08000cf9   Thumb Code   128  strcmpv7m.o(.text)
    AT_Command                               0x08000d79   Thumb Code   110  at_command.o(i.AT_Command)
    BusFault_Handler                         0x08000e99   Thumb Code     2  stm32f4xx_it.o(i.BusFault_Handler)
    CheckBootFlag                            0x08000e9d   Thumb Code    22  update.o(i.CheckBootFlag)
    DMA2_Stream5_IRQHandler                  0x08000ebd   Thumb Code    54  usart.o(i.DMA2_Stream5_IRQHandler)
    DMA2_Stream7_IRQHandler                  0x08000f01   Thumb Code    38  usart.o(i.DMA2_Stream7_IRQHandler)
    DMA_ClearITPendingBit                    0x08000f35   Thumb Code    32  stm32f4xx_dma.o(i.DMA_ClearITPendingBit)
    DMA_Cmd                                  0x08000f61   Thumb Code    20  stm32f4xx_dma.o(i.DMA_Cmd)
    DMA_DeInit                               0x08000f75   Thumb Code   272  stm32f4xx_dma.o(i.DMA_DeInit)
    DMA_GetCurrDataCounter                   0x08001099   Thumb Code     6  stm32f4xx_dma.o(i.DMA_GetCurrDataCounter)
    DMA_GetITStatus                          0x080010a1   Thumb Code    68  stm32f4xx_dma.o(i.DMA_GetITStatus)
    DMA_ITConfig                             0x080010f5   Thumb Code    44  stm32f4xx_dma.o(i.DMA_ITConfig)
    DMA_Init                                 0x08001121   Thumb Code    80  stm32f4xx_dma.o(i.DMA_Init)
    DMA_SetCurrDataCounter                   0x08001175   Thumb Code     4  stm32f4xx_dma.o(i.DMA_SetCurrDataCounter)
    DebugMon_Handler                         0x08001179   Thumb Code     2  stm32f4xx_it.o(i.DebugMon_Handler)
    FLASH_EraseSector                        0x0800117d   Thumb Code   104  stm32f4xx_flash.o(i.FLASH_EraseSector)
    FLASH_GetStatus                          0x080011e9   Thumb Code    56  stm32f4xx_flash.o(i.FLASH_GetStatus)
    FLASH_Lock                               0x08001225   Thumb Code    12  stm32f4xx_flash.o(i.FLASH_Lock)
    FLASH_ProgramWord                        0x08001235   Thumb Code    56  stm32f4xx_flash.o(i.FLASH_ProgramWord)
    FLASH_Unlock                             0x08001271   Thumb Code    22  stm32f4xx_flash.o(i.FLASH_Unlock)
    FLASH_WaitForLastOperation               0x08001295   Thumb Code    30  stm32f4xx_flash.o(i.FLASH_WaitForLastOperation)
    GPIO_Init                                0x080012b3   Thumb Code   120  stm32f4xx_gpio.o(i.GPIO_Init)
    GPIO_PinAFConfig                         0x0800132b   Thumb Code    32  stm32f4xx_gpio.o(i.GPIO_PinAFConfig)
    GPIO_ReadInputDataBit                    0x0800134b   Thumb Code    14  stm32f4xx_gpio.o(i.GPIO_ReadInputDataBit)
    GPIO_SetBits                             0x08001359   Thumb Code     4  stm32f4xx_gpio.o(i.GPIO_SetBits)
    HardFault_Handler                        0x0800135d   Thumb Code     2  stm32f4xx_it.o(i.HardFault_Handler)
    IsUserProgramValid                       0x08001361   Thumb Code    36  update.o(i.IsUserProgramValid)
    JumpToUserApplication                    0x08001389   Thumb Code   124  update.o(i.JumpToUserApplication)
    KEY_Init                                 0x08001411   Thumb Code    58  key.o(i.KEY_Init)
    LED_Init                                 0x08001455   Thumb Code    58  led.o(i.LED_Init)
    MemManage_Handler                        0x08001495   Thumb Code     2  stm32f4xx_it.o(i.MemManage_Handler)
    NMI_Handler                              0x08001497   Thumb Code     2  stm32f4xx_it.o(i.NMI_Handler)
    NVIC_Init                                0x08001499   Thumb Code    96  misc.o(i.NVIC_Init)
    NVIC_PriorityGroupConfig                 0x080014fd   Thumb Code    10  misc.o(i.NVIC_PriorityGroupConfig)
    RCC_AHB1PeriphClockCmd                   0x08001511   Thumb Code    18  stm32f4xx_rcc.o(i.RCC_AHB1PeriphClockCmd)
    RCC_APB2PeriphClockCmd                   0x08001529   Thumb Code    18  stm32f4xx_rcc.o(i.RCC_APB2PeriphClockCmd)
    RCC_APB2PeriphResetCmd                   0x08001541   Thumb Code    18  stm32f4xx_rcc.o(i.RCC_APB2PeriphResetCmd)
    RCC_GetClocksFreq                        0x08001559   Thumb Code   132  stm32f4xx_rcc.o(i.RCC_GetClocksFreq)
    SPI1_Init                                0x080015e9   Thumb Code   186  spi.o(i.SPI1_Init)
    SPI1_ReadWriteByte                       0x080016ad   Thumb Code    48  spi.o(i.SPI1_ReadWriteByte)
    SPI1_SetSpeed                            0x080016e1   Thumb Code    24  spi.o(i.SPI1_SetSpeed)
    SPI_Cmd                                  0x080016fd   Thumb Code    20  stm32f4xx_spi.o(i.SPI_Cmd)
    SPI_I2S_GetFlagStatus                    0x08001711   Thumb Code    14  stm32f4xx_spi.o(i.SPI_I2S_GetFlagStatus)
    SPI_I2S_ReceiveData                      0x0800171f   Thumb Code     4  stm32f4xx_spi.o(i.SPI_I2S_ReceiveData)
    SPI_I2S_SendData                         0x08001723   Thumb Code     4  stm32f4xx_spi.o(i.SPI_I2S_SendData)
    SPI_Init                                 0x08001727   Thumb Code    56  stm32f4xx_spi.o(i.SPI_Init)
    STM32_Flash_Erase                        0x08001761   Thumb Code   146  update.o(i.STM32_Flash_Erase)
    STM32_Flash_Write                        0x08001835   Thumb Code    32  update.o(i.STM32_Flash_Write)
    STM32_Update                             0x08001855   Thumb Code    92  update.o(i.STM32_Update)
    SysTick_CLKSourceConfig                  0x080019b5   Thumb Code    24  misc.o(i.SysTick_CLKSourceConfig)
    SysTick_Handler                          0x080019cd   Thumb Code     2  delay.o(i.SysTick_Handler)
    SystemInit                               0x080019d1   Thumb Code    74  system_stm32f4xx.o(i.SystemInit)
    USART1_IRQHandler                        0x08001a2d   Thumb Code   112  usart.o(i.USART1_IRQHandler)
    USART_Cmd                                0x08001aad   Thumb Code    20  stm32f4xx_usart.o(i.USART_Cmd)
    USART_DMACmd                             0x08001ac1   Thumb Code    16  stm32f4xx_usart.o(i.USART_DMACmd)
    USART_GetITStatus                        0x08001ad1   Thumb Code    62  stm32f4xx_usart.o(i.USART_GetITStatus)
    USART_ITConfig                           0x08001b0f   Thumb Code    48  stm32f4xx_usart.o(i.USART_ITConfig)
    USART_Init                               0x08001b41   Thumb Code   164  stm32f4xx_usart.o(i.USART_Init)
    UsageFault_Handler                       0x08001bed   Thumb Code     2  stm32f4xx_it.o(i.UsageFault_Handler)
    W25QXX_Init                              0x08001bf1   Thumb Code   114  w25qxx.o(i.W25QXX_Init)
    W25QXX_ReadID                            0x08001c75   Thumb Code    62  w25qxx.o(i.W25QXX_ReadID)
    _sys_exit                                0x08001cb9   Thumb Code     2  usart.o(i._sys_exit)
    delay_init                               0x08001cbd   Thumb Code    50  delay.o(i.delay_init)
    fputc                                    0x08001cf5   Thumb Code    14  usart.o(i.fputc)
    main                                     0x08001d09   Thumb Code   138  main.o(i.main)
    my_mem_init                              0x08001ebd   Thumb Code    52  malloc.o(i.my_mem_init)
    my_mem_perused                           0x08001ef9   Thumb Code    48  malloc.o(i.my_mem_perused)
    mymemset                                 0x08001f31   Thumb Code    12  malloc.o(i.mymemset)
    parse_command                            0x08001f3d   Thumb Code   122  at_command.o(i.parse_command)
    uart_init                                0x08002075   Thumb Code   386  usart.o(i.uart_init)
    _get_lc_ctype                            0x0800220d   Thumb Code    44  lc_ctype_c.o(locale$$code)
    _fp_init                                 0x08002239   Thumb Code    10  fpinit.o(x$fpl$fpinit)
    __fplib_config_fpu_vfp                   0x08002241   Thumb Code     0  fpinit.o(x$fpl$fpinit)
    __fplib_config_pureend_doubles           0x08002241   Thumb Code     0  fpinit.o(x$fpl$fpinit)
    memtblsize                               0x08002244   Data          12  malloc.o(.constdata)
    memblksize                               0x08002250   Data          12  malloc.o(.constdata)
    memsize                                  0x0800225c   Data          12  malloc.o(.constdata)
    Region$$Table$$Base                      0x08002290   Number         0  anon$$obj.o(Region$$Table)
    Region$$Table$$Limit                     0x080022b0   Number         0  anon$$obj.o(Region$$Table)
    __ctype                                  0x080022bd   Data           0  lc_ctype_c.o(locale$$data)
    mem3base                                 0x10000000   Data       61440  malloc.o(.ARM.__AT_0x10000000)
    mem3mapbase                              0x1000f000   Data        3840  malloc.o(.ARM.__AT_0x1000F000)
    W25QXX_TYPE                              0x20000000   Data           2  w25qxx.o(.data)
    USART1_RC_Flag                           0x20000006   Data           1  usart.o(.data)
    USART1_TC_Flag                           0x20000007   Data           1  usart.o(.data)
    data_ready_flag                          0x20000008   Data           1  usart.o(.data)
    current_rx_buf                           0x20000009   Data           1  usart.o(.data)
    processing_buf                           0x2000000a   Data           1  usart.o(.data)
    USART1_RX_Data_Size                      0x2000000c   Data           2  usart.o(.data)
    received_len                             0x2000000e   Data           2  usart.o(.data)
    __stdout                                 0x20000010   Data           4  usart.o(.data)
    current_state                            0x20000014   Data           1  at_command.o(.data)
    file_size                                0x20000018   Data           4  at_command.o(.data)
    received_size                            0x2000001c   Data           4  at_command.o(.data)
    mallco_dev                               0x20000030   Data          36  malloc.o(.data)
    USART1_RX_Buff                           0x20000054   Data        1024  usart.o(.bss)
    RX_Buffer                                0x20000454   Data        2048  usart.o(.bss)
    TX_Buffer                                0x20000c54   Data        1024  usart.o(.bss)
    mem1base                                 0x20001060   Data       61440  malloc.o(.bss)
    mem1mapbase                              0x20010060   Data        3840  malloc.o(.bss)
    __libspace_start                         0x20010f60   Data          96  libspace.o(.bss)
    __temporary_stack_top$libspace           0x20010fc0   Data           0  libspace.o(.bss)
    mem2base                                 0x68000000   Data       983040  malloc.o(.ARM.__AT_0x68000000)
    mem2mapbase                              0x680f0000   Data       61440  malloc.o(.ARM.__AT_0x680F0000)



==============================================================================

Memory Map of the image

  Image Entry point : 0x08000189

  Load Region LR_IROM1 (Base: 0x08000000, Size: 0x00002414, Max: 0x00008000, ABSOLUTE)

    Execution Region ER_IROM1 (Exec base: 0x08000000, Load base: 0x08000000, Size: 0x000023c0, Max: 0x00008000, ABSOLUTE)

    Exec Addr    Load Addr    Size         Type   Attr      Idx    E Section Name        Object

    0x08000000   0x08000000   0x00000188   Data   RO          836    RESET               startup_stm32f40_41xxx.o
    0x08000188   0x08000188   0x00000008   Code   RO         3849  * !!!main             c_w.l(__main.o)
    0x08000190   0x08000190   0x00000034   Code   RO         4042    !!!scatter          c_w.l(__scatter.o)
    0x080001c4   0x080001c4   0x0000001a   Code   RO         4044    !!handler_copy      c_w.l(__scatter_copy.o)
    0x080001de   0x080001de   0x00000002   PAD
    0x080001e0   0x080001e0   0x0000001c   Code   RO         4046    !!handler_zi        c_w.l(__scatter_zi.o)
    0x080001fc   0x080001fc   0x00000000   Code   RO         3836    .ARM.Collect$$_printf_percent$$00000000  c_w.l(_printf_percent.o)
    0x080001fc   0x080001fc   0x00000006   Code   RO         3834    .ARM.Collect$$_printf_percent$$00000009  c_w.l(_printf_d.o)
    0x08000202   0x08000202   0x00000006   Code   RO         3835    .ARM.Collect$$_printf_percent$$0000000A  c_w.l(_printf_u.o)
    0x08000208   0x08000208   0x00000006   Code   RO         3833    .ARM.Collect$$_printf_percent$$0000000C  c_w.l(_printf_x.o)
    0x0800020e   0x0800020e   0x00000006   Code   RO         3832    .ARM.Collect$$_printf_percent$$00000014  c_w.l(_printf_s.o)
    0x08000214   0x08000214   0x00000004   Code   RO         3860    .ARM.Collect$$_printf_percent$$00000017  c_w.l(_printf_percent_end.o)
    0x08000218   0x08000218   0x00000002   Code   RO         3909    .ARM.Collect$$libinit$$00000000  c_w.l(libinit.o)
    0x0800021a   0x0800021a   0x00000004   Code   RO         3923    .ARM.Collect$$libinit$$00000001  c_w.l(libinit2.o)
    0x0800021e   0x0800021e   0x00000000   Code   RO         3927    .ARM.Collect$$libinit$$00000008  c_w.l(libinit2.o)
    0x0800021e   0x0800021e   0x00000000   Code   RO         3929    .ARM.Collect$$libinit$$0000000A  c_w.l(libinit2.o)
    0x0800021e   0x0800021e   0x00000000   Code   RO         3931    .ARM.Collect$$libinit$$0000000C  c_w.l(libinit2.o)
    0x0800021e   0x0800021e   0x00000006   Code   RO         3932    .ARM.Collect$$libinit$$0000000D  c_w.l(libinit2.o)
    0x08000224   0x08000224   0x00000000   Code   RO         3934    .ARM.Collect$$libinit$$0000000F  c_w.l(libinit2.o)
    0x08000224   0x08000224   0x0000000c   Code   RO         3935    .ARM.Collect$$libinit$$00000010  c_w.l(libinit2.o)
    0x08000230   0x08000230   0x00000000   Code   RO         3936    .ARM.Collect$$libinit$$00000011  c_w.l(libinit2.o)
    0x08000230   0x08000230   0x00000000   Code   RO         3938    .ARM.Collect$$libinit$$00000013  c_w.l(libinit2.o)
    0x08000230   0x08000230   0x00000000   Code   RO         3940    .ARM.Collect$$libinit$$00000015  c_w.l(libinit2.o)
    0x08000230   0x08000230   0x00000000   Code   RO         3942    .ARM.Collect$$libinit$$00000017  c_w.l(libinit2.o)
    0x08000230   0x08000230   0x00000000   Code   RO         3944    .ARM.Collect$$libinit$$00000019  c_w.l(libinit2.o)
    0x08000230   0x08000230   0x00000000   Code   RO         3946    .ARM.Collect$$libinit$$0000001B  c_w.l(libinit2.o)
    0x08000230   0x08000230   0x00000000   Code   RO         3948    .ARM.Collect$$libinit$$0000001D  c_w.l(libinit2.o)
    0x08000230   0x08000230   0x00000000   Code   RO         3950    .ARM.Collect$$libinit$$0000001F  c_w.l(libinit2.o)
    0x08000230   0x08000230   0x00000000   Code   RO         3952    .ARM.Collect$$libinit$$00000021  c_w.l(libinit2.o)
    0x08000230   0x08000230   0x00000000   Code   RO         3954    .ARM.Collect$$libinit$$00000023  c_w.l(libinit2.o)
    0x08000230   0x08000230   0x00000000   Code   RO         3958    .ARM.Collect$$libinit$$0000002A  c_w.l(libinit2.o)
    0x08000230   0x08000230   0x00000000   Code   RO         3960    .ARM.Collect$$libinit$$0000002C  c_w.l(libinit2.o)
    0x08000230   0x08000230   0x00000000   Code   RO         3962    .ARM.Collect$$libinit$$0000002E  c_w.l(libinit2.o)
    0x08000230   0x08000230   0x00000000   Code   RO         3964    .ARM.Collect$$libinit$$00000030  c_w.l(libinit2.o)
    0x08000230   0x08000230   0x00000002   Code   RO         3965    .ARM.Collect$$libinit$$00000031  c_w.l(libinit2.o)
    0x08000232   0x08000232   0x00000002   Code   RO         3985    .ARM.Collect$$libshutdown$$00000000  c_w.l(libshutdown.o)
    0x08000234   0x08000234   0x00000000   Code   RO         3996    .ARM.Collect$$libshutdown$$00000003  c_w.l(libshutdown2.o)
    0x08000234   0x08000234   0x00000000   Code   RO         3999    .ARM.Collect$$libshutdown$$00000006  c_w.l(libshutdown2.o)
    0x08000234   0x08000234   0x00000000   Code   RO         4002    .ARM.Collect$$libshutdown$$00000009  c_w.l(libshutdown2.o)
    0x08000234   0x08000234   0x00000000   Code   RO         4004    .ARM.Collect$$libshutdown$$0000000B  c_w.l(libshutdown2.o)
    0x08000234   0x08000234   0x00000000   Code   RO         4007    .ARM.Collect$$libshutdown$$0000000E  c_w.l(libshutdown2.o)
    0x08000234   0x08000234   0x00000002   Code   RO         4008    .ARM.Collect$$libshutdown$$0000000F  c_w.l(libshutdown2.o)
    0x08000236   0x08000236   0x00000000   Code   RO         3853    .ARM.Collect$$rtentry$$00000000  c_w.l(rtentry.o)
    0x08000236   0x08000236   0x00000000   Code   RO         3872    .ARM.Collect$$rtentry$$00000002  c_w.l(rtentry2.o)
    0x08000236   0x08000236   0x00000006   Code   RO         3884    .ARM.Collect$$rtentry$$00000004  c_w.l(rtentry4.o)
    0x0800023c   0x0800023c   0x00000000   Code   RO         3874    .ARM.Collect$$rtentry$$00000009  c_w.l(rtentry2.o)
    0x0800023c   0x0800023c   0x00000004   Code   RO         3875    .ARM.Collect$$rtentry$$0000000A  c_w.l(rtentry2.o)
    0x08000240   0x08000240   0x00000000   Code   RO         3877    .ARM.Collect$$rtentry$$0000000C  c_w.l(rtentry2.o)
    0x08000240   0x08000240   0x00000008   Code   RO         3878    .ARM.Collect$$rtentry$$0000000D  c_w.l(rtentry2.o)
    0x08000248   0x08000248   0x00000002   Code   RO         3913    .ARM.Collect$$rtexit$$00000000  c_w.l(rtexit.o)
    0x0800024a   0x0800024a   0x00000000   Code   RO         3967    .ARM.Collect$$rtexit$$00000002  c_w.l(rtexit2.o)
    0x0800024a   0x0800024a   0x00000004   Code   RO         3968    .ARM.Collect$$rtexit$$00000003  c_w.l(rtexit2.o)
    0x0800024e   0x0800024e   0x00000006   Code   RO         3969    .ARM.Collect$$rtexit$$00000004  c_w.l(rtexit2.o)
    0x08000254   0x08000254   0x00000040   Code   RO          837    .text               startup_stm32f40_41xxx.o
    0x08000294   0x08000294   0x00000002   Code   RO         3779    .text               c_w.l(use_no_semi_2.o)
    0x08000296   0x08000296   0x00000002   PAD
    0x08000298   0x08000298   0x00000018   Code   RO         3783    .text               c_w.l(noretval__2printf.o)
    0x080002b0   0x080002b0   0x00000052   Code   RO         3787    .text               c_w.l(_printf_str.o)
    0x08000302   0x08000302   0x00000002   PAD
    0x08000304   0x08000304   0x00000074   Code   RO         3789    .text               c_w.l(_printf_dec.o)
    0x08000378   0x08000378   0x00000058   Code   RO         3794    .text               c_w.l(_printf_hex_int.o)
    0x080003d0   0x080003d0   0x000000b8   Code   RO         3815    .text               c_w.l(__printf_ss.o)
    0x08000488   0x08000488   0x0000003c   Code   RO         3837    .text               c_w.l(__0sscanf.o)
    0x080004c4   0x080004c4   0x0000014c   Code   RO         3839    .text               c_w.l(_scanf_int.o)
    0x08000610   0x08000610   0x00000096   Code   RO         3841    .text               c_w.l(strncmp.o)
    0x080006a6   0x080006a6   0x00000044   Code   RO         3845    .text               c_w.l(rt_memclr.o)
    0x080006ea   0x080006ea   0x00000006   Code   RO         3847    .text               c_w.l(heapauxi.o)
    0x080006f0   0x080006f0   0x00000002   Code   RO         3851    .text               c_w.l(use_no_semi.o)
    0x080006f2   0x080006f2   0x000000b2   Code   RO         3854    .text               c_w.l(_printf_intcommon.o)
    0x080007a4   0x080007a4   0x0000002c   Code   RO         3856    .text               c_w.l(_printf_char.o)
    0x080007d0   0x080007d0   0x00000024   Code   RO         3858    .text               c_w.l(_printf_char_file.o)
    0x080007f4   0x080007f4   0x0000001c   Code   RO         3861    .text               c_w.l(_chval.o)
    0x08000810   0x08000810   0x0000002c   Code   RO         3863    .text               c_w.l(scanf_char.o)
    0x0800083c   0x0800083c   0x00000040   Code   RO         3865    .text               c_w.l(_sgetc.o)
    0x0800087c   0x0800087c   0x0000004e   Code   RO         3869    .text               c_w.l(rt_memclr_w.o)
    0x080008ca   0x080008ca   0x00000012   Code   RO         3886    .text               c_w.l(isspace.o)
    0x080008dc   0x080008dc   0x00000030   Code   RO         3888    .text               c_w.l(_printf_char_common.o)
    0x0800090c   0x0800090c   0x0000036c   Code   RO         3890    .text               c_w.l(_scanf.o)
    0x08000c78   0x08000c78   0x00000008   Code   RO         3892    .text               c_w.l(ferror.o)
    0x08000c80   0x08000c80   0x0000004a   Code   RO         3896    .text               c_w.l(sys_stackheap_outer.o)
    0x08000cca   0x08000cca   0x00000002   PAD
    0x08000ccc   0x08000ccc   0x00000010   Code   RO         3898    .text               c_w.l(rt_ctype_table.o)
    0x08000cdc   0x08000cdc   0x0000000c   Code   RO         3902    .text               c_w.l(exit.o)
    0x08000ce8   0x08000ce8   0x00000008   Code   RO         3910    .text               c_w.l(libspace.o)
    0x08000cf0   0x08000cf0   0x00000008   Code   RO         3918    .text               c_w.l(rt_locale_intlibspace.o)
    0x08000cf8   0x08000cf8   0x00000080   Code   RO         3973    .text               c_w.l(strcmpv7m.o)
    0x08000d78   0x08000d78   0x00000120   Code   RO          730    i.AT_Command        at_command.o
    0x08000e98   0x08000e98   0x00000002   Code   RO          180    i.BusFault_Handler  stm32f4xx_it.o
    0x08000e9a   0x08000e9a   0x00000002   PAD
    0x08000e9c   0x08000e9c   0x00000020   Code   RO          762    i.CheckBootFlag     update.o
    0x08000ebc   0x08000ebc   0x00000044   Code   RO          650    i.DMA2_Stream5_IRQHandler  usart.o
    0x08000f00   0x08000f00   0x00000034   Code   RO          651    i.DMA2_Stream7_IRQHandler  usart.o
    0x08000f34   0x08000f34   0x0000002c   Code   RO         2468    i.DMA_ClearITPendingBit  stm32f4xx_dma.o
    0x08000f60   0x08000f60   0x00000014   Code   RO         2469    i.DMA_Cmd           stm32f4xx_dma.o
    0x08000f74   0x08000f74   0x00000124   Code   RO         2470    i.DMA_DeInit        stm32f4xx_dma.o
    0x08001098   0x08001098   0x00000006   Code   RO         2475    i.DMA_GetCurrDataCounter  stm32f4xx_dma.o
    0x0800109e   0x0800109e   0x00000002   PAD
    0x080010a0   0x080010a0   0x00000054   Code   RO         2479    i.DMA_GetITStatus   stm32f4xx_dma.o
    0x080010f4   0x080010f4   0x0000002c   Code   RO         2480    i.DMA_ITConfig      stm32f4xx_dma.o
    0x08001120   0x08001120   0x00000054   Code   RO         2481    i.DMA_Init          stm32f4xx_dma.o
    0x08001174   0x08001174   0x00000004   Code   RO         2484    i.DMA_SetCurrDataCounter  stm32f4xx_dma.o
    0x08001178   0x08001178   0x00000002   Code   RO          181    i.DebugMon_Handler  stm32f4xx_it.o
    0x0800117a   0x0800117a   0x00000002   PAD
    0x0800117c   0x0800117c   0x0000006c   Code   RO         3271    i.FLASH_EraseSector  stm32f4xx_flash.o
    0x080011e8   0x080011e8   0x0000003c   Code   RO         3273    i.FLASH_GetStatus   stm32f4xx_flash.o
    0x08001224   0x08001224   0x00000010   Code   RO         3277    i.FLASH_Lock        stm32f4xx_flash.o
    0x08001234   0x08001234   0x0000003c   Code   RO         3301    i.FLASH_ProgramWord  stm32f4xx_flash.o
    0x08001270   0x08001270   0x00000024   Code   RO         3303    i.FLASH_Unlock      stm32f4xx_flash.o
    0x08001294   0x08001294   0x0000001e   Code   RO         3304    i.FLASH_WaitForLastOperation  stm32f4xx_flash.o
    0x080012b2   0x080012b2   0x00000078   Code   RO          888    i.GPIO_Init         stm32f4xx_gpio.o
    0x0800132a   0x0800132a   0x00000020   Code   RO          889    i.GPIO_PinAFConfig  stm32f4xx_gpio.o
    0x0800134a   0x0800134a   0x0000000e   Code   RO          892    i.GPIO_ReadInputDataBit  stm32f4xx_gpio.o
    0x08001358   0x08001358   0x00000004   Code   RO          896    i.GPIO_SetBits      stm32f4xx_gpio.o
    0x0800135c   0x0800135c   0x00000002   Code   RO          182    i.HardFault_Handler  stm32f4xx_it.o
    0x0800135e   0x0800135e   0x00000002   PAD
    0x08001360   0x08001360   0x00000028   Code   RO          764    i.IsUserProgramValid  update.o
    0x08001388   0x08001388   0x00000088   Code   RO          765    i.JumpToUserApplication  update.o
    0x08001410   0x08001410   0x00000044   Code   RO          360    i.KEY_Init          key.o
    0x08001454   0x08001454   0x00000040   Code   RO          340    i.LED_Init          led.o
    0x08001494   0x08001494   0x00000002   Code   RO          183    i.MemManage_Handler  stm32f4xx_it.o
    0x08001496   0x08001496   0x00000002   Code   RO          184    i.NMI_Handler       stm32f4xx_it.o
    0x08001498   0x08001498   0x00000064   Code   RO          843    i.NVIC_Init         misc.o
    0x080014fc   0x080014fc   0x00000014   Code   RO          844    i.NVIC_PriorityGroupConfig  misc.o
    0x08001510   0x08001510   0x00000018   Code   RO         1149    i.RCC_AHB1PeriphClockCmd  stm32f4xx_rcc.o
    0x08001528   0x08001528   0x00000018   Code   RO         1161    i.RCC_APB2PeriphClockCmd  stm32f4xx_rcc.o
    0x08001540   0x08001540   0x00000018   Code   RO         1163    i.RCC_APB2PeriphResetCmd  stm32f4xx_rcc.o
    0x08001558   0x08001558   0x00000090   Code   RO         1170    i.RCC_GetClocksFreq  stm32f4xx_rcc.o
    0x080015e8   0x080015e8   0x000000c4   Code   RO          437    i.SPI1_Init         spi.o
    0x080016ac   0x080016ac   0x00000034   Code   RO          438    i.SPI1_ReadWriteByte  spi.o
    0x080016e0   0x080016e0   0x0000001c   Code   RO          439    i.SPI1_SetSpeed     spi.o
    0x080016fc   0x080016fc   0x00000014   Code   RO          991    i.SPI_Cmd           stm32f4xx_spi.o
    0x08001710   0x08001710   0x0000000e   Code   RO          999    i.SPI_I2S_GetFlagStatus  stm32f4xx_spi.o
    0x0800171e   0x0800171e   0x00000004   Code   RO         1002    i.SPI_I2S_ReceiveData  stm32f4xx_spi.o
    0x08001722   0x08001722   0x00000004   Code   RO         1003    i.SPI_I2S_SendData  stm32f4xx_spi.o
    0x08001726   0x08001726   0x00000038   Code   RO         1004    i.SPI_Init          stm32f4xx_spi.o
    0x0800175e   0x0800175e   0x00000002   PAD
    0x08001760   0x08001760   0x000000d4   Code   RO          767    i.STM32_Flash_Erase  update.o
    0x08001834   0x08001834   0x00000020   Code   RO          769    i.STM32_Flash_Write  update.o
    0x08001854   0x08001854   0x000000ac   Code   RO          770    i.STM32_Update      update.o
    0x08001900   0x08001900   0x000000b4   Code   RO          303    i.SetSysClock       system_stm32f4xx.o
    0x080019b4   0x080019b4   0x00000018   Code   RO          847    i.SysTick_CLKSourceConfig  misc.o
    0x080019cc   0x080019cc   0x00000002   Code   RO          586    i.SysTick_Handler   delay.o
    0x080019ce   0x080019ce   0x00000002   PAD
    0x080019d0   0x080019d0   0x0000005c   Code   RO          305    i.SystemInit        system_stm32f4xx.o
    0x08001a2c   0x08001a2c   0x00000080   Code   RO          654    i.USART1_IRQHandler  usart.o
    0x08001aac   0x08001aac   0x00000014   Code   RO         1543    i.USART_Cmd         stm32f4xx_usart.o
    0x08001ac0   0x08001ac0   0x00000010   Code   RO         1544    i.USART_DMACmd      stm32f4xx_usart.o
    0x08001ad0   0x08001ad0   0x0000003e   Code   RO         1547    i.USART_GetITStatus  stm32f4xx_usart.o
    0x08001b0e   0x08001b0e   0x00000030   Code   RO         1549    i.USART_ITConfig    stm32f4xx_usart.o
    0x08001b3e   0x08001b3e   0x00000002   PAD
    0x08001b40   0x08001b40   0x000000ac   Code   RO         1550    i.USART_Init        stm32f4xx_usart.o
    0x08001bec   0x08001bec   0x00000002   Code   RO          185    i.UsageFault_Handler  stm32f4xx_it.o
    0x08001bee   0x08001bee   0x00000002   PAD
    0x08001bf0   0x08001bf0   0x00000084   Code   RO          481    i.W25QXX_Init       w25qxx.o
    0x08001c74   0x08001c74   0x00000044   Code   RO          484    i.W25QXX_ReadID     w25qxx.o
    0x08001cb8   0x08001cb8   0x00000002   Code   RO          655    i._sys_exit         usart.o
    0x08001cba   0x08001cba   0x00000002   PAD
    0x08001cbc   0x08001cbc   0x00000038   Code   RO          587    i.delay_init        delay.o
    0x08001cf4   0x08001cf4   0x00000014   Code   RO          656    i.fputc             usart.o
    0x08001d08   0x08001d08   0x000001b4   Code   RO            4    i.main              main.o
    0x08001ebc   0x08001ebc   0x0000003c   Code   RO         3701    i.my_mem_init       malloc.o
    0x08001ef8   0x08001ef8   0x00000038   Code   RO         3703    i.my_mem_perused    malloc.o
    0x08001f30   0x08001f30   0x0000000c   Code   RO         3707    i.mymemset          malloc.o
    0x08001f3c   0x08001f3c   0x00000138   Code   RO          731    i.parse_command     at_command.o
    0x08002074   0x08002074   0x00000198   Code   RO          657    i.uart_init         usart.o
    0x0800220c   0x0800220c   0x0000002c   Code   RO         3921    locale$$code        c_w.l(lc_ctype_c.o)
    0x08002238   0x08002238   0x0000000a   Code   RO         3977    x$fpl$fpinit        fz_wm.l(fpinit.o)
    0x08002242   0x08002242   0x00000002   PAD
    0x08002244   0x08002244   0x00000024   Data   RO         3715    .constdata          malloc.o
    0x08002268   0x08002268   0x00000028   Data   RO         3795    .constdata          c_w.l(_printf_hex_int.o)
    0x08002290   0x08002290   0x00000020   Data   RO         4040    Region$$Table       anon$$obj.o
    0x080022b0   0x080022b0   0x00000110   Data   RO         3920    locale$$data        c_w.l(lc_ctype_c.o)


    Execution Region RW_IRAM1 (Exec base: 0x20000000, Load base: 0x080023c0, Size: 0x000115c0, Max: 0x00020000, ABSOLUTE)

    Exec Addr    Load Addr    Size         Type   Attr      Idx    E Section Name        Object

    0x20000000   0x080023c0   0x00000002   Data   RW          494    .data               w25qxx.o
    0x20000002   0x080023c2   0x00000004   Data   RW          591    .data               delay.o
    0x20000006   0x080023c6   0x0000000a   Data   RW          662    .data               usart.o
    0x20000010   0x080023d0   0x00000004   Data   RW          663    .data               usart.o
    0x20000014   0x080023d4   0x0000000c   Data   RW          732    .data               at_command.o
    0x20000020   0x080023e0   0x00000010   Data   RW         1202    .data               stm32f4xx_rcc.o
    0x20000030   0x080023f0   0x00000024   Data   RW         3716    .data               malloc.o
    0x20000054        -       0x00001000   Zero   RW          658    .bss                usart.o
    0x20001054   0x08002414   0x0000000c   PAD
    0x20001060        -       0x0000f000   Zero   RW         3713    .bss                malloc.o
    0x20010060        -       0x00000f00   Zero   RW         3714    .bss                malloc.o
    0x20010f60        -       0x00000060   Zero   RW         3911    .bss                c_w.l(libspace.o)
    0x20010fc0        -       0x00000200   Zero   RW          835    HEAP                startup_stm32f40_41xxx.o
    0x200111c0        -       0x00000400   Zero   RW          834    STACK               startup_stm32f40_41xxx.o



  Load Region LR$$.ARM.__AT_0x10000000 (Base: 0x10000000, Size: 0x00000000, Max: 0x0000f000, ABSOLUTE)

    Execution Region ER$$.ARM.__AT_0x10000000 (Exec base: 0x10000000, Load base: 0x10000000, Size: 0x0000f000, Max: 0x0000f000, ABSOLUTE, UNINIT)

    Exec Addr    Load Addr    Size         Type   Attr      Idx    E Section Name        Object

    0x10000000        -       0x0000f000   Zero   RW         3709    .ARM.__AT_0x10000000  malloc.o



  Load Region LR$$.ARM.__AT_0x1000F000 (Base: 0x1000f000, Size: 0x00000000, Max: 0x00000f00, ABSOLUTE)

    Execution Region ER$$.ARM.__AT_0x1000F000 (Exec base: 0x1000f000, Load base: 0x1000f000, Size: 0x00000f00, Max: 0x00000f00, ABSOLUTE, UNINIT)

    Exec Addr    Load Addr    Size         Type   Attr      Idx    E Section Name        Object

    0x1000f000        -       0x00000f00   Zero   RW         3710    .ARM.__AT_0x1000F000  malloc.o



  Load Region LR$$.ARM.__AT_0x68000000 (Base: 0x68000000, Size: 0x00000000, Max: 0x000f0000, ABSOLUTE)

    Execution Region ER$$.ARM.__AT_0x68000000 (Exec base: 0x68000000, Load base: 0x68000000, Size: 0x000f0000, Max: 0x000f0000, ABSOLUTE, UNINIT)

    Exec Addr    Load Addr    Size         Type   Attr      Idx    E Section Name        Object

    0x68000000        -       0x000f0000   Zero   RW         3711    .ARM.__AT_0x68000000  malloc.o



  Load Region LR$$.ARM.__AT_0x680F0000 (Base: 0x680f0000, Size: 0x00000000, Max: 0x0000f000, ABSOLUTE)

    Execution Region ER$$.ARM.__AT_0x680F0000 (Exec base: 0x680f0000, Load base: 0x680f0000, Size: 0x0000f000, Max: 0x0000f000, ABSOLUTE, UNINIT)

    Exec Addr    Load Addr    Size         Type   Attr      Idx    E Section Name        Object

    0x680f0000        -       0x0000f000   Zero   RW         3712    .ARM.__AT_0x680F0000  malloc.o


==============================================================================

Image component sizes


      Code (inc. data)   RO Data    RW Data    ZI Data      Debug   Object Name

       600        374          0         12          0       1521   at_command.o
        58          6          0          4          0       1199   delay.o
        68         10          0          0          0        523   key.o
        64          6          0          0          0        535   led.o
       436        298          0          0          0     292952   main.o
       128         16         36         36    1175040       3464   malloc.o
       144         14          0          0          0       1949   misc.o
       276         18          0          0          0       1745   spi.o
        64         26        392          0       1536        836   startup_stm32f40_41xxx.o
       578         52          0          0          0       6101   stm32f4xx_dma.o
       310         30          0          0          0       3891   stm32f4xx_flash.o
       170          0          0          0          0       2666   stm32f4xx_gpio.o
        12          0          0          0          0       2665   stm32f4xx_it.o
       216         30          0         16          0       4455   stm32f4xx_rcc.o
        98          0          0          0          0       3238   stm32f4xx_spi.o
       318          8          0          0          0       3869   stm32f4xx_usart.o
       272         36          0          0          0       1469   system_stm32f4xx.o
       624        172          0          0          0       6038   update.o
       678         72          0         14       4096       6083   usart.o
       200         24          0          2          0       1384   w25qxx.o

    ----------------------------------------------------------------------
      5332       1192        460         84    1180684     346583   Object Totals
         0          0         32          0          0          0   (incl. Generated)
        18          0          0          0         12          0   (incl. Padding)

    ----------------------------------------------------------------------

      Code (inc. data)   RO Data    RW Data    ZI Data      Debug   Library Member Name

        60          8          0          0          0         84   __0sscanf.o
         8          0          0          0          0         68   __main.o
       184          0          0          0          0         84   __printf_ss.o
        52          8          0          0          0          0   __scatter.o
        26          0          0          0          0          0   __scatter_copy.o
        28          0          0          0          0          0   __scatter_zi.o
        28          0          0          0          0         68   _chval.o
        44          0          0          0          0        108   _printf_char.o
        48          6          0          0          0         96   _printf_char_common.o
        36          4          0          0          0         80   _printf_char_file.o
         6          0          0          0          0          0   _printf_d.o
       116         16          0          0          0         92   _printf_dec.o
        88          4         40          0          0         88   _printf_hex_int.o
       178          0          0          0          0         88   _printf_intcommon.o
         0          0          0          0          0          0   _printf_percent.o
         4          0          0          0          0          0   _printf_percent_end.o
         6          0          0          0          0          0   _printf_s.o
        82          0          0          0          0         80   _printf_str.o
         6          0          0          0          0          0   _printf_u.o
         6          0          0          0          0          0   _printf_x.o
       876          4          0          0          0        100   _scanf.o
       332          0          0          0          0         96   _scanf_int.o
        64          0          0          0          0         84   _sgetc.o
        12          0          0          0          0         72   exit.o
         8          0          0          0          0         68   ferror.o
         6          0          0          0          0        152   heapauxi.o
        18          0          0          0          0         76   isspace.o
        44         10        272          0          0         76   lc_ctype_c.o
         2          0          0          0          0          0   libinit.o
        24          0          0          0          0          0   libinit2.o
         2          0          0          0          0          0   libshutdown.o
         2          0          0          0          0          0   libshutdown2.o
         8          4          0          0         96         68   libspace.o
        24          4          0          0          0         84   noretval__2printf.o
        16          4          0          0          0         76   rt_ctype_table.o
         8          4          0          0          0         68   rt_locale_intlibspace.o
        68          0          0          0          0         68   rt_memclr.o
        78          0          0          0          0         80   rt_memclr_w.o
         0          0          0          0          0          0   rtentry.o
        12          0          0          0          0          0   rtentry2.o
         6          0          0          0          0          0   rtentry4.o
         2          0          0          0          0          0   rtexit.o
        10          0          0          0          0          0   rtexit2.o
        44          8          0          0          0         84   scanf_char.o
       128          0          0          0          0         68   strcmpv7m.o
       150          0          0          0          0         80   strncmp.o
        74          0          0          0          0         80   sys_stackheap_outer.o
         2          0          0          0          0         68   use_no_semi.o
         2          0          0          0          0         68   use_no_semi_2.o
        10          0          0          0          0        116   fpinit.o

    ----------------------------------------------------------------------
      3048         84        312          0         96       2668   Library Totals
        10          0          0          0          0          0   (incl. Padding)

    ----------------------------------------------------------------------

      Code (inc. data)   RO Data    RW Data    ZI Data      Debug   Library Name

      3028         84        312          0         96       2552   c_w.l
        10          0          0          0          0        116   fz_wm.l

    ----------------------------------------------------------------------
      3048         84        312          0         96       2668   Library Totals

    ----------------------------------------------------------------------

==============================================================================


      Code (inc. data)   RO Data    RW Data    ZI Data      Debug   

      8380       1276        772         84    1180780     341547   Grand Totals
      8380       1276        772         84    1180780     341547   ELF Image Totals
      8380       1276        772         84          0          0   ROM Totals

==============================================================================

    Total RO  Size (Code + RO Data)                 9152 (   8.94kB)
    Total RW  Size (RW Data + ZI Data)           1180864 (1153.19kB)
    Total ROM Size (Code + RO Data + RW Data)       9236 (   9.02kB)

==============================================================================

