Product: MDK Plus 5.38
Component: ARM Compiler 5.04 update 1 (build 49)
Tool: armlink [5040049]

==============================================================================

Section Cross References

    main.o(i.Keep_time_task) refers to tasks.o(i.vTaskDelay) for vTaskDelay
    main.o(i.USART1_HandleReceivedData) refers to _printf_pad.o(.text) for _printf_pre_padding
    main.o(i.USART1_HandleReceivedData) refers to _printf_percent.o(.ARM.Collect$$_printf_percent$$00000000) for _printf_percent
    main.o(i.USART1_HandleReceivedData) refers to _printf_x.o(.ARM.Collect$$_printf_percent$$0000000C) for _printf_x
    main.o(i.USART1_HandleReceivedData) refers to _printf_hex_int.o(.text) for _printf_longlong_hex
    main.o(i.USART1_HandleReceivedData) refers to noretval__2printf.o(.text) for __2printf
    main.o(i.USART1_ReceiveTask) refers to tasks.o(i.ulTaskNotifyTake) for ulTaskNotifyTake
    main.o(i.USART1_ReceiveTask) refers to rt_memcpy_v6.o(.text) for __aeabi_memcpy
    main.o(i.USART1_ReceiveTask) refers to stm32f4xx_dma.o(i.DMA_Cmd) for DMA_Cmd
    main.o(i.USART1_ReceiveTask) refers to usart.o(.data) for received_len
    main.o(i.USART1_ReceiveTask) refers to usart.o(.bss) for RX_Buffer
    main.o(i.USART1_ReceiveTask) refers to main.o(.data) for .data
    main.o(i.main) refers to misc.o(i.NVIC_PriorityGroupConfig) for NVIC_PriorityGroupConfig
    main.o(i.main) refers to delay.o(i.delay_init) for delay_init
    main.o(i.main) refers to usart.o(i.uart_init) for uart_init
    main.o(i.main) refers to led.o(i.LED_Init) for LED_Init
    main.o(i.main) refers to key.o(i.KEY_Init) for KEY_Init
    main.o(i.main) refers to w25qxx.o(i.W25QXX_Init) for W25QXX_Init
    main.o(i.main) refers to spi.o(i.SPI2_Init) for SPI2_Init
    main.o(i.main) refers to dev_config.o(i.EPD_GPIO_Init) for EPD_GPIO_Init
    main.o(i.main) refers to rtc.o(i.My_RTC_Init) for My_RTC_Init
    main.o(i.main) refers to malloc.o(i.my_mem_init) for my_mem_init
    main.o(i.main) refers to exfuns.o(i.exfuns_init) for exfuns_init
    main.o(i.main) refers to ff.o(i.f_mount) for f_mount
    main.o(i.main) refers to fontupd.o(i.font_init) for font_init
    main.o(i.main) refers to queue.o(i.xQueueGenericCreate) for xQueueGenericCreate
    main.o(i.main) refers to delay.o(i.delay_ms) for delay_ms
    main.o(i.main) refers to tasks.o(i.xTaskCreate) for xTaskCreate
    main.o(i.main) refers to tasks.o(i.vTaskStartScheduler) for vTaskStartScheduler
    main.o(i.main) refers to usmart_config.o(.data) for usmart_dev
    main.o(i.main) refers to exfuns.o(.bss) for fs
    main.o(i.main) refers to main.o(.data) for .data
    main.o(i.main) refers to main.o(i.start_task) for start_task
    main.o(i.start_task) refers to _printf_percent.o(.ARM.Collect$$_printf_percent$$00000000) for _printf_percent
    main.o(i.start_task) refers to _printf_d.o(.ARM.Collect$$_printf_percent$$00000009) for _printf_d
    main.o(i.start_task) refers to _printf_dec.o(.text) for _printf_int_dec
    main.o(i.start_task) refers to port.o(i.vPortEnterCritical) for vPortEnterCritical
    main.o(i.start_task) refers to tasks.o(i.xTaskCreate) for xTaskCreate
    main.o(i.start_task) refers to noretval__2printf.o(.text) for __2printf
    main.o(i.start_task) refers to rtc.o(i.RTC_Set_WakeUp) for RTC_Set_WakeUp
    main.o(i.start_task) refers to tasks.o(i.vTaskDelete) for vTaskDelete
    main.o(i.start_task) refers to port.o(i.vPortExitCritical) for vPortExitCritical
    main.o(i.start_task) refers to main.o(.data) for .data
    main.o(i.start_task) refers to main.o(i.USART1_ReceiveTask) for USART1_ReceiveTask
    main.o(i.start_task) refers to main.o(i.Keep_time_task) for Keep_time_task
    stm32f4xx_it.o(i.RTC_WKUP_IRQHandler) refers to stm32f4xx_rtc.o(i.RTC_GetFlagStatus) for RTC_GetFlagStatus
    stm32f4xx_it.o(i.RTC_WKUP_IRQHandler) refers to stm32f4xx_rtc.o(i.RTC_ClearITPendingBit) for RTC_ClearITPendingBit
    stm32f4xx_it.o(i.RTC_WKUP_IRQHandler) refers to queue.o(i.xQueueGiveFromISR) for xQueueGiveFromISR
    stm32f4xx_it.o(i.RTC_WKUP_IRQHandler) refers to stm32f4xx_exti.o(i.EXTI_ClearITPendingBit) for EXTI_ClearITPendingBit
    stm32f4xx_it.o(i.RTC_WKUP_IRQHandler) refers to main.o(.data) for rtcSemaphore
    system_stm32f4xx.o(i.SystemCoreClockUpdate) refers to system_stm32f4xx.o(.data) for .data
    system_stm32f4xx.o(i.SystemInit) refers to system_stm32f4xx.o(i.SetSysClock) for SetSysClock
    led.o(i.LED_Init) refers to stm32f4xx_rcc.o(i.RCC_AHB1PeriphClockCmd) for RCC_AHB1PeriphClockCmd
    led.o(i.LED_Init) refers to stm32f4xx_gpio.o(i.GPIO_Init) for GPIO_Init
    led.o(i.LED_Init) refers to stm32f4xx_gpio.o(i.GPIO_SetBits) for GPIO_SetBits
    timer.o(i.ConfigureTimeForRunTimeStats) refers to timer.o(i.TIM3_Int_Init) for TIM3_Int_Init
    timer.o(i.ConfigureTimeForRunTimeStats) refers to timer.o(.data) for .data
    timer.o(i.TIM3_IRQHandler) refers to stm32f4xx_tim.o(i.TIM_GetITStatus) for TIM_GetITStatus
[...]
    EPD_GPIO_Init                            0x08000fb1   Thumb Code    68  dev_config.o(i.EPD_GPIO_Init)
    EXTI_ClearITPendingBit                   0x08000ff9   Thumb Code     6  stm32f4xx_exti.o(i.EXTI_ClearITPendingBit)
    EXTI_Init                                0x08001005   Thumb Code   108  stm32f4xx_exti.o(i.EXTI_Init)
    FindSCR                                  0x08001075   Thumb Code   310  sdio_sdcard.o(i.FindSCR)
    GPIO_Init                                0x080011b9   Thumb Code   120  stm32f4xx_gpio.o(i.GPIO_Init)
    GPIO_PinAFConfig                         0x08001231   Thumb Code    32  stm32f4xx_gpio.o(i.GPIO_PinAFConfig)
    GPIO_SetBits                             0x08001251   Thumb Code     4  stm32f4xx_gpio.o(i.GPIO_SetBits)
    HardFault_Handler                        0x08001255   Thumb Code     2  stm32f4xx_it.o(i.HardFault_Handler)
    IsCardProgramming                        0x08001259   Thumb Code   134  sdio_sdcard.o(i.IsCardProgramming)
    KEY_Init                                 0x080012ed   Thumb Code    58  key.o(i.KEY_Init)
    Keep_time_task                           0x08001331   Thumb Code    34  main.o(i.Keep_time_task)
    LED_Init                                 0x08001359   Thumb Code    58  led.o(i.LED_Init)
    MemManage_Handler                        0x08001399   Thumb Code     2  stm32f4xx_it.o(i.MemManage_Handler)
    My_RTC_Init                              0x0800139b   Thumb Code   136  rtc.o(i.My_RTC_Init)
    NMI_Handler                              0x08001423   Thumb Code     2  stm32f4xx_it.o(i.NMI_Handler)
    NVIC_Init                                0x08001425   Thumb Code    96  misc.o(i.NVIC_Init)
    NVIC_PriorityGroupConfig                 0x08001489   Thumb Code    10  misc.o(i.NVIC_PriorityGroupConfig)
    PWR_BackupAccessCmd                      0x0800149d   Thumb Code     6  stm32f4xx_pwr.o(i.PWR_BackupAccessCmd)
    RCC_AHB1PeriphClockCmd                   0x080014a9   Thumb Code    18  stm32f4xx_rcc.o(i.RCC_AHB1PeriphClockCmd)
    RCC_APB1PeriphClockCmd                   0x080014c1   Thumb Code    18  stm32f4xx_rcc.o(i.RCC_APB1PeriphClockCmd)
    RCC_APB1PeriphResetCmd                   0x080014d9   Thumb Code    18  stm32f4xx_rcc.o(i.RCC_APB1PeriphResetCmd)
    RCC_APB2PeriphClockCmd                   0x080014f1   Thumb Code    18  stm32f4xx_rcc.o(i.RCC_APB2PeriphClockCmd)
    RCC_APB2PeriphResetCmd                   0x08001509   Thumb Code    18  stm32f4xx_rcc.o(i.RCC_APB2PeriphResetCmd)
    RCC_GetClocksFreq                        0x08001521   Thumb Code   132  stm32f4xx_rcc.o(i.RCC_GetClocksFreq)
    RCC_GetFlagStatus                        0x080015b1   Thumb Code    46  stm32f4xx_rcc.o(i.RCC_GetFlagStatus)
    RCC_LSEConfig                            0x080015e5   Thumb Code    22  stm32f4xx_rcc.o(i.RCC_LSEConfig)
    RCC_RTCCLKCmd                            0x08001601   Thumb Code     6  stm32f4xx_rcc.o(i.RCC_RTCCLKCmd)
    RCC_RTCCLKConfig                         0x0800160d   Thumb Code    40  stm32f4xx_rcc.o(i.RCC_RTCCLKConfig)
    RTC_ClearITPendingBit                    0x08001669   Thumb Code    24  stm32f4xx_rtc.o(i.RTC_ClearITPendingBit)
    RTC_EnterInitMode                        0x08001685   Thumb Code    56  stm32f4xx_rtc.o(i.RTC_EnterInitMode)
    RTC_ExitInitMode                         0x080016c1   Thumb Code    12  stm32f4xx_rtc.o(i.RTC_ExitInitMode)
    RTC_GetFlagStatus                        0x080016d1   Thumb Code    20  stm32f4xx_rtc.o(i.RTC_GetFlagStatus)
    RTC_ITConfig                             0x080016ed   Thumb Code    60  stm32f4xx_rtc.o(i.RTC_ITConfig)
    RTC_Init                                 0x0800172d   Thumb Code    74  stm32f4xx_rtc.o(i.RTC_Init)
    RTC_ReadBackupRegister                   0x0800177d   Thumb Code    14  stm32f4xx_rtc.o(i.RTC_ReadBackupRegister)
    RTC_SetDate                              0x08001791   Thumb Code   144  stm32f4xx_rtc.o(i.RTC_SetDate)
    RTC_SetTime                              0x08001829   Thumb Code   150  stm32f4xx_rtc.o(i.RTC_SetTime)
    RTC_SetWakeUpCounter                     0x080018c9   Thumb Code    22  stm32f4xx_rtc.o(i.RTC_SetWakeUpCounter)
    RTC_Set_Date                             0x080018e5   Thumb Code    28  rtc.o(i.RTC_Set_Date)
    RTC_Set_Time                             0x08001901   Thumb Code    28  rtc.o(i.RTC_Set_Time)
    RTC_Set_WakeUp                           0x0800191d   Thumb Code   110  rtc.o(i.RTC_Set_WakeUp)
    RTC_WKUP_IRQHandler                      0x0800198d   Thumb Code    64  stm32f4xx_it.o(i.RTC_WKUP_IRQHandler)
    RTC_WaitForSynchro                       0x080019d5   Thumb Code    70  stm32f4xx_rtc.o(i.RTC_WaitForSynchro)
    RTC_WakeUpClockConfig                    0x08001a21   Thumb Code    34  stm32f4xx_rtc.o(i.RTC_WakeUpClockConfig)
    RTC_WakeUpCmd                            0x08001a49   Thumb Code    84  stm32f4xx_rtc.o(i.RTC_WakeUpCmd)
    RTC_WriteBackupRegister                  0x08001aa1   Thumb Code    14  stm32f4xx_rtc.o(i.RTC_WriteBackupRegister)
    SDEnWideBus                              0x08001ab5   Thumb Code   126  sdio_sdcard.o(i.SDEnWideBus)
    SDIO_ClearFlag                           0x08001b41   Thumb Code     6  stm32f4xx_sdio.o(i.SDIO_ClearFlag)
    SDIO_Clock_Set                           0x08001b4d   Thumb Code    14  sdio_sdcard.o(i.SDIO_Clock_Set)
    SDIO_DataConfig                          0x08001b61   Thumb Code    42  stm32f4xx_sdio.o(i.SDIO_DataConfig)
    SDIO_GetFlagStatus                       0x08001b91   Thumb Code    16  stm32f4xx_sdio.o(i.SDIO_GetFlagStatus)
    SDIO_GetPowerState                       0x08001ba5   Thumb Code    10  stm32f4xx_sdio.o(i.SDIO_GetPowerState)
    SDIO_IRQHandler                          0x08001bb5   Thumb Code     4  sdio_sdcard.o(i.SDIO_IRQHandler)
    SDIO_Init                                0x08001bb9   Thumb Code    40  stm32f4xx_sdio.o(i.SDIO_Init)
    SDIO_Register_Deinit                     0x08001be5   Thumb Code    46  sdio_sdcard.o(i.SDIO_Register_Deinit)
    SDIO_SendCommand                         0x08001c1d   Thumb Code    36  stm32f4xx_sdio.o(i.SDIO_SendCommand)
    SDIO_SetPowerState                       0x08001c45   Thumb Code     6  stm32f4xx_sdio.o(i.SDIO_SetPowerState)
    SD_DMA_Config                            0x08001c51   Thumb Code   112  sdio_sdcard.o(i.SD_DMA_Config)
    SD_EnableWideBusOperation                0x08001cc9   Thumb Code    66  sdio_sdcard.o(i.SD_EnableWideBusOperation)
    SD_GetCardInfo                           0x08001d15   Thumb Code   526  sdio_sdcard.o(i.SD_GetCardInfo)
    SD_Init                                  0x08001f2d   Thumb Code   262  sdio_sdcard.o(i.SD_Init)
    SD_InitializeCards                       0x08002049   Thumb Code   270  sdio_sdcard.o(i.SD_InitializeCards)
    SD_PowerON                               0x08002165   Thumb Code   398  sdio_sdcard.o(i.SD_PowerON)
    SD_ProcessIRQSrc                         0x08002309   Thumb Code   228  sdio_sdcard.o(i.SD_ProcessIRQSrc)
    SD_ReadBlock                             0x080023f9   Thumb Code   498  sdio_sdcard.o(i.SD_ReadBlock)
    SD_ReadDisk                              0x08002601   Thumb Code   114  sdio_sdcard.o(i.SD_ReadDisk)
    SD_ReadMultiBlocks                       0x08002679   Thumb Code   604  sdio_sdcard.o(i.SD_ReadMultiBlocks)
    SD_SelectDeselect                        0x080028e9   Thumb Code    40  sdio_sdcard.o(i.SD_SelectDeselect)
    SD_SetDeviceMode                         0x08002915   Thumb Code    20  sdio_sdcard.o(i.SD_SetDeviceMode)
    SD_WriteBlock                            0x0800292d   Thumb Code   714  sdio_sdcard.o(i.SD_WriteBlock)
    SD_WriteDisk                             0x08002c09   Thumb Code   108  sdio_sdcard.o(i.SD_WriteDisk)
    SD_WriteMultiBlocks                      0x08002c79   Thumb Code   752  sdio_sdcard.o(i.SD_WriteMultiBlocks)
    SPI1_Init                                0x08002f79   Thumb Code   186  spi.o(i.SPI1_Init)
    SPI1_ReadWriteByte                       0x0800303d   Thumb Code    48  spi.o(i.SPI1_ReadWriteByte)
    SPI1_SetSpeed                            0x08003071   Thumb Code    24  spi.o(i.SPI1_SetSpeed)
    SPI2_Init                                0x0800308d   Thumb Code   182  spi.o(i.SPI2_Init)
    SPI_Cmd                                  0x08003159   Thumb Code    20  stm32f4xx_spi.o(i.SPI_Cmd)
    SPI_I2S_GetFlagStatus                    0x0800316d   Thumb Code    14  stm32f4xx_spi.o(i.SPI_I2S_GetFlagStatus)
    SPI_I2S_ReceiveData                      0x0800317b   Thumb Code     4  stm32f4xx_spi.o(i.SPI_I2S_ReceiveData)
    SPI_I2S_SendData                         0x0800317f   Thumb Code     4  stm32f4xx_spi.o(i.SPI_I2S_SendData)
    SPI_Init                                 0x08003183   Thumb Code    56  stm32f4xx_spi.o(i.SPI_Init)
    SysTick_CLKSourceConfig                  0x08003271   Thumb Code    24  misc.o(i.SysTick_CLKSourceConfig)
    SysTick_Handler                          0x08003289   Thumb Code    20  delay.o(i.SysTick_Handler)
    SystemInit                               0x0800329d   Thumb Code    74  system_stm32f4xx.o(i.SystemInit)
    TIM3_IRQHandler                          0x080032f9   Thumb Code    44  timer.o(i.TIM3_IRQHandler)
    TIM3_Int_Init                            0x0800332d   Thumb Code    86  timer.o(i.TIM3_Int_Init)
    TIM4_IRQHandler                          0x08003389   Thumb Code    50  usmart.o(i.TIM4_IRQHandler)
    TIM_ClearFlag                            0x080033c5   Thumb Code     6  stm32f4xx_tim.o(i.TIM_ClearFlag)
    TIM_ClearITPendingBit                    0x080033cb   Thumb Code     6  stm32f4xx_tim.o(i.TIM_ClearITPendingBit)
    TIM_Cmd                                  0x080033d1   Thumb Code    20  stm32f4xx_tim.o(i.TIM_Cmd)
    TIM_GetCounter                           0x080033e5   Thumb Code     4  stm32f4xx_tim.o(i.TIM_GetCounter)
    TIM_GetFlagStatus                        0x080033e9   Thumb Code    14  stm32f4xx_tim.o(i.TIM_GetFlagStatus)
    TIM_GetITStatus                          0x080033f7   Thumb Code    24  stm32f4xx_tim.o(i.TIM_GetITStatus)
    TIM_ITConfig                             0x0800340f   Thumb Code    16  stm32f4xx_tim.o(i.TIM_ITConfig)
    TIM_SetAutoreload                        0x0800341f   Thumb Code     4  stm32f4xx_tim.o(i.TIM_SetAutoreload)
    TIM_SetCounter                           0x08003423   Thumb Code     4  stm32f4xx_tim.o(i.TIM_SetCounter)
    TIM_TimeBaseInit                         0x08003429   Thumb Code    96  stm32f4xx_tim.o(i.TIM_TimeBaseInit)
    Timer4_Init                              0x080034a5   Thumb Code    88  usmart.o(i.Timer4_Init)
    USART1_IRQHandler                        0x08003501   Thumb Code   142  usart.o(i.USART1_IRQHandler)
    USART1_ReceiveTask                       0x080035a9   Thumb Code   118  main.o(i.USART1_ReceiveTask)
    USART_Cmd                                0x0800363d   Thumb Code    20  stm32f4xx_usart.o(i.USART_Cmd)
    USART_DMACmd                             0x08003651   Thumb Code    16  stm32f4xx_usart.o(i.USART_DMACmd)
    USART_GetITStatus                        0x08003661   Thumb Code    62  stm32f4xx_usart.o(i.USART_GetITStatus)
    USART_ITConfig                           0x0800369f   Thumb Code    48  stm32f4xx_usart.o(i.USART_ITConfig)
    USART_Init                               0x080036d1   Thumb Code   164  stm32f4xx_usart.o(i.USART_Init)
    UsageFault_Handler                       0x0800377d   Thumb Code     2  stm32f4xx_it.o(i.UsageFault_Handler)
    W25QXX_Erase_Chip                        0x08003781   Thumb Code    40  w25qxx.o(i.W25QXX_Erase_Chip)
    W25QXX_Erase_Sector                      0x080037ad   Thumb Code    74  w25qxx.o(i.W25QXX_Erase_Sector)
    W25QXX_Init                              0x08003805   Thumb Code   114  w25qxx.o(i.W25QXX_Init)
    W25QXX_Read                              0x08003889   Thumb Code    76  w25qxx.o(i.W25QXX_Read)
    W25QXX_ReadID                            0x080038d9   Thumb Code    62  w25qxx.o(i.W25QXX_ReadID)
    W25QXX_ReadSR                            0x0800391d   Thumb Code    32  w25qxx.o(i.W25QXX_ReadSR)
    W25QXX_Wait_Busy                         0x08003941   Thumb Code    12  w25qxx.o(i.W25QXX_Wait_Busy)
    W25QXX_Write                             0x0800394d   Thumb Code   166  w25qxx.o(i.W25QXX_Write)
    W25QXX_Write_Enable                      0x080039f5   Thumb Code    26  w25qxx.o(i.W25QXX_Write_Enable)
    W25QXX_Write_NoCheck                     0x08003a15   Thumb Code    62  w25qxx.o(i.W25QXX_Write_NoCheck)
    W25QXX_Write_Page                        0x08003a55   Thumb Code    82  w25qxx.o(i.W25QXX_Write_Page)
    _is_digit                                0x08003aad   Thumb Code    14  __printf_wp.o(i._is_digit)
    _sys_exit                                0x08003abb   Thumb Code     2  usart.o(i._sys_exit)
    clust2sect                               0x08003b4d   Thumb Code    24  ff.o(i.clust2sect)
    convert_from_bytes_to_power_of_two       0x08003b65   Thumb Code    18  sdio_sdcard.o(i.convert_from_bytes_to_power_of_two)
    delay_init                               0x08003e2d   Thumb Code    50  delay.o(i.delay_init)
    delay_ms                                 0x08003e65   Thumb Code    52  delay.o(i.delay_ms)
    delay_us                                 0x08003e9d   Thumb Code    48  delay.o(i.delay_us)
    dir_sdi                                  0x080043eb   Thumb Code   124  ff.o(i.dir_sdi)
    disk_initialize                          0x08004469   Thumb Code    36  diskio.o(i.disk_initialize)
    disk_ioctl                               0x08004491   Thumb Code   106  diskio.o(i.disk_ioctl)
    disk_read                                0x08004505   Thumb Code    76  diskio.o(i.disk_read)
    disk_status                              0x08004551   Thumb Code     4  diskio.o(i.disk_status)
    disk_write                               0x08004555   Thumb Code    76  diskio.o(i.disk_write)
    exfuns_init                              0x080045a1   Thumb Code    92  exfuns.o(i.exfuns_init)
    f_close                                  0x08004605   Thumb Code    28  ff.o(i.f_close)
    f_closedir                               0x08004621   Thumb Code    18  ff.o(i.f_closedir)
    f_getfree                                0x08004633   Thumb Code   192  ff.o(i.f_getfree)
    f_getlabel                               0x080046f3   Thumb Code   142  ff.o(i.f_getlabel)
    f_gets                                   0x08004781   Thumb Code    68  ff.o(i.f_gets)
    f_lseek                                  0x080047c5   Thumb Code   512  ff.o(i.f_lseek)
    f_mkdir                                  0x080049c5   Thumb Code   384  ff.o(i.f_mkdir)
    f_mkfs                                   0x08004b45   Thumb Code  1326  ff.o(i.f_mkfs)
    f_mount                                  0x08005075   Thumb Code    72  ff.o(i.f_mount)
    f_open                                   0x080050c1   Thumb Code   344  ff.o(i.f_open)
    f_opendir                                0x08005219   Thumb Code   128  ff.o(i.f_opendir)
    f_putc                                   0x08005299   Thumb Code    60  ff.o(i.f_putc)
    f_puts                                   0x080052d5   Thumb Code    70  ff.o(i.f_puts)
    f_read                                   0x0800531b   Thumb Code   328  ff.o(i.f_read)
    f_readdir                                0x08005463   Thumb Code   116  ff.o(i.f_readdir)
    f_rename                                 0x080054d7   Thumb Code   292  ff.o(i.f_rename)
    f_setlabel                               0x080055fd   Thumb Code   346  ff.o(i.f_setlabel)
    f_sync                                   0x08005769   Thumb Code   152  ff.o(i.f_sync)
    f_unlink                                 0x08005801   Thumb Code   190  ff.o(i.f_unlink)
    f_write                                  0x080058bf   Thumb Code   384  ff.o(i.f_write)
    ff_convert                               0x08005a41   Thumb Code    68  cc936.o(i.ff_convert)
    ff_memalloc                              0x08005a8d   Thumb Code     8  diskio.o(i.ff_memalloc)
    ff_memfree                               0x08005a95   Thumb Code     8  diskio.o(i.ff_memfree)
    ff_wtoupper                              0x08005a9d   Thumb Code    28  cc936.o(i.ff_wtoupper)
    font_init                                0x08005d65   Thumb Code    58  fontupd.o(i.font_init)
    fputc                                    0x08005da5   Thumb Code    14  usart.o(i.fputc)
    get_fat                                  0x08005e45   Thumb Code   182  ff.o(i.get_fat)
    get_fattime                              0x08005efb   Thumb Code     4  diskio.o(i.get_fattime)
    main                                     0x08006011   Thumb Code   146  main.o(i.main)
    mf_close                                 0x080060e5   Thumb Code    14  fattester.o(i.mf_close)
    mf_closedir                              0x080060f9   Thumb Code     6  fattester.o(i.mf_closedir)
    mf_fmkfs                                 0x08006105   Thumb Code     4  fattester.o(i.mf_fmkfs)
    mf_getlabel                              0x08006109   Thumb Code    56  fattester.o(i.mf_getlabel)
    mf_gets                                  0x08006189   Thumb Code    36  fattester.o(i.mf_gets)
    mf_lseek                                 0x080061d1   Thumb Code    10  fattester.o(i.mf_lseek)
    mf_mkdir                                 0x080061e1   Thumb Code     4  fattester.o(i.mf_mkdir)
    mf_mount                                 0x080061e5   Thumb Code    14  fattester.o(i.mf_mount)
    mf_open                                  0x080061f9   Thumb Code    12  fattester.o(i.mf_open)
    mf_opendir                               0x08006209   Thumb Code     8  fattester.o(i.mf_opendir)
    mf_putc                                  0x08006215   Thumb Code    14  fattester.o(i.mf_putc)
    mf_puts                                  0x08006229   Thumb Code    14  fattester.o(i.mf_puts)
    mf_read                                  0x0800623d   Thumb Code   210  fattester.o(i.mf_read)
    mf_readdir                               0x08006389   Thumb Code   170  fattester.o(i.mf_readdir)
    mf_rename                                0x080064fd   Thumb Code     4  fattester.o(i.mf_rename)
    mf_scan_files                            0x08006501   Thumb Code   100  fattester.o(i.mf_scan_files)
    mf_setlabel                              0x0800657d   Thumb Code    28  fattester.o(i.mf_setlabel)
    mf_showfree                              0x080065d1   Thumb Code    64  fattester.o(i.mf_showfree)
    mf_size                                  0x08006661   Thumb Code     8  fattester.o(i.mf_size)
    mf_tell                                  0x0800666d   Thumb Code     8  fattester.o(i.mf_tell)
    mf_unlink                                0x08006679   Thumb Code     4  fattester.o(i.mf_unlink)
    mf_write                                 0x0800667d   Thumb Code    64  fattester.o(i.mf_write)
    my_mem_free                              0x08006761   Thumb Code    80  malloc.o(i.my_mem_free)
    my_mem_init                              0x080067b9   Thumb Code    52  malloc.o(i.my_mem_init)
    my_mem_malloc                            0x080067f5   Thumb Code   124  malloc.o(i.my_mem_malloc)
    my_mem_perused                           0x08006879   Thumb Code    48  malloc.o(i.my_mem_perused)
    myfree                                   0x080068b1   Thumb Code    20  malloc.o(i.myfree)
    mymalloc                                 0x080068c9   Thumb Code    28  malloc.o(i.mymalloc)
    mymemset                                 0x080068e9   Thumb Code    12  malloc.o(i.mymemset)
    put_fat                                  0x08007159   Thumb Code   248  ff.o(i.put_fat)
    pvPortMalloc                             0x0800728d   Thumb Code   214  heap_4.o(i.pvPortMalloc)
    pvTaskIncrementMutexHeldCount            0x080073a1   Thumb Code    18  tasks.o(i.pvTaskIncrementMutexHeldCount)
    pxPortInitialiseStack                    0x080073b9   Thumb Code    40  port.o(i.pxPortInitialiseStack)
    read_addr                                0x080073e5   Thumb Code     4  usmart.o(i.read_addr)
    start_task                               0x0800745d   Thumb Code    90  main.o(i.start_task)
    uart_init                                0x08007631   Thumb Code   386  usart.o(i.uart_init)
    ulTaskNotifyTake                         0x080077c9   Thumb Code    96  tasks.o(i.ulTaskNotifyTake)
    usmart_cmd_rec                           0x08007831   Thumb Code   144  usmart.o(i.usmart_cmd_rec)
    usmart_exe                               0x080078c5   Thumb Code   508  usmart.o(i.usmart_exe)
    usmart_get_aparm                         0x08007b21   Thumb Code   156  usmart_str.o(i.usmart_get_aparm)
    usmart_get_cmdname                       0x08007bbd   Thumb Code    46  usmart_str.o(i.usmart_get_cmdname)
    usmart_get_fname                         0x08007bed   Thumb Code   352  usmart_str.o(i.usmart_get_fname)
    usmart_get_fparam                        0x08007d55   Thumb Code   202  usmart_str.o(i.usmart_get_fparam)
    usmart_get_parmpos                       0x08007e25   Thumb Code    30  usmart_str.o(i.usmart_get_parmpos)
    usmart_get_runtime                       0x08007e49   Thumb Code    48  usmart.o(i.usmart_get_runtime)
    usmart_init                              0x08007e81   Thumb Code    36  usmart.o(i.usmart_init)
    usmart_pow                               0x08007ea9   Thumb Code    16  usmart_str.o(i.usmart_pow)
    usmart_reset_runtime                     0x08007eb9   Thumb Code    40  usmart.o(i.usmart_reset_runtime)
    usmart_scan                              0x08007ee9   Thumb Code    94  usmart.o(i.usmart_scan)
    usmart_search_nextc                      0x08007f8d   Thumb Code    16  usmart_str.o(i.usmart_search_nextc)
    usmart_str2num                           0x08007f9d   Thumb Code   160  usmart_str.o(i.usmart_str2num)
    usmart_strcmp                            0x0800803d   Thumb Code    24  usmart_str.o(i.usmart_strcmp)
    usmart_strcopy                           0x08008055   Thumb Code    18  usmart_str.o(i.usmart_strcopy)
    usmart_strlen                            0x08008067   Thumb Code    18  usmart_str.o(i.usmart_strlen)
    usmart_sys_cmd_exe                       0x08008079   Thumb Code  1442  usmart.o(i.usmart_sys_cmd_exe)
    uxListRemove                             0x080086e9   Thumb Code    36  list.o(i.uxListRemove)
    vListInitialise                          0x0800870d   Thumb Code    22  list.o(i.vListInitialise)
    vListInitialiseItem                      0x08008723   Thumb Code     6  list.o(i.vListInitialiseItem)
    vListInsert                              0x08008729   Thumb Code    48  list.o(i.vListInsert)
    vListInsertEnd                           0x08008759   Thumb Code    24  list.o(i.vListInsertEnd)
    vPortEnterCritical                       0x08008771   Thumb Code    50  port.o(i.vPortEnterCritical)
    vPortExitCritical                        0x080087e9   Thumb Code    34  port.o(i.vPortExitCritical)
    vPortFree                                0x0800884d   Thumb Code    94  heap_4.o(i.vPortFree)
    vPortSetupTimerInterrupt                 0x080088e9   Thumb Code    26  port.o(i.vPortSetupTimerInterrupt)
    vPortValidateInterruptPriority           0x08008909   Thumb Code    70  port.o(i.vPortValidateInterruptPriority)
    vQueueAddToRegistry                      0x08008995   Thumb Code    32  queue.o(i.vQueueAddToRegistry)
    vQueueWaitForMessageRestricted           0x080089b9   Thumb Code    68  queue.o(i.vQueueWaitForMessageRestricted)
    vTaskDelay                               0x080089fd   Thumb Code    62  tasks.o(i.vTaskDelay)
    vTaskDelete                              0x08008a69   Thumb Code   152  tasks.o(i.vTaskDelete)
    vTaskMissedYield                         0x08008b35   Thumb Code     8  tasks.o(i.vTaskMissedYield)
    vTaskNotifyGiveFromISR                   0x08008b41   Thumb Code   162  tasks.o(i.vTaskNotifyGiveFromISR)
    vTaskPlaceOnEventList                    0x08008c15   Thumb Code    44  tasks.o(i.vTaskPlaceOnEventList)
    vTaskPlaceOnEventListRestricted          0x08008c69   Thumb Code    52  tasks.o(i.vTaskPlaceOnEventListRestricted)
    vTaskPriorityInherit                     0x08008cc5   Thumb Code   124  tasks.o(i.vTaskPriorityInherit)
    vTaskSetTimeOutState                     0x08008d49   Thumb Code    30  tasks.o(i.vTaskSetTimeOutState)
    vTaskStartScheduler                      0x08008d91   Thumb Code   100  tasks.o(i.vTaskStartScheduler)
    vTaskSuspendAll                          0x08008e29   Thumb Code    10  tasks.o(i.vTaskSuspendAll)
    vTaskSwitchContext                       0x08008e39   Thumb Code   106  tasks.o(i.vTaskSwitchContext)
    write_addr                               0x08008efb   Thumb Code     4  usmart.o(i.write_addr)
    xPortStartScheduler                      0x08008f01   Thumb Code   196  port.o(i.xPortStartScheduler)
    xPortSysTickHandler                      0x08009015   Thumb Code    38  port.o(i.xPortSysTickHandler)
    xQueueGenericCreate                      0x08009041   Thumb Code    82  queue.o(i.xQueueGenericCreate)
    xQueueGenericReceive                     0x080090b9   Thumb Code   348  queue.o(i.xQueueGenericReceive)
    xQueueGenericReset                       0x0800923d   Thumb Code   128  queue.o(i.xQueueGenericReset)
    xQueueGenericSend                        0x080092e5   Thumb Code   350  queue.o(i.xQueueGenericSend)
    xQueueGenericSendFromISR                 0x0800946d   Thumb Code   188  queue.o(i.xQueueGenericSendFromISR)
    xQueueGiveFromISR                        0x0800954d   Thumb Code   162  queue.o(i.xQueueGiveFromISR)
    xTaskCheckForTimeOut                     0x08009615   Thumb Code    94  tasks.o(i.xTaskCheckForTimeOut)
    xTaskCreate                              0x0800969d   Thumb Code    86  tasks.o(i.xTaskCreate)
    xTaskGetSchedulerState                   0x080096f5   Thumb Code    22  tasks.o(i.xTaskGetSchedulerState)
    xTaskGetTickCount                        0x08009711   Thumb Code     6  tasks.o(i.xTaskGetTickCount)
    xTaskIncrementTick                       0x0800971d   Thumb Code   188  tasks.o(i.xTaskIncrementTick)
    xTaskPriorityDisinherit                  0x08009805   Thumb Code   136  tasks.o(i.xTaskPriorityDisinherit)
    xTaskRemoveFromEventList                 0x080098b9   Thumb Code   102  tasks.o(i.xTaskRemoveFromEventList)
    xTaskResumeAll                           0x08009951   Thumb Code   180  tasks.o(i.xTaskResumeAll)
    xTimerCreate                             0x08009a35   Thumb Code    74  timers.o(i.xTimerCreate)
    xTimerCreateTimerTask                    0x08009aa9   Thumb Code    58  timers.o(i.xTimerCreateTimerTask)
    xTimerGenericCommand                     0x08009b1d   Thumb Code    98  timers.o(i.xTimerGenericCommand)
    _fp_init                                 0x08009bad   Thumb Code    10  fpinit.o(x$fpl$fpinit)
    __fplib_config_fpu_vfp                   0x08009bb5   Thumb Code     0  fpinit.o(x$fpl$fpinit)
    __fplib_config_pureend_doubles           0x08009bb5   Thumb Code     0  fpinit.o(x$fpl$fpinit)
    memtblsize                               0x08009bb8   Data          12  malloc.o(.constdata)
    memblksize                               0x08009bc4   Data          12  malloc.o(.constdata)
    memsize                                  0x08009bd0   Data          12  malloc.o(.constdata)
    Region$$Table$$Base                      0x08034bfc   Number         0  anon$$obj.o(Region$$Table)
    Region$$Table$$Limit                     0x08034c1c   Number         0  anon$$obj.o(Region$$Table)
    mem3base                                 0x10000000   Data       61440  malloc.o(.ARM.__AT_0x10000000)
    mem3mapbase                              0x1000f000   Data        3840  malloc.o(.ARM.__AT_0x1000F000)
    First_DMA_Flag                           0x20000000   Data           1  main.o(.data)
    rtcSemaphore                             0x20000004   Data           4  main.o(.data)
    USART1_RxSemaphore                       0x20000008   Data           4  main.o(.data)
    StartTask_Handler                        0x2000000c   Data           4  main.o(.data)
    USART1_ReceiveTask_Handler               0x20000010   Data           4  main.o(.data)
    Keep_timeTask_Handler                    0x20000014   Data           4  main.o(.data)
    SystemCoreClock                          0x20000018   Data           4  system_stm32f4xx.o(.data)
    AHBPrescTable                            0x2000001c   Data          16  system_stm32f4xx.o(.data)
    FreeRTOSRunTimeTicks                     0x20000030   Data           8  timer.o(.data)
    GPIO_SPI2                                0x20000038   Data           8  spi.o(.data)
    W25QXX_TYPE                              0x20000040   Data           2  w25qxx.o(.data)
    TransferError                            0x20000047   Data           1  sdio_sdcard.o(.data)
    TransferEnd                              0x20000048   Data           1  sdio_sdcard.o(.data)
    tempbuff                                 0x20000050   Data           4  sdio_sdcard.o(.data)
    USART_RX_STA                             0x20000058   Data           2  usart.o(.data)
    USART1_RC_Flag                           0x2000005a   Data           1  usart.o(.data)
    USART1_TC_Flag                           0x2000005b   Data           1  usart.o(.data)
    current_rx_buf                           0x2000005c   Data           1  usart.o(.data)
    processing_buf                           0x2000005d   Data           1  usart.o(.data)
    USART1_RX_Data_Size                      0x2000005e   Data           2  usart.o(.data)
    received_len                             0x20000060   Data           2  usart.o(.data)
    __stdout                                 0x20000064   Data           4  usart.o(.data)
    sys_cmd_tab                              0x20000068   Data          28  usmart.o(.data)
    usmart_nametab                           0x20000084   Data         216  usmart_config.o(.data)
    usmart_dev                               0x2000015c   Data         244  usmart_config.o(.data)
    mallco_dev                               0x20000260   Data          36  malloc.o(.data)
    pxCurrentTCB                             0x20000284   Data           4  tasks.o(.data)
    file                                     0x20000300   Data           4  exfuns.o(.data)
    ftemp                                    0x20000304   Data           4  exfuns.o(.data)
    fatbuf                                   0x20000308   Data           4  exfuns.o(.data)
    br                                       0x2000030c   Data           4  exfuns.o(.data)
    bw                                       0x20000310   Data           4  exfuns.o(.data)
    FLASH_SECTOR_COUNT                       0x20000314   Data           2  diskio.o(.data)
    SPI2_EPD                                 0x20000318   Data          18  spi.o(.bss)
    SDIO_InitStructure                       0x20000330   Data          24  sdio_sdcard.o(.bss)
    SDIO_CmdInitStructure                    0x20000348   Data          20  sdio_sdcard.o(.bss)
    SDIO_DataInitStructure                   0x2000035c   Data          24  sdio_sdcard.o(.bss)
    SDCardInfo                               0x20000398   Data          88  sdio_sdcard.o(.bss)
    SDIO_DATA_BUFFER                         0x200003f0   Data         512  sdio_sdcard.o(.bss)
    USART1_RX_Buff                           0x200005f0   Data        1024  usart.o(.bss)
    RX_Buffer                                0x200009f0   Data        2048  usart.o(.bss)
    TX_Buffer                                0x200011f0   Data        1024  usart.o(.bss)
    USART_RX_BUF                             0x200015f0   Data         200  usart.o(.bss)
    mem1base                                 0x200016c0   Data       61440  malloc.o(.bss)
    mem1mapbase                              0x200106c0   Data        3840  malloc.o(.bss)
    xQueueRegistry                           0x200115c0   Data          64  queue.o(.bss)
    fs                                       0x2001690c   Data          12  exfuns.o(.bss)
    fileinfo                                 0x20016918   Data          32  exfuns.o(.bss)
    dir                                      0x20016938   Data          36  exfuns.o(.bss)
    ftinfo                                   0x20016968   Data          33  fontupd.o(.bss)
    __libspace_start                         0x2001698c   Data          96  libspace.o(.bss)
    __temporary_stack_top$libspace           0x200169ec   Data           0  libspace.o(.bss)
    mem2base                                 0x68000000   Data       983040  malloc.o(.ARM.__AT_0x68000000)
    mem2mapbase                              0x680f0000   Data       61440  malloc.o(.ARM.__AT_0x680F0000)



==============================================================================

Memory Map of the image

  Image Entry point : 0x08000189

  Load Region LR_IROM1 (Base: 0x08000000, Size: 0x00034f34, Max: 0x00100000, ABSOLUTE, COMPRESSED[0x00034d3c])

    Execution Region ER_IROM1 (Exec base: 0x08000000, Load base: 0x08000000, Size: 0x00034c1c, Max: 0x00100000, ABSOLUTE)

    Exec Addr    Load Addr    Size         Type   Attr      Idx    E Section Name        Object

    0x08000000   0x08000000   0x00000188   Data   RO         1547    RESET               startup_stm32f40_41xxx.o
    0x08000188   0x08000188   0x00000008   Code   RO         6620  * !!!main             c_w.l(__main.o)
    0x08000190   0x08000190   0x00000034   Code   RO         6844    !!!scatter          c_w.l(__scatter.o)
    0x080001c4   0x080001c4   0x0000005a   Code   RO         6842    !!dczerorl2         c_w.l(__dczerorl2.o)
    0x0800021e   0x0800021e   0x00000002   PAD
    0x08000220   0x08000220   0x0000001c   Code   RO         6846    !!handler_zi        c_w.l(__scatter_zi.o)
    0x0800023c   0x0800023c   0x00000000   Code   RO         6601    .ARM.Collect$$_printf_percent$$00000000  c_w.l(_printf_percent.o)
    0x0800023c   0x0800023c   0x00000006   Code   RO         6599    .ARM.Collect$$_printf_percent$$00000009  c_w.l(_printf_d.o)
    0x08000242   0x08000242   0x00000006   Code   RO         6600    .ARM.Collect$$_printf_percent$$0000000A  c_w.l(_printf_u.o)
    0x08000248   0x08000248   0x00000006   Code   RO         6598    .ARM.Collect$$_printf_percent$$0000000C  c_w.l(_printf_x.o)
    0x0800024e   0x0800024e   0x00000006   Code   RO         6596    .ARM.Collect$$_printf_percent$$00000013  c_w.l(_printf_c.o)
    0x08000254   0x08000254   0x00000006   Code   RO         6597    .ARM.Collect$$_printf_percent$$00000014  c_w.l(_printf_s.o)
    0x0800025a   0x0800025a   0x00000004   Code   RO         6669    .ARM.Collect$$_printf_percent$$00000017  c_w.l(_printf_percent_end.o)
    0x0800025e   0x0800025e   0x00000002   Code   RO         6715    .ARM.Collect$$libinit$$00000000  c_w.l(libinit.o)
    0x08000260   0x08000260   0x00000004   Code   RO         6725    .ARM.Collect$$libinit$$00000001  c_w.l(libinit2.o)
    0x08000264   0x08000264   0x00000000   Code   RO         6729    .ARM.Collect$$libinit$$00000008  c_w.l(libinit2.o)
    0x08000264   0x08000264   0x00000000   Code   RO         6731    .ARM.Collect$$libinit$$0000000A  c_w.l(libinit2.o)
    0x08000264   0x08000264   0x00000000   Code   RO         6733    .ARM.Collect$$libinit$$0000000C  c_w.l(libinit2.o)
    0x08000264   0x08000264   0x00000000   Code   RO         6736    .ARM.Collect$$libinit$$0000000F  c_w.l(libinit2.o)
    0x08000264   0x08000264   0x00000000   Code   RO         6738    .ARM.Collect$$libinit$$00000011  c_w.l(libinit2.o)
    0x08000264   0x08000264   0x00000000   Code   RO         6740    .ARM.Collect$$libinit$$00000013  c_w.l(libinit2.o)
    0x08000264   0x08000264   0x00000000   Code   RO         6742    .ARM.Collect$$libinit$$00000015  c_w.l(libinit2.o)
    0x08000264   0x08000264   0x00000000   Code   RO         6744    .ARM.Collect$$libinit$$00000017  c_w.l(libinit2.o)
    0x08000264   0x08000264   0x00000000   Code   RO         6746    .ARM.Collect$$libinit$$00000019  c_w.l(libinit2.o)
    0x08000264   0x08000264   0x00000000   Code   RO         6748    .ARM.Collect$$libinit$$0000001B  c_w.l(libinit2.o)
    0x08000264   0x08000264   0x00000000   Code   RO         6750    .ARM.Collect$$libinit$$0000001D  c_w.l(libinit2.o)
    0x08000264   0x08000264   0x00000000   Code   RO         6752    .ARM.Collect$$libinit$$0000001F  c_w.l(libinit2.o)
    0x08000264   0x08000264   0x00000000   Code   RO         6754    .ARM.Collect$$libinit$$00000021  c_w.l(libinit2.o)
    0x08000264   0x08000264   0x00000000   Code   RO         6756    .ARM.Collect$$libinit$$00000023  c_w.l(libinit2.o)
    0x08000264   0x08000264   0x00000000   Code   RO         6760    .ARM.Collect$$libinit$$0000002A  c_w.l(libinit2.o)
    0x08000264   0x08000264   0x00000000   Code   RO         6762    .ARM.Collect$$libinit$$0000002C  c_w.l(libinit2.o)
    0x08000264   0x08000264   0x00000000   Code   RO         6764    .ARM.Collect$$libinit$$0000002E  c_w.l(libinit2.o)
    0x08000264   0x08000264   0x00000000   Code   RO         6766    .ARM.Collect$$libinit$$00000030  c_w.l(libinit2.o)
    0x08000264   0x08000264   0x00000002   Code   RO         6767    .ARM.Collect$$libinit$$00000031  c_w.l(libinit2.o)
    0x08000266   0x08000266   0x00000002   Code   RO         6795    .ARM.Collect$$libshutdown$$00000000  c_w.l(libshutdown.o)
    0x08000268   0x08000268   0x00000000   Code   RO         6810    .ARM.Collect$$libshutdown$$00000003  c_w.l(libshutdown2.o)
    0x08000268   0x08000268   0x00000000   Code   RO         6813    .ARM.Collect$$libshutdown$$00000006  c_w.l(libshutdown2.o)
    0x08000268   0x08000268   0x00000000   Code   RO         6816    .ARM.Collect$$libshutdown$$00000009  c_w.l(libshutdown2.o)
    0x08000268   0x08000268   0x00000000   Code   RO         6818    .ARM.Collect$$libshutdown$$0000000B  c_w.l(libshutdown2.o)
    0x08000268   0x08000268   0x00000000   Code   RO         6821    .ARM.Collect$$libshutdown$$0000000E  c_w.l(libshutdown2.o)
    0x08000268   0x08000268   0x00000002   Code   RO         6822    .ARM.Collect$$libshutdown$$0000000F  c_w.l(libshutdown2.o)
    0x0800026a   0x0800026a   0x00000000   Code   RO         6656    .ARM.Collect$$rtentry$$00000000  c_w.l(rtentry.o)
    0x0800026a   0x0800026a   0x00000000   Code   RO         6680    .ARM.Collect$$rtentry$$00000002  c_w.l(rtentry2.o)
    0x0800026a   0x0800026a   0x00000006   Code   RO         6692    .ARM.Collect$$rtentry$$00000004  c_w.l(rtentry4.o)
    0x08000270   0x08000270   0x00000000   Code   RO         6682    .ARM.Collect$$rtentry$$00000009  c_w.l(rtentry2.o)
    0x08000270   0x08000270   0x00000004   Code   RO         6683    .ARM.Collect$$rtentry$$0000000A  c_w.l(rtentry2.o)
    0x08000274   0x08000274   0x00000000   Code   RO         6685    .ARM.Collect$$rtentry$$0000000C  c_w.l(rtentry2.o)
    0x08000274   0x08000274   0x00000008   Code   RO         6686    .ARM.Collect$$rtentry$$0000000D  c_w.l(rtentry2.o)
    0x0800027c   0x0800027c   0x00000002   Code   RO         6719    .ARM.Collect$$rtexit$$00000000  c_w.l(rtexit.o)
    0x0800027e   0x0800027e   0x00000000   Code   RO         6769    .ARM.Collect$$rtexit$$00000002  c_w.l(rtexit2.o)
    0x0800027e   0x0800027e   0x00000004   Code   RO         6770    .ARM.Collect$$rtexit$$00000003  c_w.l(rtexit2.o)
    0x08000282   0x08000282   0x00000006   Code   RO         6771    .ARM.Collect$$rtexit$$00000004  c_w.l(rtexit2.o)
    0x08000288   0x08000288   0x00000010   Code   RO         1264    .emb_text           sys.o
    0x08000298   0x08000298   0x000000b6   Code   RO         4950    .emb_text           port.o
    0x0800034e   0x0800034e   0x00000002   PAD
    0x08000350   0x08000350   0x00000040   Code   RO         1548    .text               startup_stm32f40_41xxx.o
    0x08000390   0x08000390   0x00000002   Code   RO         6535    .text               c_w.l(use_no_semi_2.o)
    0x08000392   0x08000392   0x00000048   Code   RO         6537    .text               c_w.l(llsdiv.o)
    0x080003da   0x080003da   0x00000002   PAD
    0x080003dc   0x080003dc   0x00000018   Code   RO         6543    .text               c_w.l(noretval__2printf.o)
    0x080003f4   0x080003f4   0x0000004e   Code   RO         6549    .text               c_w.l(_printf_pad.o)
    0x08000442   0x08000442   0x00000052   Code   RO         6551    .text               c_w.l(_printf_str.o)
    0x08000494   0x08000494   0x00000074   Code   RO         6553    .text               c_w.l(_printf_dec.o)
    0x08000508   0x08000508   0x00000058   Code   RO         6558    .text               c_w.l(_printf_hex_int.o)
    0x08000560   0x08000560   0x00000188   Code   RO         6593    .text               c_w.l(__printf_flags_ss_wp.o)
    0x080006e8   0x080006e8   0x0000008a   Code   RO         6606    .text               c_w.l(rt_memcpy_v6.o)
    0x08000772   0x08000772   0x00000064   Code   RO         6608    .text               c_w.l(rt_memcpy_w.o)
    0x080007d6   0x080007d6   0x00000010   Code   RO         6610    .text               c_w.l(aeabi_memset.o)
    0x080007e6   0x080007e6   0x00000044   Code   RO         6612    .text               c_w.l(rt_memclr.o)
    0x0800082a   0x0800082a   0x0000004e   Code   RO         6614    .text               c_w.l(rt_memclr_w.o)
    0x08000878   0x08000878   0x00000006   Code   RO         6618    .text               c_w.l(heapauxi.o)
    0x0800087e   0x0800087e   0x00000002   Code   RO         6654    .text               c_w.l(use_no_semi.o)
    0x08000880   0x08000880   0x000000ee   Code   RO         6657    .text               c_w.l(lludivv7m.o)
    0x0800096e   0x0800096e   0x000000b2   Code   RO         6659    .text               c_w.l(_printf_intcommon.o)
    0x08000a20   0x08000a20   0x00000030   Code   RO         6661    .text               c_w.l(_printf_char_common.o)
    0x08000a50   0x08000a50   0x0000002c   Code   RO         6665    .text               c_w.l(_printf_char.o)
    0x08000a7c   0x08000a7c   0x00000024   Code   RO         6667    .text               c_w.l(_printf_char_file.o)
    0x08000aa0   0x08000aa0   0x00000008   Code   RO         6700    .text               c_w.l(ferror.o)
    0x08000aa8   0x08000aa8   0x0000004a   Code   RO         6704    .text               c_w.l(sys_stackheap_outer.o)
    0x08000af2   0x08000af2   0x0000000c   Code   RO         6708    .text               c_w.l(exit.o)
    0x08000afe   0x08000afe   0x00000002   PAD
    0x08000b00   0x08000b00   0x00000008   Code   RO         6716    .text               c_w.l(libspace.o)
    0x08000b08   0x08000b08   0x00000002   Code   RO          306    i.BusFault_Handler  stm32f4xx_it.o
    0x08000b0a   0x08000b0a   0x0000002a   Code   RO          962    i.CmdError          sdio_sdcard.o
    0x08000b34   0x08000b34   0x00000058   Code   RO          963    i.CmdResp1Error     sdio_sdcard.o
    0x08000b8c   0x08000b8c   0x00000048   Code   RO          964    i.CmdResp2Error     sdio_sdcard.o
    0x08000bd4   0x08000bd4   0x00000030   Code   RO          965    i.CmdResp3Error     sdio_sdcard.o
    0x08000c04   0x08000c04   0x0000007c   Code   RO          966    i.CmdResp6Error     sdio_sdcard.o
    0x08000c80   0x08000c80   0x0000003c   Code   RO          967    i.CmdResp7Error     sdio_sdcard.o
    0x08000cbc   0x08000cbc   0x00000014   Code   RO          463    i.ConfigureTimeForRunTimeStats  timer.o
    0x08000cd0   0x08000cd0   0x00000044   Code   RO         1282    i.DMA2_Stream5_IRQHandler  usart.o
    0x08000d14   0x08000d14   0x00000034   Code   RO         1283    i.DMA2_Stream7_IRQHandler  usart.o
    0x08000d48   0x08000d48   0x0000002c   Code   RO         3179    i.DMA_ClearITPendingBit  stm32f4xx_dma.o
    0x08000d74   0x08000d74   0x00000014   Code   RO         3180    i.DMA_Cmd           stm32f4xx_dma.o
    0x08000d88   0x08000d88   0x00000124   Code   RO         3181    i.DMA_DeInit        stm32f4xx_dma.o
    0x08000eac   0x08000eac   0x00000014   Code   RO         3184    i.DMA_FlowControllerConfig  stm32f4xx_dma.o
    0x08000ec0   0x08000ec0   0x0000000e   Code   RO         3185    i.DMA_GetCmdStatus  stm32f4xx_dma.o
    0x08000ece   0x08000ece   0x00000006   Code   RO         3186    i.DMA_GetCurrDataCounter  stm32f4xx_dma.o
    0x08000ed4   0x08000ed4   0x00000054   Code   RO         3190    i.DMA_GetITStatus   stm32f4xx_dma.o
    0x08000f28   0x08000f28   0x0000002c   Code   RO         3191    i.DMA_ITConfig      stm32f4xx_dma.o
    0x08000f54   0x08000f54   0x00000054   Code   RO         3192    i.DMA_Init          stm32f4xx_dma.o
    0x08000fa8   0x08000fa8   0x00000004   Code   RO         3195    i.DMA_SetCurrDataCounter  stm32f4xx_dma.o
    0x08000fac   0x08000fac   0x00000002   Code   RO          307    i.DebugMon_Handler  stm32f4xx_it.o
    0x08000fae   0x08000fae   0x00000002   PAD
    0x08000fb0   0x08000fb0   0x00000048   Code   RO         5723    i.EPD_GPIO_Init     dev_config.o
    0x08000ff8   0x08000ff8   0x0000000c   Code   RO         3117    i.EXTI_ClearITPendingBit  stm32f4xx_exti.o
    0x08001004   0x08001004   0x00000070   Code   RO         3122    i.EXTI_Init         stm32f4xx_exti.o
    0x08001074   0x08001074   0x00000144   Code   RO          968    i.FindSCR           sdio_sdcard.o
    0x080011b8   0x080011b8   0x00000078   Code   RO         1599    i.GPIO_Init         stm32f4xx_gpio.o
    0x08001230   0x08001230   0x00000020   Code   RO         1600    i.GPIO_PinAFConfig  stm32f4xx_gpio.o
    0x08001250   0x08001250   0x00000004   Code   RO         1607    i.GPIO_SetBits      stm32f4xx_gpio.o
    0x08001254   0x08001254   0x00000002   Code   RO          308    i.HardFault_Handler  stm32f4xx_it.o
    0x08001256   0x08001256   0x00000002   PAD
    0x08001258   0x08001258   0x00000094   Code   RO          969    i.IsCardProgramming  sdio_sdcard.o
    0x080012ec   0x080012ec   0x00000044   Code   RO          720    i.KEY_Init          key.o
    0x08001330   0x08001330   0x00000028   Code   RO            3    i.Keep_time_task    main.o
    0x08001358   0x08001358   0x00000040   Code   RO          443    i.LED_Init          led.o
    0x08001398   0x08001398   0x00000002   Code   RO          309    i.MemManage_Handler  stm32f4xx_it.o
    0x0800139a   0x0800139a   0x00000088   Code   RO         1172    i.My_RTC_Init       rtc.o
    0x08001422   0x08001422   0x00000002   Code   RO          310    i.NMI_Handler       stm32f4xx_it.o
    0x08001424   0x08001424   0x00000064   Code   RO         1554    i.NVIC_Init         misc.o
    0x08001488   0x08001488   0x00000014   Code   RO         1555    i.NVIC_PriorityGroupConfig  misc.o
    0x0800149c   0x0800149c   0x0000000c   Code   RO         3854    i.PWR_BackupAccessCmd  stm32f4xx_pwr.o
    0x080014a8   0x080014a8   0x00000018   Code   RO         1860    i.RCC_AHB1PeriphClockCmd  stm32f4xx_rcc.o
    0x080014c0   0x080014c0   0x00000018   Code   RO         1869    i.RCC_APB1PeriphClockCmd  stm32f4xx_rcc.o
    0x080014d8   0x080014d8   0x00000018   Code   RO         1871    i.RCC_APB1PeriphResetCmd  stm32f4xx_rcc.o
    0x080014f0   0x080014f0   0x00000018   Code   RO         1872    i.RCC_APB2PeriphClockCmd  stm32f4xx_rcc.o
    0x08001508   0x08001508   0x00000018   Code   RO         1874    i.RCC_APB2PeriphResetCmd  stm32f4xx_rcc.o
    0x08001520   0x08001520   0x00000090   Code   RO         1881    i.RCC_GetClocksFreq  stm32f4xx_rcc.o
    0x080015b0   0x080015b0   0x00000034   Code   RO         1882    i.RCC_GetFlagStatus  stm32f4xx_rcc.o
    0x080015e4   0x080015e4   0x0000001c   Code   RO         1890    i.RCC_LSEConfig     stm32f4xx_rcc.o
    0x08001600   0x08001600   0x0000000c   Code   RO         1904    i.RCC_RTCCLKCmd     stm32f4xx_rcc.o
    0x0800160c   0x0800160c   0x00000030   Code   RO         1905    i.RCC_RTCCLKConfig  stm32f4xx_rcc.o
    0x0800163c   0x0800163c   0x00000012   Code   RO         3503    i.RTC_Bcd2ToByte    stm32f4xx_rtc.o
    0x0800164e   0x0800164e   0x00000018   Code   RO         3505    i.RTC_ByteToBcd2    stm32f4xx_rtc.o
    0x08001666   0x08001666   0x00000002   PAD
    0x08001668   0x08001668   0x0000001c   Code   RO         3509    i.RTC_ClearITPendingBit  stm32f4xx_rtc.o
    0x08001684   0x08001684   0x0000003c   Code   RO         3515    i.RTC_EnterInitMode  stm32f4xx_rtc.o
    0x080016c0   0x080016c0   0x00000010   Code   RO         3516    i.RTC_ExitInitMode  stm32f4xx_rtc.o
    0x080016d0   0x080016d0   0x0000001c   Code   RO         3520    i.RTC_GetFlagStatus  stm32f4xx_rtc.o
    0x080016ec   0x080016ec   0x00000040   Code   RO         3528    i.RTC_ITConfig      stm32f4xx_rtc.o
    0x0800172c   0x0800172c   0x00000050   Code   RO         3529    i.RTC_Init          stm32f4xx_rtc.o
    0x0800177c   0x0800177c   0x00000014   Code   RO         3532    i.RTC_ReadBackupRegister  stm32f4xx_rtc.o
    0x08001790   0x08001790   0x00000098   Code   RO         3535    i.RTC_SetDate       stm32f4xx_rtc.o
    0x08001828   0x08001828   0x000000a0   Code   RO         3536    i.RTC_SetTime       stm32f4xx_rtc.o
    0x080018c8   0x080018c8   0x0000001c   Code   RO         3537    i.RTC_SetWakeUpCounter  stm32f4xx_rtc.o
    0x080018e4   0x080018e4   0x0000001c   Code   RO         1174    i.RTC_Set_Date      rtc.o
    0x08001900   0x08001900   0x0000001c   Code   RO         1175    i.RTC_Set_Time      rtc.o
    0x0800191c   0x0800191c   0x0000006e   Code   RO         1176    i.RTC_Set_WakeUp    rtc.o
    0x0800198a   0x0800198a   0x00000002   PAD
    0x0800198c   0x0800198c   0x00000048   Code   RO          311    i.RTC_WKUP_IRQHandler  stm32f4xx_it.o
    0x080019d4   0x080019d4   0x0000004c   Code   RO         3552    i.RTC_WaitForSynchro  stm32f4xx_rtc.o
    0x08001a20   0x08001a20   0x00000028   Code   RO         3553    i.RTC_WakeUpClockConfig  stm32f4xx_rtc.o
    0x08001a48   0x08001a48   0x00000058   Code   RO         3554    i.RTC_WakeUpCmd     stm32f4xx_rtc.o
    0x08001aa0   0x08001aa0   0x00000014   Code   RO         3555    i.RTC_WriteBackupRegister  stm32f4xx_rtc.o
    0x08001ab4   0x08001ab4   0x0000008c   Code   RO          970    i.SDEnWideBus       sdio_sdcard.o
    0x08001b40   0x08001b40   0x0000000c   Code   RO         3307    i.SDIO_ClearFlag    stm32f4xx_sdio.o
    0x08001b4c   0x08001b4c   0x00000014   Code   RO          971    i.SDIO_Clock_Set    sdio_sdcard.o
    0x08001b60   0x08001b60   0x00000030   Code   RO         3313    i.SDIO_DataConfig   stm32f4xx_sdio.o
    0x08001b90   0x08001b90   0x00000014   Code   RO         3319    i.SDIO_GetFlagStatus  stm32f4xx_sdio.o
    0x08001ba4   0x08001ba4   0x00000010   Code   RO         3321    i.SDIO_GetPowerState  stm32f4xx_sdio.o
    0x08001bb4   0x08001bb4   0x00000004   Code   RO          972    i.SDIO_IRQHandler   sdio_sdcard.o
    0x08001bb8   0x08001bb8   0x0000002c   Code   RO         3324    i.SDIO_Init         stm32f4xx_sdio.o
    0x08001be4   0x08001be4   0x00000038   Code   RO          973    i.SDIO_Register_Deinit  sdio_sdcard.o
    0x08001c1c   0x08001c1c   0x00000028   Code   RO         3327    i.SDIO_SendCommand  stm32f4xx_sdio.o
    0x08001c44   0x08001c44   0x0000000c   Code   RO         3329    i.SDIO_SetPowerState  stm32f4xx_sdio.o
    0x08001c50   0x08001c50   0x00000078   Code   RO          974    i.SD_DMA_Config     sdio_sdcard.o
    0x08001cc8   0x08001cc8   0x0000004c   Code   RO          975    i.SD_EnableWideBusOperation  sdio_sdcard.o
    0x08001d14   0x08001d14   0x00000218   Code   RO          976    i.SD_GetCardInfo    sdio_sdcard.o
    0x08001f2c   0x08001f2c   0x0000011c   Code   RO          978    i.SD_Init           sdio_sdcard.o
    0x08002048   0x08002048   0x0000011c   Code   RO          979    i.SD_InitializeCards  sdio_sdcard.o
    0x08002164   0x08002164   0x000001a4   Code   RO          981    i.SD_PowerON        sdio_sdcard.o
    0x08002308   0x08002308   0x000000f0   Code   RO          982    i.SD_ProcessIRQSrc  sdio_sdcard.o
    0x080023f8   0x080023f8   0x00000208   Code   RO          983    i.SD_ReadBlock      sdio_sdcard.o
    0x08002600   0x08002600   0x00000078   Code   RO          984    i.SD_ReadDisk       sdio_sdcard.o
    0x08002678   0x08002678   0x00000270   Code   RO          985    i.SD_ReadMultiBlocks  sdio_sdcard.o
    0x080028e8   0x080028e8   0x0000002c   Code   RO          986    i.SD_SelectDeselect  sdio_sdcard.o
    0x08002914   0x08002914   0x00000018   Code   RO          988    i.SD_SetDeviceMode  sdio_sdcard.o
    0x0800292c   0x0800292c   0x000002dc   Code   RO          989    i.SD_WriteBlock     sdio_sdcard.o
    0x08002c08   0x08002c08   0x00000070   Code   RO          990    i.SD_WriteDisk      sdio_sdcard.o
    0x08002c78   0x08002c78   0x00000300   Code   RO          991    i.SD_WriteMultiBlocks  sdio_sdcard.o
    0x08002f78   0x08002f78   0x000000c4   Code   RO          813    i.SPI1_Init         spi.o
    0x0800303c   0x0800303c   0x00000034   Code   RO          814    i.SPI1_ReadWriteByte  spi.o
    0x08003070   0x08003070   0x0000001c   Code   RO          815    i.SPI1_SetSpeed     spi.o
    0x0800308c   0x0800308c   0x000000cc   Code   RO          816    i.SPI2_Init         spi.o
    0x08003158   0x08003158   0x00000014   Code   RO         1702    i.SPI_Cmd           stm32f4xx_spi.o
    0x0800316c   0x0800316c   0x0000000e   Code   RO         1710    i.SPI_I2S_GetFlagStatus  stm32f4xx_spi.o
    0x0800317a   0x0800317a   0x00000004   Code   RO         1713    i.SPI_I2S_ReceiveData  stm32f4xx_spi.o
    0x0800317e   0x0800317e   0x00000004   Code   RO         1714    i.SPI_I2S_SendData  stm32f4xx_spi.o
    0x08003182   0x08003182   0x00000038   Code   RO         1715    i.SPI_Init          stm32f4xx_spi.o
    0x080031ba   0x080031ba   0x00000002   PAD
    0x080031bc   0x080031bc   0x000000b4   Code   RO          406    i.SetSysClock       system_stm32f4xx.o
    0x08003270   0x08003270   0x00000018   Code   RO         1558    i.SysTick_CLKSourceConfig  misc.o
    0x08003288   0x08003288   0x00000014   Code   RO         1218    i.SysTick_Handler   delay.o
    0x0800329c   0x0800329c   0x0000005c   Code   RO          408    i.SystemInit        system_stm32f4xx.o
    0x080032f8   0x080032f8   0x00000034   Code   RO          464    i.TIM3_IRQHandler   timer.o
    0x0800332c   0x0800332c   0x0000005c   Code   RO          465    i.TIM3_Int_Init     timer.o
    0x08003388   0x08003388   0x0000003c   Code   RO         1363    i.TIM4_IRQHandler   usmart.o
    0x080033c4   0x080033c4   0x00000006   Code   RO         2446    i.TIM_ClearFlag     stm32f4xx_tim.o
    0x080033ca   0x080033ca   0x00000006   Code   RO         2447    i.TIM_ClearITPendingBit  stm32f4xx_tim.o
    0x080033d0   0x080033d0   0x00000014   Code   RO         2452    i.TIM_Cmd           stm32f4xx_tim.o
    0x080033e4   0x080033e4   0x00000004   Code   RO         2471    i.TIM_GetCounter    stm32f4xx_tim.o
    0x080033e8   0x080033e8   0x0000000e   Code   RO         2472    i.TIM_GetFlagStatus  stm32f4xx_tim.o
    0x080033f6   0x080033f6   0x00000018   Code   RO         2473    i.TIM_GetITStatus   stm32f4xx_tim.o
    0x0800340e   0x0800340e   0x00000010   Code   RO         2477    i.TIM_ITConfig      stm32f4xx_tim.o
    0x0800341e   0x0800341e   0x00000004   Code   RO         2512    i.TIM_SetAutoreload  stm32f4xx_tim.o
    0x08003422   0x08003422   0x00000004   Code   RO         2518    i.TIM_SetCounter    stm32f4xx_tim.o
    0x08003426   0x08003426   0x00000002   PAD
    0x08003428   0x08003428   0x0000007c   Code   RO         2524    i.TIM_TimeBaseInit  stm32f4xx_tim.o
    0x080034a4   0x080034a4   0x0000005c   Code   RO         1364    i.Timer4_Init       usmart.o
    0x08003500   0x08003500   0x000000a8   Code   RO         1286    i.USART1_IRQHandler  usart.o
    0x080035a8   0x080035a8   0x00000094   Code   RO            5    i.USART1_ReceiveTask  main.o
    0x0800363c   0x0800363c   0x00000014   Code   RO         2254    i.USART_Cmd         stm32f4xx_usart.o
    0x08003650   0x08003650   0x00000010   Code   RO         2255    i.USART_DMACmd      stm32f4xx_usart.o
    0x08003660   0x08003660   0x0000003e   Code   RO         2258    i.USART_GetITStatus  stm32f4xx_usart.o
    0x0800369e   0x0800369e   0x00000030   Code   RO         2260    i.USART_ITConfig    stm32f4xx_usart.o
    0x080036ce   0x080036ce   0x00000002   PAD
    0x080036d0   0x080036d0   0x000000ac   Code   RO         2261    i.USART_Init        stm32f4xx_usart.o
    0x0800377c   0x0800377c   0x00000002   Code   RO          312    i.UsageFault_Handler  stm32f4xx_it.o
    0x0800377e   0x0800377e   0x00000002   PAD
    0x08003780   0x08003780   0x0000002c   Code   RO          855    i.W25QXX_Erase_Chip  w25qxx.o
    0x080037ac   0x080037ac   0x00000058   Code   RO          856    i.W25QXX_Erase_Sector  w25qxx.o
    0x08003804   0x08003804   0x00000084   Code   RO          857    i.W25QXX_Init       w25qxx.o
    0x08003888   0x08003888   0x00000050   Code   RO          859    i.W25QXX_Read       w25qxx.o
    0x080038d8   0x080038d8   0x00000044   Code   RO          860    i.W25QXX_ReadID     w25qxx.o
    0x0800391c   0x0800391c   0x00000024   Code   RO          861    i.W25QXX_ReadSR     w25qxx.o
    0x08003940   0x08003940   0x0000000c   Code   RO          863    i.W25QXX_Wait_Busy  w25qxx.o
    0x0800394c   0x0800394c   0x000000a6   Code   RO          864    i.W25QXX_Write      w25qxx.o
    0x080039f2   0x080039f2   0x00000002   PAD
    0x080039f4   0x080039f4   0x00000020   Code   RO          866    i.W25QXX_Write_Enable  w25qxx.o
    0x08003a14   0x08003a14   0x0000003e   Code   RO          867    i.W25QXX_Write_NoCheck  w25qxx.o
    0x08003a52   0x08003a52   0x00000002   PAD
    0x08003a54   0x08003a54   0x00000058   Code   RO          868    i.W25QXX_Write_Page  w25qxx.o
    0x08003aac   0x08003aac   0x0000000e   Code   RO         6586    i._is_digit         c_w.l(__printf_wp.o)
    0x08003aba   0x08003aba   0x00000002   Code   RO         1287    i._sys_exit         usart.o
    0x08003abc   0x08003abc   0x0000005c   Code   RO         5362    i.check_fs          ff.o
    0x08003b18   0x08003b18   0x00000010   Code   RO         5363    i.chk_chr           ff.o
    0x08003b28   0x08003b28   0x00000024   Code   RO         5364    i.clmt_clust        ff.o
    0x08003b4c   0x08003b4c   0x00000018   Code   RO         5365    i.clust2sect        ff.o
    0x08003b64   0x08003b64   0x00000012   Code   RO          992    i.convert_from_bytes_to_power_of_two  sdio_sdcard.o
    0x08003b76   0x08003b76   0x0000009e   Code   RO         5366    i.create_chain      ff.o
    0x08003c14   0x08003c14   0x00000218   Code   RO         5367    i.create_name       ff.o
    0x08003e2c   0x08003e2c   0x00000038   Code   RO         1219    i.delay_init        delay.o
    0x08003e64   0x08003e64   0x00000038   Code   RO         1220    i.delay_ms          delay.o
    0x08003e9c   0x08003e9c   0x00000034   Code   RO         1221    i.delay_us          delay.o
    0x08003ed0   0x08003ed0   0x00000042   Code   RO         5368    i.dir_alloc         ff.o
    0x08003f12   0x08003f12   0x00000002   PAD
    0x08003f14   0x08003f14   0x0000012c   Code   RO         5369    i.dir_find          ff.o
    0x08004040   0x08004040   0x000000e6   Code   RO         5370    i.dir_next          ff.o
    0x08004126   0x08004126   0x00000002   PAD
    0x08004128   0x08004128   0x000000fc   Code   RO         5371    i.dir_read          ff.o
    0x08004224   0x08004224   0x00000164   Code   RO         5372    i.dir_register      ff.o
    0x08004388   0x08004388   0x00000062   Code   RO         5373    i.dir_remove        ff.o
    0x080043ea   0x080043ea   0x0000007c   Code   RO         5374    i.dir_sdi           ff.o
    0x08004466   0x08004466   0x00000002   PAD
    0x08004468   0x08004468   0x00000028   Code   RO         5296    i.disk_initialize   diskio.o
    0x08004490   0x08004490   0x00000074   Code   RO         5297    i.disk_ioctl        diskio.o
    0x08004504   0x08004504   0x0000004c   Code   RO         5298    i.disk_read         diskio.o
    0x08004550   0x08004550   0x00000004   Code   RO         5299    i.disk_status       diskio.o
    0x08004554   0x08004554   0x0000004c   Code   RO         5300    i.disk_write        diskio.o
    0x080045a0   0x080045a0   0x00000064   Code   RO         5094    i.exfuns_init       exfuns.o
    0x08004604   0x08004604   0x0000001c   Code   RO         5376    i.f_close           ff.o
    0x08004620   0x08004620   0x00000012   Code   RO         5377    i.f_closedir        ff.o
    0x08004632   0x08004632   0x000000c0   Code   RO         5378    i.f_getfree         ff.o
    0x080046f2   0x080046f2   0x0000008e   Code   RO         5379    i.f_getlabel        ff.o
    0x08004780   0x08004780   0x00000044   Code   RO         5380    i.f_gets            ff.o
    0x080047c4   0x080047c4   0x00000200   Code   RO         5381    i.f_lseek           ff.o
    0x080049c4   0x080049c4   0x00000180   Code   RO         5382    i.f_mkdir           ff.o
    0x08004b44   0x08004b44   0x0000052e   Code   RO         5383    i.f_mkfs            ff.o
    0x08005072   0x08005072   0x00000002   PAD
    0x08005074   0x08005074   0x0000004c   Code   RO         5384    i.f_mount           ff.o
    0x080050c0   0x080050c0   0x00000158   Code   RO         5385    i.f_open            ff.o
    0x08005218   0x08005218   0x00000080   Code   RO         5386    i.f_opendir         ff.o
    0x08005298   0x08005298   0x0000003c   Code   RO         5388    i.f_putc            ff.o
    0x080052d4   0x080052d4   0x00000046   Code   RO         5389    i.f_puts            ff.o
    0x0800531a   0x0800531a   0x00000148   Code   RO         5390    i.f_read            ff.o
    0x08005462   0x08005462   0x00000074   Code   RO         5391    i.f_readdir         ff.o
    0x080054d6   0x080054d6   0x00000124   Code   RO         5392    i.f_rename          ff.o
    0x080055fa   0x080055fa   0x00000002   PAD
    0x080055fc   0x080055fc   0x0000016c   Code   RO         5393    i.f_setlabel        ff.o
    0x08005768   0x08005768   0x00000098   Code   RO         5395    i.f_sync            ff.o
    0x08005800   0x08005800   0x000000be   Code   RO         5397    i.f_unlink          ff.o
    0x080058be   0x080058be   0x00000180   Code   RO         5399    i.f_write           ff.o
    0x08005a3e   0x08005a3e   0x00000002   PAD
    0x08005a40   0x08005a40   0x0000004c   Code   RO         5684    i.ff_convert        cc936.o
    0x08005a8c   0x08005a8c   0x00000008   Code   RO         5301    i.ff_memalloc       diskio.o
    0x08005a94   0x08005a94   0x00000008   Code   RO         5302    i.ff_memfree        diskio.o
    0x08005a9c   0x08005a9c   0x00000024   Code   RO         5685    i.ff_wtoupper       cc936.o
    0x08005ac0   0x08005ac0   0x0000023c   Code   RO         5400    i.find_volume       ff.o
    0x08005cfc   0x08005cfc   0x00000066   Code   RO         5401    i.follow_path       ff.o
    0x08005d62   0x08005d62   0x00000002   PAD
    0x08005d64   0x08005d64   0x00000040   Code   RO         6214    i.font_init         fontupd.o
    0x08005da4   0x08005da4   0x00000014   Code   RO         1288    i.fputc             usart.o
    0x08005db8   0x08005db8   0x0000008c   Code   RO         5402    i.gen_numname       ff.o
    0x08005e44   0x08005e44   0x000000b6   Code   RO         5403    i.get_fat           ff.o
    0x08005efa   0x08005efa   0x00000004   Code   RO         5303    i.get_fattime       diskio.o
    0x08005efe   0x08005efe   0x000000c2   Code   RO         5404    i.get_fileinfo      ff.o
    0x08005fc0   0x08005fc0   0x0000003c   Code   RO         5405    i.get_ldnumber      ff.o
    0x08005ffc   0x08005ffc   0x00000012   Code   RO         5406    i.ld_clust          ff.o
    0x0800600e   0x0800600e   0x00000002   PAD
    0x08006010   0x08006010   0x000000b4   Code   RO            6    i.main              main.o
    0x080060c4   0x080060c4   0x00000010   Code   RO         5407    i.mem_cpy           ff.o
    0x080060d4   0x080060d4   0x0000000e   Code   RO         5408    i.mem_set           ff.o
    0x080060e2   0x080060e2   0x00000002   PAD
    0x080060e4   0x080060e4   0x00000014   Code   RO         5146    i.mf_close          fattester.o
    0x080060f8   0x080060f8   0x0000000c   Code   RO         5147    i.mf_closedir       fattester.o
    0x08006104   0x08006104   0x00000004   Code   RO         5148    i.mf_fmkfs          fattester.o
    0x08006108   0x08006108   0x00000080   Code   RO         5149    i.mf_getlabel       fattester.o
    0x08006188   0x08006188   0x00000048   Code   RO         5150    i.mf_gets           fattester.o
    0x080061d0   0x080061d0   0x00000010   Code   RO         5151    i.mf_lseek          fattester.o
    0x080061e0   0x080061e0   0x00000004   Code   RO         5152    i.mf_mkdir          fattester.o
    0x080061e4   0x080061e4   0x00000014   Code   RO         5153    i.mf_mount          fattester.o
    0x080061f8   0x080061f8   0x00000010   Code   RO         5154    i.mf_open           fattester.o
    0x08006208   0x08006208   0x0000000c   Code   RO         5155    i.mf_opendir        fattester.o
    0x08006214   0x08006214   0x00000014   Code   RO         5156    i.mf_putc           fattester.o
    0x08006228   0x08006228   0x00000014   Code   RO         5157    i.mf_puts           fattester.o
    0x0800623c   0x0800623c   0x0000014c   Code   RO         5158    i.mf_read           fattester.o
    0x08006388   0x08006388   0x00000174   Code   RO         5159    i.mf_readdir        fattester.o
    0x080064fc   0x080064fc   0x00000004   Code   RO         5160    i.mf_rename         fattester.o
    0x08006500   0x08006500   0x0000007c   Code   RO         5161    i.mf_scan_files     fattester.o
    0x0800657c   0x0800657c   0x00000054   Code   RO         5162    i.mf_setlabel       fattester.o
    0x080065d0   0x080065d0   0x00000090   Code   RO         5163    i.mf_showfree       fattester.o
    0x08006660   0x08006660   0x0000000c   Code   RO         5164    i.mf_size           fattester.o
    0x0800666c   0x0800666c   0x0000000c   Code   RO         5165    i.mf_tell           fattester.o
    0x08006678   0x08006678   0x00000004   Code   RO         5166    i.mf_unlink         fattester.o
    0x0800667c   0x0800667c   0x000000b4   Code   RO         5167    i.mf_write          fattester.o
    0x08006730   0x08006730   0x0000002e   Code   RO         5409    i.move_window       ff.o
    0x0800675e   0x0800675e   0x00000002   PAD
    0x08006760   0x08006760   0x00000058   Code   RO         3976    i.my_mem_free       malloc.o
    0x080067b8   0x080067b8   0x0000003c   Code   RO         3977    i.my_mem_init       malloc.o
    0x080067f4   0x080067f4   0x00000084   Code   RO         3978    i.my_mem_malloc     malloc.o
    0x08006878   0x08006878   0x00000038   Code   RO         3979    i.my_mem_perused    malloc.o
    0x080068b0   0x080068b0   0x00000018   Code   RO         3980    i.myfree            malloc.o
    0x080068c8   0x080068c8   0x00000020   Code   RO         3981    i.mymalloc          malloc.o
    0x080068e8   0x080068e8   0x0000000c   Code   RO         3983    i.mymemset          malloc.o
    0x080068f4   0x080068f4   0x00000070   Code   RO         4458    i.prvAddCurrentTaskToDelayedList  tasks.o
    0x08006964   0x08006964   0x000000d0   Code   RO         4459    i.prvAddNewTaskToReadyList  tasks.o
    0x08006a34   0x08006a34   0x00000050   Code   RO         4822    i.prvCheckForValidListAndQueue  timers.o
    0x08006a84   0x08006a84   0x00000054   Code   RO         4460    i.prvCheckTasksWaitingTermination  tasks.o
    0x08006ad8   0x08006ad8   0x00000026   Code   RO         4232    i.prvCopyDataFromQueue  queue.o
    0x08006afe   0x08006afe   0x0000006c   Code   RO         4233    i.prvCopyDataToQueue  queue.o
    0x08006b6a   0x08006b6a   0x00000014   Code   RO         4461    i.prvDeleteTCB      tasks.o
    0x08006b7e   0x08006b7e   0x00000002   PAD
    0x08006b80   0x08006b80   0x0000004c   Code   RO         5035    i.prvHeapInit       heap_4.o
    0x08006bcc   0x08006bcc   0x00000028   Code   RO         4462    i.prvIdleTask       tasks.o
    0x08006bf4   0x08006bf4   0x000000c0   Code   RO         4463    i.prvInitialiseNewTask  tasks.o
    0x08006cb4   0x08006cb4   0x0000004c   Code   RO         5036    i.prvInsertBlockIntoFreeList  heap_4.o
    0x08006d00   0x08006d00   0x00000038   Code   RO         4823    i.prvInsertTimerInActiveList  timers.o
    0x08006d38   0x08006d38   0x0000001a   Code   RO         4234    i.prvIsQueueEmpty   queue.o
    0x08006d52   0x08006d52   0x00000002   PAD
    0x08006d54   0x08006d54   0x00000090   Code   RO         4235    i.prvNotifyQueueSetContainer  queue.o
    0x08006de4   0x08006de4   0x00000060   Code   RO         4824    i.prvProcessExpiredTimer  timers.o
    0x08006e44   0x08006e44   0x000000f0   Code   RO         4825    i.prvProcessReceivedCommands  timers.o
    0x08006f34   0x08006f34   0x0000006c   Code   RO         4826    i.prvProcessTimerOrBlockTask  timers.o
    0x08006fa0   0x08006fa0   0x00000020   Code   RO         4465    i.prvResetNextTaskUnblockTime  tasks.o
    0x08006fc0   0x08006fc0   0x00000028   Code   RO         4827    i.prvSampleTimeNow  timers.o
    0x08006fe8   0x08006fe8   0x0000006c   Code   RO         4828    i.prvSwitchTimerLists  timers.o
    0x08007054   0x08007054   0x00000064   Code   RO         4951    i.prvTaskExitError  port.o
    0x080070b8   0x080070b8   0x00000028   Code   RO         4829    i.prvTimerTask      timers.o
    0x080070e0   0x080070e0   0x00000078   Code   RO         4236    i.prvUnlockQueue    queue.o
    0x08007158   0x08007158   0x000000f8   Code   RO         5410    i.put_fat           ff.o
    0x08007250   0x08007250   0x0000003a   Code   RO         5411    i.putc_bfd          ff.o
    0x0800728a   0x0800728a   0x00000002   PAD
    0x0800728c   0x0800728c   0x00000114   Code   RO         5037    i.pvPortMalloc      heap_4.o
    0x080073a0   0x080073a0   0x00000018   Code   RO         4468    i.pvTaskIncrementMutexHeldCount  tasks.o
    0x080073b8   0x080073b8   0x0000002c   Code   RO         4952    i.pxPortInitialiseStack  port.o
    0x080073e4   0x080073e4   0x00000004   Code   RO         1365    i.read_addr         usmart.o
    0x080073e8   0x080073e8   0x00000062   Code   RO         5412    i.remove_chain      ff.o
    0x0800744a   0x0800744a   0x00000010   Code   RO         5413    i.st_clust          ff.o
    0x0800745a   0x0800745a   0x00000002   PAD
    0x0800745c   0x0800745c   0x000000b8   Code   RO            7    i.start_task        main.o
    0x08007514   0x08007514   0x0000001a   Code   RO         5414    i.sum_sfn           ff.o
    0x0800752e   0x0800752e   0x000000b0   Code   RO         5415    i.sync_fs           ff.o
    0x080075de   0x080075de   0x00000050   Code   RO         5416    i.sync_window       ff.o
    0x0800762e   0x0800762e   0x00000002   PAD
    0x08007630   0x08007630   0x00000198   Code   RO         1289    i.uart_init         usart.o
    0x080077c8   0x080077c8   0x00000068   Code   RO         4469    i.ulTaskNotifyTake  tasks.o
    0x08007830   0x08007830   0x00000094   Code   RO         1366    i.usmart_cmd_rec    usmart.o
    0x080078c4   0x080078c4   0x0000025c   Code   RO         1367    i.usmart_exe        usmart.o
    0x08007b20   0x08007b20   0x0000009c   Code   RO         1472    i.usmart_get_aparm  usmart_str.o
    0x08007bbc   0x08007bbc   0x0000002e   Code   RO         1473    i.usmart_get_cmdname  usmart_str.o
    0x08007bea   0x08007bea   0x00000002   PAD
    0x08007bec   0x08007bec   0x00000168   Code   RO         1474    i.usmart_get_fname  usmart_str.o
    0x08007d54   0x08007d54   0x000000d0   Code   RO         1475    i.usmart_get_fparam  usmart_str.o
    0x08007e24   0x08007e24   0x00000024   Code   RO         1476    i.usmart_get_parmpos  usmart_str.o
    0x08007e48   0x08007e48   0x00000038   Code   RO         1368    i.usmart_get_runtime  usmart.o
    0x08007e80   0x08007e80   0x00000028   Code   RO         1369    i.usmart_init       usmart.o
    0x08007ea8   0x08007ea8   0x00000010   Code   RO         1477    i.usmart_pow        usmart_str.o
    0x08007eb8   0x08007eb8   0x00000030   Code   RO         1370    i.usmart_reset_runtime  usmart.o
    0x08007ee8   0x08007ee8   0x000000a4   Code   RO         1371    i.usmart_scan       usmart.o
    0x08007f8c   0x08007f8c   0x00000010   Code   RO         1478    i.usmart_search_nextc  usmart_str.o
    0x08007f9c   0x08007f9c   0x000000a0   Code   RO         1479    i.usmart_str2num    usmart_str.o
    0x0800803c   0x0800803c   0x00000018   Code   RO         1480    i.usmart_strcmp     usmart_str.o
    0x08008054   0x08008054   0x00000012   Code   RO         1481    i.usmart_strcopy    usmart_str.o
    0x08008066   0x08008066   0x00000012   Code   RO         1482    i.usmart_strlen     usmart_str.o
    0x08008078   0x08008078   0x00000670   Code   RO         1372    i.usmart_sys_cmd_exe  usmart.o
    0x080086e8   0x080086e8   0x00000024   Code   RO         4187    i.uxListRemove      list.o
    0x0800870c   0x0800870c   0x00000016   Code   RO         4188    i.vListInitialise   list.o
    0x08008722   0x08008722   0x00000006   Code   RO         4189    i.vListInitialiseItem  list.o
    0x08008728   0x08008728   0x00000030   Code   RO         4190    i.vListInsert       list.o
    0x08008758   0x08008758   0x00000018   Code   RO         4191    i.vListInsertEnd    list.o
    0x08008770   0x08008770   0x00000078   Code   RO         4954    i.vPortEnterCritical  port.o
    0x080087e8   0x080087e8   0x00000064   Code   RO         4955    i.vPortExitCritical  port.o
    0x0800884c   0x0800884c   0x0000009c   Code   RO         5038    i.vPortFree         heap_4.o
    0x080088e8   0x080088e8   0x00000020   Code   RO         4956    i.vPortSetupTimerInterrupt  port.o
    0x08008908   0x08008908   0x0000008c   Code   RO         4957    i.vPortValidateInterruptPriority  port.o
    0x08008994   0x08008994   0x00000024   Code   RO         4242    i.vQueueAddToRegistry  queue.o
    0x080089b8   0x080089b8   0x00000044   Code   RO         4246    i.vQueueWaitForMessageRestricted  queue.o
    0x080089fc   0x080089fc   0x0000006c   Code   RO         4476    i.vTaskDelay        tasks.o
    0x08008a68   0x08008a68   0x000000cc   Code   RO         4478    i.vTaskDelete       tasks.o
    0x08008b34   0x08008b34   0x0000000c   Code   RO         4483    i.vTaskMissedYield  tasks.o
    0x08008b40   0x08008b40   0x000000d4   Code   RO         4484    i.vTaskNotifyGiveFromISR  tasks.o
    0x08008c14   0x08008c14   0x00000054   Code   RO         4485    i.vTaskPlaceOnEventList  tasks.o
    0x08008c68   0x08008c68   0x0000005c   Code   RO         4486    i.vTaskPlaceOnEventListRestricted  tasks.o
    0x08008cc4   0x08008cc4   0x00000084   Code   RO         4488    i.vTaskPriorityInherit  tasks.o
    0x08008d48   0x08008d48   0x00000048   Code   RO         4492    i.vTaskSetTimeOutState  tasks.o
    0x08008d90   0x08008d90   0x00000098   Code   RO         4493    i.vTaskStartScheduler  tasks.o
    0x08008e28   0x08008e28   0x00000010   Code   RO         4495    i.vTaskSuspendAll   tasks.o
    0x08008e38   0x08008e38   0x0000009c   Code   RO         4496    i.vTaskSwitchContext  tasks.o
    0x08008ed4   0x08008ed4   0x00000026   Code   RO         5417    i.validate          ff.o
    0x08008efa   0x08008efa   0x00000004   Code   RO         1373    i.write_addr        usmart.o
    0x08008efe   0x08008efe   0x00000002   PAD
    0x08008f00   0x08008f00   0x00000114   Code   RO         4958    i.xPortStartScheduler  port.o
    0x08009014   0x08009014   0x0000002c   Code   RO         4959    i.xPortSysTickHandler  port.o
    0x08009040   0x08009040   0x00000078   Code   RO         4251    i.xQueueGenericCreate  queue.o
    0x080090b8   0x080090b8   0x00000184   Code   RO         4252    i.xQueueGenericReceive  queue.o
    0x0800923c   0x0800923c   0x000000a8   Code   RO         4253    i.xQueueGenericReset  queue.o
    0x080092e4   0x080092e4   0x00000188   Code   RO         4254    i.xQueueGenericSend  queue.o
    0x0800946c   0x0800946c   0x000000e0   Code   RO         4255    i.xQueueGenericSendFromISR  queue.o
    0x0800954c   0x0800954c   0x000000c8   Code   RO         4256    i.xQueueGiveFromISR  queue.o
    0x08009614   0x08009614   0x00000088   Code   RO         4497    i.xTaskCheckForTimeOut  tasks.o
    0x0800969c   0x0800969c   0x00000056   Code   RO         4498    i.xTaskCreate       tasks.o
    0x080096f2   0x080096f2   0x00000002   PAD
    0x080096f4   0x080096f4   0x0000001c   Code   RO         4502    i.xTaskGetSchedulerState  tasks.o
    0x08009710   0x08009710   0x0000000c   Code   RO         4503    i.xTaskGetTickCount  tasks.o
    0x0800971c   0x0800971c   0x000000e8   Code   RO         4505    i.xTaskIncrementTick  tasks.o
    0x08009804   0x08009804   0x000000b4   Code   RO         4508    i.xTaskPriorityDisinherit  tasks.o
    0x080098b8   0x080098b8   0x00000098   Code   RO         4509    i.xTaskRemoveFromEventList  tasks.o
    0x08009950   0x08009950   0x000000e4   Code   RO         4511    i.xTaskResumeAll    tasks.o
    0x08009a34   0x08009a34   0x00000074   Code   RO         4832    i.xTimerCreate      timers.o
    0x08009aa8   0x08009aa8   0x00000074   Code   RO         4833    i.xTimerCreateTimerTask  timers.o
    0x08009b1c   0x08009b1c   0x00000090   Code   RO         4834    i.xTimerGenericCommand  timers.o
    0x08009bac   0x08009bac   0x0000000a   Code   RO         6783    x$fpl$fpinit        fz_wm.l(fpinit.o)
    0x08009bb6   0x08009bb6   0x00000002   PAD
    0x08009bb8   0x08009bb8   0x00000024   Data   RO         3991    .constdata          malloc.o
    0x08009bdc   0x08009bdc   0x0000003a   Data   RO         5419    .constdata          ff.o
    0x08009c16   0x08009c16   0x0002acc8   Data   RO         5686    .constdata          cc936.o
    0x080348de   0x080348de   0x00000028   Data   RO         6559    .constdata          c_w.l(_printf_hex_int.o)
    0x08034906   0x08034906   0x00000011   Data   RO         6594    .constdata          c_w.l(__printf_flags_ss_wp.o)
    0x08034917   0x08034917   0x00000001   PAD
    0x08034918   0x08034918   0x00000028   Data   RO         1374    .conststring        usmart.o
    0x08034940   0x08034940   0x000002b9   Data   RO         1447    .conststring        usmart_config.o
    0x08034bf9   0x08034bf9   0x00000003   PAD
    0x08034bfc   0x08034bfc   0x00000020   Data   RO         6840    Region$$Table       anon$$obj.o


    Execution Region RW_IRAM1 (Exec base: 0x20000000, Load base: 0x08034c1c, Size: 0x00016ff0, Max: 0x00020000, ABSOLUTE, COMPRESSED[0x00000120])

    Exec Addr    Load Addr    Size         Type   Attr      Idx    E Section Name        Object

    0x20000000   COMPRESSED   0x00000018   Data   RW            8    .data               main.o
    0x20000018   COMPRESSED   0x00000014   Data   RW          409    .data               system_stm32f4xx.o
    0x2000002c   COMPRESSED   0x00000004   PAD
    0x20000030   COMPRESSED   0x00000008   Data   RW          466    .data               timer.o
    0x20000038   COMPRESSED   0x00000008   Data   RW          818    .data               spi.o
    0x20000040   COMPRESSED   0x00000002   Data   RW          870    .data               w25qxx.o
    0x20000042   COMPRESSED   0x00000002   PAD
    0x20000044   COMPRESSED   0x00000010   Data   RW          994    .data               sdio_sdcard.o
    0x20000054   COMPRESSED   0x00000004   Data   RW         1223    .data               delay.o
    0x20000058   COMPRESSED   0x00000002   Data   RW         1293    .data               usart.o
    0x2000005a   COMPRESSED   0x00000008   Data   RW         1294    .data               usart.o
    0x20000062   COMPRESSED   0x00000002   PAD
    0x20000064   COMPRESSED   0x00000004   Data   RW         1295    .data               usart.o
    0x20000068   COMPRESSED   0x0000001c   Data   RW         1375    .data               usmart.o
    0x20000084   COMPRESSED   0x000000d8   Data   RW         1448    .data               usmart_config.o
    0x2000015c   COMPRESSED   0x000000f4   Data   RW         1449    .data               usmart_config.o
    0x20000250   COMPRESSED   0x00000010   Data   RW         1913    .data               stm32f4xx_rcc.o
    0x20000260   COMPRESSED   0x00000024   Data   RW         3992    .data               malloc.o
    0x20000284   COMPRESSED   0x00000044   Data   RW         4514    .data               tasks.o
    0x200002c8   COMPRESSED   0x00000014   Data   RW         4842    .data               timers.o
    0x200002dc   COMPRESSED   0x0000000c   Data   RW         4960    .data               port.o
    0x200002e8   COMPRESSED   0x00000018   Data   RW         5043    .data               heap_4.o
    0x20000300   COMPRESSED   0x0000000c   Data   RW         5101    .data               exfuns.o
    0x2000030c   COMPRESSED   0x00000004   Data   RW         5102    .data               exfuns.o
    0x20000310   COMPRESSED   0x00000004   Data   RW         5103    .data               exfuns.o
    0x20000314   COMPRESSED   0x00000002   Data   RW         5304    .data               diskio.o
    0x20000316   COMPRESSED   0x00000002   Data   RW         5420    .data               ff.o
    0x20000318        -       0x00000012   Zero   RW          817    .bss                spi.o
    0x2000032a   COMPRESSED   0x00000006   PAD
    0x20000330        -       0x000002c0   Zero   RW          993    .bss                sdio_sdcard.o
    0x200005f0        -       0x00001000   Zero   RW         1290    .bss                usart.o
    0x200015f0        -       0x000000c8   Zero   RW         1292    .bss                usart.o
    0x200016b8   COMPRESSED   0x00000008   PAD
    0x200016c0        -       0x0000f000   Zero   RW         3989    .bss                malloc.o
    0x200106c0        -       0x00000f00   Zero   RW         3990    .bss                malloc.o
    0x200115c0        -       0x00000040   Zero   RW         4266    .bss                queue.o
    0x20011600        -       0x000002e4   Zero   RW         4513    .bss                tasks.o
    0x200118e4        -       0x00000028   Zero   RW         4841    .bss                timers.o
    0x2001190c        -       0x00005000   Zero   RW         5042    .bss                heap_4.o
    0x2001690c        -       0x0000000c   Zero   RW         5096    .bss                exfuns.o
    0x20016918        -       0x00000020   Zero   RW         5097    .bss                exfuns.o
    0x20016938        -       0x00000024   Zero   RW         5098    .bss                exfuns.o
    0x2001695c        -       0x0000000c   Zero   RW         5418    .bss                ff.o
    0x20016968        -       0x00000021   Zero   RW         6215    .bss                fontupd.o
    0x20016989   COMPRESSED   0x00000003   PAD
    0x2001698c        -       0x00000060   Zero   RW         6717    .bss                c_w.l(libspace.o)
    0x200169ec   COMPRESSED   0x00000004   PAD
    0x200169f0        -       0x00000200   Zero   RW         1546    HEAP                startup_stm32f40_41xxx.o
    0x20016bf0        -       0x00000400   Zero   RW         1545    STACK               startup_stm32f40_41xxx.o



  Load Region LR$$.ARM.__AT_0x10000000 (Base: 0x10000000, Size: 0x00000000, Max: 0x0000f000, ABSOLUTE)

    Execution Region ER$$.ARM.__AT_0x10000000 (Exec base: 0x10000000, Load base: 0x10000000, Size: 0x0000f000, Max: 0x0000f000, ABSOLUTE, UNINIT)

    Exec Addr    Load Addr    Size         Type   Attr      Idx    E Section Name        Object

    0x10000000        -       0x0000f000   Zero   RW         3985    .ARM.__AT_0x10000000  malloc.o



  Load Region LR$$.ARM.__AT_0x1000F000 (Base: 0x1000f000, Size: 0x00000000, Max: 0x00000f00, ABSOLUTE)

    Execution Region ER$$.ARM.__AT_0x1000F000 (Exec base: 0x1000f000, Load base: 0x1000f000, Size: 0x00000f00, Max: 0x00000f00, ABSOLUTE, UNINIT)

    Exec Addr    Load Addr    Size         Type   Attr      Idx    E Section Name        Object

    0x1000f000        -       0x00000f00   Zero   RW         3986    .ARM.__AT_0x1000F000  malloc.o



  Load Region LR$$.ARM.__AT_0x68000000 (Base: 0x68000000, Size: 0x00000000, Max: 0x000f0000, ABSOLUTE)

    Execution Region ER$$.ARM.__AT_0x68000000 (Exec base: 0x68000000, Load base: 0x68000000, Size: 0x000f0000, Max: 0x000f0000, ABSOLUTE, UNINIT)

    Exec Addr    Load Addr    Size         Type   Attr      Idx    E Section Name        Object

    0x68000000        -       0x000f0000   Zero   RW         3987    .ARM.__AT_0x68000000  malloc.o



  Load Region LR$$.ARM.__AT_0x680F0000 (Base: 0x680f0000, Size: 0x00000000, Max: 0x0000f000, ABSOLUTE)

    Execution Region ER$$.ARM.__AT_0x680F0000 (Exec base: 0x680f0000, Load base: 0x680f0000, Size: 0x0000f000, Max: 0x0000f000, ABSOLUTE, UNINIT)

    Exec Addr    Load Addr    Size         Type   Attr      Idx    E Section Name        Object

    0x680f0000        -       0x0000f000   Zero   RW         3988    .ARM.__AT_0x680F0000  malloc.o


==============================================================================

Image component sizes


      Code (inc. data)   RO Data    RW Data    ZI Data      Debug   Object Name

       112         16     175304          0          0       2255   cc936.o
       184         14          0          4          0       2353   delay.o
        72          4          0          0          0        564   dev_config.o
       332         14          0          2          0       5920   diskio.o
         0          0          0          0          0      10232   event_groups.o
       100          8          0         20         80       4167   exfuns.o
      1612        760          0          0          0      12374   fattester.o
      9546        152         58          2         12      41249   ff.o
        64          6          0          0         33       1961   fontupd.o
       584        138          0         24      20480       3703   heap_4.o
        68         10          0          0          0        515   key.o
         0          0          0          0          0       1428   lcd.o
        64          6          0          0          0        527   led.o
       136          0          0          0          0       2910   list.o
       552        164          0         24          0     345730   main.o
       404         40         36         36    1175040       5845   malloc.o
       144         14          0          0          0       1909   misc.o
      1038        382          0         12          0      10573   port.o
      2032        274          0          0         64      12241   queue.o
       302          0          0          0          0       2911   rtc.o
      6048        278          0         16        704      32373   sdio_sdcard.o
       480         40          0          8         18       2566   spi.o
        64         26        392          0       1536        824   startup_stm32f40_41xxx.o
       612         52          0          0          0       7095   stm32f4xx_dma.o
       124         10          0          0          0       1421   stm32f4xx_exti.o
       156          0          0          0          0       2050   stm32f4xx_gpio.o
        84          8          0          0          0       3147   stm32f4xx_it.o
        12          6          0          0          0        490   stm32f4xx_pwr.o
       404         68          0         16          0       7648   stm32f4xx_rcc.o
       902         82          0          0          0      10256   stm32f4xx_rtc.o
       192         36          0          0          0       5441   stm32f4xx_sdio.o
        98          0          0          0          0       3174   stm32f4xx_spi.o
       222         28          0          0          0       6827   stm32f4xx_tim.o
       318          8          0          0          0       3813   stm32f4xx_usart.o
        16          0          0          0          0        480   sys.o
       272         36          0         20          0       1705   system_stm32f4xx.o
      3110        732          0         68        740      29547   tasks.o
       164         18          0          8          0       1880   timer.o
      1144        260          0         20         40       8774   timers.o
       718         82          0         14       4296       6223   usart.o
      2868       1328         40         28          0       7526   usmart.o
         0          0        697        460          0       1568   usmart_config.o
      1058         20          0          0          0       7815   usmart_str.o
       808         62          0          2          0       7121   w25qxx.o

    ----------------------------------------------------------------------
     37278       5182     176562        792    1203060     629131   Object Totals
         0          0         32          0          0          0   (incl. Generated)
        58          0          3          8         17          0   (incl. Padding)

    ----------------------------------------------------------------------

      Code (inc. data)   RO Data    RW Data    ZI Data      Debug   Library Member Name

        90          0          0          0          0          0   __dczerorl2.o
         8          0          0          0          0         68   __main.o
       392          4         17          0          0         92   __printf_flags_ss_wp.o
        14          0          0          0          0         68   __printf_wp.o
        52          8          0          0          0          0   __scatter.o
        28          0          0          0          0          0   __scatter_zi.o
         6          0          0          0          0          0   _printf_c.o
        44          0          0          0          0        108   _printf_char.o
        48          6          0          0          0         96   _printf_char_common.o
        36          4          0          0          0         80   _printf_char_file.o
         6          0          0          0          0          0   _printf_d.o
       116         16          0          0          0         92   _printf_dec.o
        88          4         40          0          0         88   _printf_hex_int.o
       178          0          0          0          0         88   _printf_intcommon.o
        78          0          0          0          0        108   _printf_pad.o
         0          0          0          0          0          0   _printf_percent.o
         4          0          0          0          0          0   _printf_percent_end.o
         6          0          0          0          0          0   _printf_s.o
        82          0          0          0          0         80   _printf_str.o
         6          0          0          0          0          0   _printf_u.o
         6          0          0          0          0          0   _printf_x.o
        16          0          0          0          0         68   aeabi_memset.o
        12          0          0          0          0         72   exit.o
         8          0          0          0          0         68   ferror.o
         6          0          0          0          0        152   heapauxi.o
         2          0          0          0          0          0   libinit.o
         6          0          0          0          0          0   libinit2.o
         2          0          0          0          0          0   libshutdown.o
         2          0          0          0          0          0   libshutdown2.o
         8          4          0          0         96         68   libspace.o
        72          0          0          0          0         76   llsdiv.o
       238          0          0          0          0        100   lludivv7m.o
        24          4          0          0          0         84   noretval__2printf.o
        68          0          0          0          0         68   rt_memclr.o
        78          0          0          0          0         80   rt_memclr_w.o
       138          0          0          0          0         68   rt_memcpy_v6.o
       100          0          0          0          0         80   rt_memcpy_w.o
         0          0          0          0          0          0   rtentry.o
        12          0          0          0          0          0   rtentry2.o
         6          0          0          0          0          0   rtentry4.o
         2          0          0          0          0          0   rtexit.o
        10          0          0          0          0          0   rtexit2.o
        74          0          0          0          0         80   sys_stackheap_outer.o
         2          0          0          0          0         68   use_no_semi.o
         2          0          0          0          0         68   use_no_semi_2.o
        10          0          0          0          0        116   fpinit.o

    ----------------------------------------------------------------------
      2194         50         58          0        100       2284   Library Totals
         8          0          1          0          4          0   (incl. Padding)

    ----------------------------------------------------------------------

      Code (inc. data)   RO Data    RW Data    ZI Data      Debug   Library Name

      2176         50         57          0         96       2168   c_w.l
        10          0          0          0          0        116   fz_wm.l

    ----------------------------------------------------------------------
      2194         50         58          0        100       2284   Library Totals

    ----------------------------------------------------------------------

==============================================================================


      Code (inc. data)   RO Data    RW Data    ZI Data      Debug   

     39472       5232     176620        792    1203160     597771   Grand Totals
     39472       5232     176620        288    1203160     597771   ELF Image Totals (compressed)
     39472       5232     176620        288          0          0   ROM Totals

==============================================================================

    Total RO  Size (Code + RO Data)               216092 ( 211.03kB)
    Total RW  Size (RW Data + ZI Data)           1203952 (1175.73kB)
    Total ROM Size (Code + RO Data + RW Data)     216380 ( 211.31kB)

==============================================================================

