Component: ARM Compiler 5.06 update 7 (build 960) Tool: armlink [4d3601]

==============================================================================

Section Cross References

    main.o(i.Keep_time_task) refers to calendar.o(i.initCalendar) for initCalendar
    main.o(i.Keep_time_task) refers to queue.o(i.xQueueGenericReceive) for xQueueGenericReceive
    main.o(i.Keep_time_task) refers to main.o(.data) for .data
    main.o(i.USART1_HandleReceivedData) refers to _printf_pad.o(.text) for _printf_pre_padding
    main.o(i.USART1_HandleReceivedData) refers to _printf_percent.o(.ARM.Collect$$_printf_percent$$00000000) for _printf_percent
    main.o(i.USART1_HandleReceivedData) refers to _printf_x.o(.ARM.Collect$$_printf_percent$$0000000C) for _printf_x
    main.o(i.USART1_HandleReceivedData) refers to _printf_hex_int.o(.text) for _printf_longlong_hex
    main.o(i.USART1_HandleReceivedData) refers to noretval__2printf.o(.text) for __2printf
    main.o(i.USART1_ReceiveTask) refers to tasks.o(i.ulTaskNotifyTake) for ulTaskNotifyTake
    main.o(i.USART1_ReceiveTask) refers to rt_memcpy_v6.o(.text) for __aeabi_memcpy
    main.o(i.USART1_ReceiveTask) refers to stm32f4xx_dma.o(i.DMA_Cmd) for DMA_Cmd
    main.o(i.USART1_ReceiveTask) refers to usart.o(.bss) for RX_Buffer
    main.o(i.USART1_ReceiveTask) refers to usart.o(.data) for processing_buf
    main.o(i.main) refers to misc.o(i.NVIC_PriorityGroupConfig) for NVIC_PriorityGroupConfig
    main.o(i.main) refers to delay.o(i.delay_init) for delay_init
    main.o(i.main) refers to usart.o(i.uart_init) for uart_init
    main.o(i.main) refers to led.o(i.LED_Init) for LED_Init
    main.o(i.main) refers to key.o(i.KEY_Init) for KEY_Init
    main.o(i.main) refers to w25qxx.o(i.W25QXX_Init) for W25QXX_Init
    main.o(i.main) refers to spi.o(i.SPI2_Init) for SPI2_Init
    main.o(i.main) refers to dev_config.o(i.EPD_GPIO_Init) for EPD_GPIO_Init
    main.o(i.main) refers to rtc.o(i.My_RTC_Init) for My_RTC_Init
    main.o(i.main) refers to malloc.o(i.my_mem_init) for my_mem_init
    main.o(i.main) refers to exfuns.o(i.exfuns_init) for exfuns_init
    main.o(i.main) refers to ff.o(i.f_mount) for f_mount
    main.o(i.main) refers to fontupd.o(i.font_init) for font_init
    main.o(i.main) refers to queue.o(i.xQueueGenericCreate) for xQueueGenericCreate
    main.o(i.main) refers to dev_config.o(i.DEV_Module_Init) for DEV_Module_Init
    main.o(i.main) refers to epd_4in2_v2.o(i.EPD_4IN2_V2_Init) for EPD_4IN2_V2_Init
    main.o(i.main) refers to delay.o(i.delay_ms) for delay_ms
    main.o(i.main) refers to malloc.o(i.mymalloc) for mymalloc
    main.o(i.main) refers to noretval__2printf.o(.text) for __2printf
    main.o(i.main) refers to gui_paint.o(i.Paint_NewImage) for Paint_NewImage
    main.o(i.main) refers to gui_paint.o(i.Paint_SelectImage) for Paint_SelectImage
    main.o(i.main) refers to gui_paint.o(i.Paint_Clear) for Paint_Clear
    main.o(i.main) refers to epd_4in2_v2.o(i.EPD_4IN2_V2_Display) for EPD_4IN2_V2_Display
    main.o(i.main) refers to tasks.o(i.xTaskCreate) for xTaskCreate
    main.o(i.main) refers to tasks.o(i.vTaskStartScheduler) for vTaskStartScheduler
    main.o(i.main) refers to usmart_config.o(.data) for usmart_dev
    main.o(i.main) refers to exfuns.o(.bss) for fs
    main.o(i.main) refers to main.o(.data) for .data
    main.o(i.main) refers to main.o(i.start_task) for start_task
    main.o(i.start_task) refers to _printf_percent.o(.ARM.Collect$$_printf_percent$$00000000) for _printf_percent
    main.o(i.start_task) refers to _printf_d.o(.ARM.Collect$$_printf_percent$$00000009) for _printf_d
    main.o(i.start_task) refers to _printf_dec.o(.text) for _printf_int_dec
    main.o(i.start_task) refers to port.o(i.vPortEnterCritical) for vPortEnterCritical
    main.o(i.start_task) refers to tasks.o(i.xTaskCreate) for xTaskCreate
    main.o(i.start_task) refers to noretval__2printf.o(.text) for __2printf
    main.o(i.start_task) refers to rtc.o(i.RTC_Set_WakeUp) for RTC_Set_WakeUp
    main.o(i.start_task) refers to tasks.o(i.vTaskDelete) for vTaskDelete
    main.o(i.start_task) refers to port.o(i.vPortExitCritical) for vPortExitCritical
    main.o(i.start_task) refers to main.o(.data) for .data
    main.o(i.start_task) refers to main.o(i.USART1_ReceiveTask) for USART1_ReceiveTask
    main.o(i.start_task) refers to main.o(i.Keep_time_task) for Keep_time_task
    stm32f4xx_it.o(i.RTC_WKUP_IRQHandler) refers to stm32f4xx_rtc.o(i.RTC_GetFlagStatus) for RTC_GetFlagStatus
    stm32f4xx_it.o(i.RTC_WKUP_IRQHandler) refers to stm32f4xx_rtc.o(i.RTC_ClearITPendingBit) for RTC_ClearITPendingBit
    stm32f4xx_it.o(i.RTC_WKUP_IRQHandler) refers to queue.o(i.xQueueGiveFromISR) for xQueueGiveFromISR
    stm32f4xx_it.o(i.RTC_WKUP_IRQHandler) refers to stm32f4xx_exti.o(i.EXTI_ClearITPendingBit) for EXTI_ClearITPendingBit
    stm32f4xx_it.o(i.RTC_WKUP_IRQHandler) refers to main.o(.data) for rtcSemaphore
[...]
    W25QXX_Write_Enable                      0x0800cb79   Thumb Code    26  w25qxx.o(i.W25QXX_Write_Enable)
    W25QXX_Write_NoCheck                     0x0800cb99   Thumb Code    62  w25qxx.o(i.W25QXX_Write_NoCheck)
    W25QXX_Write_Page                        0x0800cbd9   Thumb Code    82  w25qxx.o(i.W25QXX_Write_Page)
    _is_digit                                0x0800cc31   Thumb Code    14  __printf_wp.o(i._is_digit)
    _sys_exit                                0x0800cc3f   Thumb Code     2  usart.o(i._sys_exit)
    arm_cos_f32                              0x0800cc41   Thumb Code   108  arm_cos_f32.o(i.arm_cos_f32)
    arm_sin_f32                              0x0800ccb9   Thumb Code   104  arm_sin_f32.o(i.arm_sin_f32)
    calculateWeekday                         0x0800cd2d   Thumb Code    84  calendar.o(i.calculateWeekday)
    clust2sect                               0x0800ce29   Thumb Code    24  ff.o(i.clust2sect)
    convert_from_bytes_to_power_of_two       0x0800ce41   Thumb Code    18  sdio_sdcard.o(i.convert_from_bytes_to_power_of_two)
    delay_init                               0x0800d109   Thumb Code    50  delay.o(i.delay_init)
    delay_ms                                 0x0800d141   Thumb Code    52  delay.o(i.delay_ms)
    delay_us                                 0x0800d179   Thumb Code    48  delay.o(i.delay_us)
    dir_sdi                                  0x0800d6c7   Thumb Code   124  ff.o(i.dir_sdi)
    disk_initialize                          0x0800d745   Thumb Code    36  diskio.o(i.disk_initialize)
    disk_ioctl                               0x0800d76d   Thumb Code   106  diskio.o(i.disk_ioctl)
    disk_read                                0x0800d7e1   Thumb Code    76  diskio.o(i.disk_read)
    disk_status                              0x0800d82d   Thumb Code     4  diskio.o(i.disk_status)
    disk_write                               0x0800d831   Thumb Code    76  diskio.o(i.disk_write)
    displayCalendar                          0x0800d87d   Thumb Code   132  calendar.o(i.displayCalendar)
    displayTime                              0x0800d92d   Thumb Code   216  calendar.o(i.displayTime)
    drawDay                                  0x0800da31   Thumb Code   150  calendar.o(i.drawDay)
    drawMonth                                0x0800dac9   Thumb Code   144  calendar.o(i.drawMonth)
    exfuns_init                              0x0800db5d   Thumb Code    92  exfuns.o(i.exfuns_init)
    f_close                                  0x0800dbc1   Thumb Code    28  ff.o(i.f_close)
    f_closedir                               0x0800dbdd   Thumb Code    18  ff.o(i.f_closedir)
    f_getfree                                0x0800dbef   Thumb Code   204  ff.o(i.f_getfree)
    f_getlabel                               0x0800dcbb   Thumb Code   156  ff.o(i.f_getlabel)
    f_gets                                   0x0800dd57   Thumb Code    68  ff.o(i.f_gets)
    f_lseek                                  0x0800dd9b   Thumb Code   512  ff.o(i.f_lseek)
    f_mkdir                                  0x0800df9b   Thumb Code   380  ff.o(i.f_mkdir)
    f_mkfs                                   0x0800e119   Thumb Code  1326  ff.o(i.f_mkfs)
    f_mount                                  0x0800e649   Thumb Code    72  ff.o(i.f_mount)
    f_open                                   0x0800e695   Thumb Code   354  ff.o(i.f_open)
    f_opendir                                0x0800e7f7   Thumb Code   128  ff.o(i.f_opendir)
    f_putc                                   0x0800e877   Thumb Code    60  ff.o(i.f_putc)
    f_puts                                   0x0800e8b3   Thumb Code    70  ff.o(i.f_puts)
    f_read                                   0x0800e8f9   Thumb Code   328  ff.o(i.f_read)
    f_readdir                                0x0800ea41   Thumb Code   116  ff.o(i.f_readdir)
    f_rename                                 0x0800eab5   Thumb Code   288  ff.o(i.f_rename)
    f_setlabel                               0x0800ebd5   Thumb Code   346  ff.o(i.f_setlabel)
    f_sync                                   0x0800ed41   Thumb Code   152  ff.o(i.f_sync)
    f_unlink                                 0x0800edd9   Thumb Code   190  ff.o(i.f_unlink)
    f_write                                  0x0800ee97   Thumb Code   384  ff.o(i.f_write)
    ff_convert                               0x0800f019   Thumb Code    68  cc936.o(i.ff_convert)
    ff_memalloc                              0x0800f065   Thumb Code     8  diskio.o(i.ff_memalloc)
    ff_memfree                               0x0800f06d   Thumb Code     8  diskio.o(i.ff_memfree)
    ff_wtoupper                              0x0800f075   Thumb Code    28  cc936.o(i.ff_wtoupper)
    font_init                                0x0800f3b5   Thumb Code    58  fontupd.o(i.font_init)
    fputc                                    0x0800f3f5   Thumb Code    14  usart.o(i.fputc)
    getDaysInMonth                           0x0800f495   Thumb Code    68  calendar.o(i.getDaysInMonth)
    get_fat                                  0x0800f4d9   Thumb Code   192  ff.o(i.get_fat)
    get_fattime                              0x0800f599   Thumb Code     4  diskio.o(i.get_fattime)
    initCalendar                             0x0800f6a5   Thumb Code   152  calendar.o(i.initCalendar)
    initMonth                                0x0800f745   Thumb Code   116  calendar.o(i.initMonth)
    initYear                                 0x0800f7b9   Thumb Code    68  calendar.o(i.initYear)
    invertPixelColor                         0x0800f7fd   Thumb Code    44  gui_paint.o(i.invertPixelColor)
    main                                     0x0800f841   Thumb Code   220  main.o(i.main)
    mf_close                                 0x0800f985   Thumb Code    14  fattester.o(i.mf_close)
    mf_closedir                              0x0800f999   Thumb Code     6  fattester.o(i.mf_closedir)
    mf_fmkfs                                 0x0800f9a5   Thumb Code     4  fattester.o(i.mf_fmkfs)
    mf_getlabel                              0x0800f9a9   Thumb Code    56  fattester.o(i.mf_getlabel)
    mf_gets                                  0x0800fa29   Thumb Code    36  fattester.o(i.mf_gets)
    mf_lseek                                 0x0800fa71   Thumb Code    10  fattester.o(i.mf_lseek)
    mf_mkdir                                 0x0800fa81   Thumb Code     4  fattester.o(i.mf_mkdir)
    mf_mount                                 0x0800fa85   Thumb Code    14  fattester.o(i.mf_mount)
    mf_open                                  0x0800fa99   Thumb Code    12  fattester.o(i.mf_open)
    mf_opendir                               0x0800faa9   Thumb Code     8  fattester.o(i.mf_opendir)
    mf_putc                                  0x0800fab5   Thumb Code    14  fattester.o(i.mf_putc)
    mf_puts                                  0x0800fac9   Thumb Code    14  fattester.o(i.mf_puts)
    mf_read                                  0x0800fadd   Thumb Code   210  fattester.o(i.mf_read)
    mf_readdir                               0x0800fc29   Thumb Code   170  fattester.o(i.mf_readdir)
    mf_rename                                0x0800fd9d   Thumb Code     4  fattester.o(i.mf_rename)
    mf_scan_files                            0x0800fda1   Thumb Code   100  fattester.o(i.mf_scan_files)
    mf_setlabel                              0x0800fe1d   Thumb Code    28  fattester.o(i.mf_setlabel)
    mf_showfree                              0x0800fe71   Thumb Code    64  fattester.o(i.mf_showfree)
    mf_size                                  0x0800ff01   Thumb Code     8  fattester.o(i.mf_size)
    mf_tell                                  0x0800ff0d   Thumb Code     8  fattester.o(i.mf_tell)
    mf_unlink                                0x0800ff19   Thumb Code     4  fattester.o(i.mf_unlink)
    mf_write                                 0x0800ff1d   Thumb Code    64  fattester.o(i.mf_write)
    my_mem_free                              0x08010001   Thumb Code    80  malloc.o(i.my_mem_free)
    my_mem_init                              0x08010059   Thumb Code    52  malloc.o(i.my_mem_init)
    my_mem_malloc                            0x08010095   Thumb Code   132  malloc.o(i.my_mem_malloc)
    my_mem_perused                           0x08010121   Thumb Code    48  malloc.o(i.my_mem_perused)
    myfree                                   0x08010159   Thumb Code    20  malloc.o(i.myfree)
    mymalloc                                 0x08010171   Thumb Code    28  malloc.o(i.mymalloc)
    mymemset                                 0x08010191   Thumb Code    12  malloc.o(i.mymemset)
    put_fat                                  0x08010a01   Thumb Code   248  ff.o(i.put_fat)
    pvPortMalloc                             0x08010b35   Thumb Code   214  heap_4.o(i.pvPortMalloc)
    pvTaskIncrementMutexHeldCount            0x08010c49   Thumb Code    18  tasks.o(i.pvTaskIncrementMutexHeldCount)
    pxPortInitialiseStack                    0x08010c61   Thumb Code    40  port.o(i.pxPortInitialiseStack)
    read_addr                                0x08010c8d   Thumb Code     4  usmart.o(i.read_addr)
    start_task                               0x08010d05   Thumb Code    88  main.o(i.start_task)
    uart_init                                0x08010ed5   Thumb Code   386  usart.o(i.uart_init)
    ulTaskNotifyTake                         0x0801106d   Thumb Code    96  tasks.o(i.ulTaskNotifyTake)
    usmart_cmd_rec                           0x080110d5   Thumb Code   144  usmart.o(i.usmart_cmd_rec)
    usmart_exe                               0x08011169   Thumb Code   510  usmart.o(i.usmart_exe)
    usmart_get_aparm                         0x080113c9   Thumb Code   156  usmart_str.o(i.usmart_get_aparm)
    usmart_get_cmdname                       0x08011465   Thumb Code    46  usmart_str.o(i.usmart_get_cmdname)
    usmart_get_fname                         0x08011495   Thumb Code   352  usmart_str.o(i.usmart_get_fname)
    usmart_get_fparam                        0x080115fd   Thumb Code   202  usmart_str.o(i.usmart_get_fparam)
    usmart_get_parmpos                       0x080116cd   Thumb Code    30  usmart_str.o(i.usmart_get_parmpos)
    usmart_get_runtime                       0x080116f1   Thumb Code    48  usmart.o(i.usmart_get_runtime)
    usmart_init                              0x08011729   Thumb Code    36  usmart.o(i.usmart_init)
    usmart_pow                               0x08011751   Thumb Code    16  usmart_str.o(i.usmart_pow)
    usmart_reset_runtime                     0x08011761   Thumb Code    40  usmart.o(i.usmart_reset_runtime)
    usmart_scan                              0x08011791   Thumb Code    94  usmart.o(i.usmart_scan)
    usmart_search_nextc                      0x08011835   Thumb Code    16  usmart_str.o(i.usmart_search_nextc)
    usmart_str2num                           0x08011845   Thumb Code   160  usmart_str.o(i.usmart_str2num)
    usmart_strcmp                            0x080118e5   Thumb Code    24  usmart_str.o(i.usmart_strcmp)
    usmart_strcopy                           0x080118fd   Thumb Code    18  usmart_str.o(i.usmart_strcopy)
    usmart_strlen                            0x0801190f   Thumb Code    18  usmart_str.o(i.usmart_strlen)
    usmart_sys_cmd_exe                       0x08011921   Thumb Code  1442  usmart.o(i.usmart_sys_cmd_exe)
    uxListRemove                             0x08011f91   Thumb Code    36  list.o(i.uxListRemove)
    vListInitialise                          0x08011fb5   Thumb Code    22  list.o(i.vListInitialise)
    vListInitialiseItem                      0x08011fcb   Thumb Code     6  list.o(i.vListInitialiseItem)
    vListInsert                              0x08011fd1   Thumb Code    48  list.o(i.vListInsert)
    vListInsertEnd                           0x08012001   Thumb Code    24  list.o(i.vListInsertEnd)
    vPortEnterCritical                       0x08012019   Thumb Code    50  port.o(i.vPortEnterCritical)
    vPortExitCritical                        0x08012091   Thumb Code    34  port.o(i.vPortExitCritical)
    vPortFree                                0x080120f5   Thumb Code    94  heap_4.o(i.vPortFree)
    vPortSetupTimerInterrupt                 0x08012191   Thumb Code    26  port.o(i.vPortSetupTimerInterrupt)
    vPortValidateInterruptPriority           0x080121b1   Thumb Code    70  port.o(i.vPortValidateInterruptPriority)
    vQueueAddToRegistry                      0x0801223d   Thumb Code    32  queue.o(i.vQueueAddToRegistry)
    vQueueWaitForMessageRestricted           0x08012261   Thumb Code    68  queue.o(i.vQueueWaitForMessageRestricted)
    vTaskDelay                               0x080122a5   Thumb Code    62  tasks.o(i.vTaskDelay)
    vTaskDelete                              0x08012311   Thumb Code   152  tasks.o(i.vTaskDelete)
    vTaskMissedYield                         0x080123dd   Thumb Code     8  tasks.o(i.vTaskMissedYield)
    vTaskNotifyGiveFromISR                   0x080123e9   Thumb Code   162  tasks.o(i.vTaskNotifyGiveFromISR)
    vTaskPlaceOnEventList                    0x080124bd   Thumb Code    44  tasks.o(i.vTaskPlaceOnEventList)
    vTaskPlaceOnEventListRestricted          0x08012511   Thumb Code    52  tasks.o(i.vTaskPlaceOnEventListRestricted)
    vTaskPriorityInherit                     0x0801256d   Thumb Code   124  tasks.o(i.vTaskPriorityInherit)
    vTaskSetTimeOutState                     0x080125f1   Thumb Code    30  tasks.o(i.vTaskSetTimeOutState)
    vTaskStartScheduler                      0x08012639   Thumb Code   100  tasks.o(i.vTaskStartScheduler)
    vTaskSuspendAll                          0x080126d1   Thumb Code    10  tasks.o(i.vTaskSuspendAll)
    vTaskSwitchContext                       0x080126e1   Thumb Code   106  tasks.o(i.vTaskSwitchContext)
    write_addr                               0x080127a3   Thumb Code     4  usmart.o(i.write_addr)
    xPortStartScheduler                      0x080127a9   Thumb Code   196  port.o(i.xPortStartScheduler)
    xPortSysTickHandler                      0x080128bd   Thumb Code    38  port.o(i.xPortSysTickHandler)
    xQueueGenericCreate                      0x080128e9   Thumb Code    82  queue.o(i.xQueueGenericCreate)
    xQueueGenericReceive                     0x08012961   Thumb Code   348  queue.o(i.xQueueGenericReceive)
    xQueueGenericReset                       0x08012ae5   Thumb Code   128  queue.o(i.xQueueGenericReset)
    xQueueGenericSend                        0x08012b8d   Thumb Code   350  queue.o(i.xQueueGenericSend)
    xQueueGenericSendFromISR                 0x08012d15   Thumb Code   188  queue.o(i.xQueueGenericSendFromISR)
    xQueueGiveFromISR                        0x08012df5   Thumb Code   162  queue.o(i.xQueueGiveFromISR)
    xTaskCheckForTimeOut                     0x08012ebd   Thumb Code    94  tasks.o(i.xTaskCheckForTimeOut)
    xTaskCreate                              0x08012f45   Thumb Code    86  tasks.o(i.xTaskCreate)
    xTaskGetSchedulerState                   0x08012f9d   Thumb Code    22  tasks.o(i.xTaskGetSchedulerState)
    xTaskGetTickCount                        0x08012fb9   Thumb Code     6  tasks.o(i.xTaskGetTickCount)
    xTaskIncrementTick                       0x08012fc5   Thumb Code   188  tasks.o(i.xTaskIncrementTick)
    xTaskPriorityDisinherit                  0x080130ad   Thumb Code   136  tasks.o(i.xTaskPriorityDisinherit)
    xTaskRemoveFromEventList                 0x08013161   Thumb Code   102  tasks.o(i.xTaskRemoveFromEventList)
    xTaskResumeAll                           0x080131f9   Thumb Code   180  tasks.o(i.xTaskResumeAll)
    xTimerCreate                             0x080132dd   Thumb Code    74  timers.o(i.xTimerCreate)
    xTimerCreateTimerTask                    0x08013351   Thumb Code    58  timers.o(i.xTimerCreateTimerTask)
    xTimerGenericCommand                     0x080133c5   Thumb Code    98  timers.o(i.xTimerGenericCommand)
    __aeabi_d2f                              0x08013455   Thumb Code     0  d2f.o(x$fpl$d2f)
    _d2f                                     0x08013455   Thumb Code    98  d2f.o(x$fpl$d2f)
    __aeabi_ddiv                             0x080134b9   Thumb Code     0  ddiv.o(x$fpl$ddiv)
    _ddiv                                    0x080134b9   Thumb Code   552  ddiv.o(x$fpl$ddiv)
    __aeabi_ui2d                             0x08013769   Thumb Code     0  dflt_clz.o(x$fpl$dfltu)
    _dfltu                                   0x08013769   Thumb Code    38  dflt_clz.o(x$fpl$dfltu)
    __aeabi_dmul                             0x08013791   Thumb Code     0  dmul.o(x$fpl$dmul)
    _dmul                                    0x08013791   Thumb Code   332  dmul.o(x$fpl$dmul)
    __fpl_dnaninf                            0x080138e5   Thumb Code   156  dnaninf.o(x$fpl$dnaninf)
    __fpl_dretinf                            0x08013981   Thumb Code    12  dretinf.o(x$fpl$dretinf)
    _fp_init                                 0x0801398d   Thumb Code    10  fpinit.o(x$fpl$fpinit)
    __fplib_config_fpu_vfp                   0x08013995   Thumb Code     0  fpinit.o(x$fpl$fpinit)
    __fplib_config_pureend_doubles           0x08013995   Thumb Code     0  fpinit.o(x$fpl$fpinit)
    __fpl_fretinf                            0x08013997   Thumb Code    10  fretinf.o(x$fpl$fretinf)
    __I$use$fp                               0x080139a0   Number         0  usenofp.o(x$fpl$usenofp)
    memtblsize                               0x080139a0   Data          12  malloc.o(.constdata)
    memblksize                               0x080139ac   Data          12  malloc.o(.constdata)
    memsize                                  0x080139b8   Data          12  malloc.o(.constdata)
    Font12_Table                             0x0803e6c6   Data        1140  font12.o(.constdata)
    Font16_Table                             0x0803eb3a   Data        3040  font16.o(.constdata)
    Font24_Table                             0x0803f71a   Data        6840  font24.o(.constdata)
    Font48_Table                             0x080411d2   Data        1584  font48.o(.constdata)
    sinTable_f32                             0x08041804   Data        2052  arm_common_tables.o(.constdata)
    Region$$Table$$Base                      0x08042360   Number         0  anon$$obj.o(Region$$Table)
    Region$$Table$$Limit                     0x08042380   Number         0  anon$$obj.o(Region$$Table)
    mem3base                                 0x10000000   Data       61440  malloc.o(.ARM.__AT_0x10000000)
    mem3mapbase                              0x1000f000   Data        3840  malloc.o(.ARM.__AT_0x1000F000)
    rtcSemaphore                             0x20000000   Data           4  main.o(.data)
    USART1_RxSemaphore                       0x20000004   Data           4  main.o(.data)
    StartTask_Handler                        0x20000008   Data           4  main.o(.data)
    USART1_ReceiveTask_Handler               0x2000000c   Data           4  main.o(.data)
    Keep_timeTask_Handler                    0x20000010   Data           4  main.o(.data)
    SystemCoreClock                          0x20000014   Data           4  system_stm32f4xx.o(.data)
    AHBPrescTable                            0x20000018   Data          16  system_stm32f4xx.o(.data)
    FreeRTOSRunTimeTicks                     0x20000028   Data           8  timer.o(.data)
    GPIO_SPI2                                0x20000030   Data           8  spi.o(.data)
    W25QXX_TYPE                              0x20000038   Data           2  w25qxx.o(.data)
    TransferError                            0x2000003f   Data           1  sdio_sdcard.o(.data)
    TransferEnd                              0x20000040   Data           1  sdio_sdcard.o(.data)
    tempbuff                                 0x20000048   Data           4  sdio_sdcard.o(.data)
    USART_RX_STA                             0x20000050   Data           2  usart.o(.data)
    USART1_RC_Flag                           0x20000052   Data           1  usart.o(.data)
    USART1_TC_Flag                           0x20000053   Data           1  usart.o(.data)
    current_rx_buf                           0x20000054   Data           1  usart.o(.data)
    processing_buf                           0x20000055   Data           1  usart.o(.data)
    USART1_RX_Data_Size                      0x20000056   Data           2  usart.o(.data)
    received_len                             0x20000058   Data           2  usart.o(.data)
    __stdout                                 0x2000005c   Data           4  usart.o(.data)
    sys_cmd_tab                              0x20000060   Data          28  usmart.o(.data)
    usmart_nametab                           0x2000007c   Data         216  usmart_config.o(.data)
    usmart_dev                               0x20000154   Data         244  usmart_config.o(.data)
    mallco_dev                               0x20000258   Data          36  malloc.o(.data)
    pxCurrentTCB                             0x2000027c   Data           4  tasks.o(.data)
    file                                     0x200002f8   Data           4  exfuns.o(.data)
    ftemp                                    0x200002fc   Data           4  exfuns.o(.data)
    fatbuf                                   0x20000300   Data           4  exfuns.o(.data)
    br                                       0x20000304   Data           4  exfuns.o(.data)
    bw                                       0x20000308   Data           4  exfuns.o(.data)
    FLASH_SECTOR_COUNT                       0x2000030c   Data           2  diskio.o(.data)
    Font12                                   0x20000310   Data           8  font12.o(.data)
    Font16                                   0x20000318   Data           8  font16.o(.data)
    Font24                                   0x20000320   Data           8  font24.o(.data)
    Font48                                   0x20000328   Data           8  font48.o(.data)
    new_date                                 0x20000330   Data           1  calendar.o(.data)
    old_date                                 0x20000331   Data           1  calendar.o(.data)
    new_min                                  0x20000332   Data           1  calendar.o(.data)
    old_min                                  0x20000333   Data           1  calendar.o(.data)
    SPI2_EPD                                 0x20000334   Data          18  spi.o(.bss)
    SDIO_InitStructure                       0x20000348   Data          24  sdio_sdcard.o(.bss)
    SDIO_CmdInitStructure                    0x20000360   Data          20  sdio_sdcard.o(.bss)
    SDIO_DataInitStructure                   0x20000374   Data          24  sdio_sdcard.o(.bss)
    SDCardInfo                               0x200003b0   Data          88  sdio_sdcard.o(.bss)
    SDIO_DATA_BUFFER                         0x20000408   Data         512  sdio_sdcard.o(.bss)
    USART1_RX_Buff                           0x20000608   Data        1024  usart.o(.bss)
    RX_Buffer                                0x20000a08   Data        2048  usart.o(.bss)
    TX_Buffer                                0x20001208   Data        1024  usart.o(.bss)
    USART_RX_BUF                             0x20001608   Data         200  usart.o(.bss)
    mem1base                                 0x200016e0   Data       61440  malloc.o(.bss)
    mem1mapbase                              0x200106e0   Data        3840  malloc.o(.bss)
    xQueueRegistry                           0x200115e0   Data          64  queue.o(.bss)
    fs                                       0x2001692c   Data          12  exfuns.o(.bss)
    fileinfo                                 0x20016938   Data          32  exfuns.o(.bss)
    dir                                      0x20016958   Data          36  exfuns.o(.bss)
    Paint                                    0x20016988   Data          24  gui_paint.o(.bss)
    ftinfo                                   0x200169a0   Data          33  fontupd.o(.bss)
    CalendarStruct                           0x200169c4   Data        1572  calendar.o(.bss)
    __libspace_start                         0x20016fe8   Data          96  libspace.o(.bss)
    __temporary_stack_top$libspace           0x20017048   Data           0  libspace.o(.bss)
    mem2base                                 0x68000000   Data       983040  malloc.o(.ARM.__AT_0x68000000)
    mem2mapbase                              0x680f0000   Data       61440  malloc.o(.ARM.__AT_0x680F0000)



==============================================================================

Memory Map of the image

  Image Entry point : 0x08008189

  Load Region LR_IROM1 (Base: 0x08008000, Size: 0x0003a6b4, Max: 0x000f8000, ABSOLUTE, COMPRESSED[0x0003a4c0])

    Execution Region ER_IROM1 (Exec base: 0x08008000, Load base: 0x08008000, Size: 0x0003a380, Max: 0x000f8000, ABSOLUTE)

    Exec Addr    Load Addr    Size         Type   Attr      Idx    E Section Name        Object

    0x08008000   0x08008000   0x00000188   Data   RO         1576    RESET               startup_stm32f40_41xxx.o
    0x08008188   0x08008188   0x00000008   Code   RO         6649  * !!!main             c_w.l(__main.o)
    0x08008190   0x08008190   0x00000034   Code   RO         6878    !!!scatter          c_w.l(__scatter.o)
    0x080081c4   0x080081c4   0x0000005a   Code   RO         6876    !!dczerorl2         c_w.l(__dczerorl2.o)
    0x0800821e   0x0800821e   0x00000002   PAD
    0x08008220   0x08008220   0x0000001c   Code   RO         6880    !!handler_zi        c_w.l(__scatter_zi.o)
    0x0800823c   0x0800823c   0x00000000   Code   RO         6630    .ARM.Collect$$_printf_percent$$00000000  c_w.l(_printf_percent.o)
    0x0800823c   0x0800823c   0x00000006   Code   RO         6628    .ARM.Collect$$_printf_percent$$00000009  c_w.l(_printf_d.o)
    0x08008242   0x08008242   0x00000006   Code   RO         6629    .ARM.Collect$$_printf_percent$$0000000A  c_w.l(_printf_u.o)
    0x08008248   0x08008248   0x00000006   Code   RO         6627    .ARM.Collect$$_printf_percent$$0000000C  c_w.l(_printf_x.o)
    0x0800824e   0x0800824e   0x00000006   Code   RO         6625    .ARM.Collect$$_printf_percent$$00000013  c_w.l(_printf_c.o)
    0x08008254   0x08008254   0x00000006   Code   RO         6626    .ARM.Collect$$_printf_percent$$00000014  c_w.l(_printf_s.o)
    0x0800825a   0x0800825a   0x00000004   Code   RO         6698    .ARM.Collect$$_printf_percent$$00000017  c_w.l(_printf_percent_end.o)
    0x0800825e   0x0800825e   0x00000002   Code   RO         6744    .ARM.Collect$$libinit$$00000000  c_w.l(libinit.o)
    0x08008260   0x08008260   0x00000004   Code   RO         6754    .ARM.Collect$$libinit$$00000001  c_w.l(libinit2.o)
    0x08008264   0x08008264   0x00000000   Code   RO         6757    .ARM.Collect$$libinit$$00000004  c_w.l(libinit2.o)
    0x08008264   0x08008264   0x00000000   Code   RO         6760    .ARM.Collect$$libinit$$0000000A  c_w.l(libinit2.o)
    0x08008264   0x08008264   0x00000000   Code   RO         6762    .ARM.Collect$$libinit$$0000000C  c_w.l(libinit2.o)
    0x08008264   0x08008264   0x00000000   Code   RO         6764    .ARM.Collect$$libinit$$0000000E  c_w.l(libinit2.o)
    0x08008264   0x08008264   0x00000000   Code   RO         6767    .ARM.Collect$$libinit$$00000011  c_w.l(libinit2.o)
    0x08008264   0x08008264   0x00000000   Code   RO         6769    .ARM.Collect$$libinit$$00000013  c_w.l(libinit2.o)
    0x08008264   0x08008264   0x00000000   Code   RO         6771    .ARM.Collect$$libinit$$00000015  c_w.l(libinit2.o)
    0x08008264   0x08008264   0x00000000   Code   RO         6773    .ARM.Collect$$libinit$$00000017  c_w.l(libinit2.o)
    0x08008264   0x08008264   0x00000000   Code   RO         6775    .ARM.Collect$$libinit$$00000019  c_w.l(libinit2.o)
    0x08008264   0x08008264   0x00000000   Code   RO         6777    .ARM.Collect$$libinit$$0000001B  c_w.l(libinit2.o)
    0x08008264   0x08008264   0x00000000   Code   RO         6779    .ARM.Collect$$libinit$$0000001D  c_w.l(libinit2.o)
    0x08008264   0x08008264   0x00000000   Code   RO         6781    .ARM.Collect$$libinit$$0000001F  c_w.l(libinit2.o)
    0x08008264   0x08008264   0x00000000   Code   RO         6783    .ARM.Collect$$libinit$$00000021  c_w.l(libinit2.o)
    0x08008264   0x08008264   0x00000000   Code   RO         6785    .ARM.Collect$$libinit$$00000023  c_w.l(libinit2.o)
    0x08008264   0x08008264   0x00000000   Code   RO         6787    .ARM.Collect$$libinit$$00000025  c_w.l(libinit2.o)
    0x08008264   0x08008264   0x00000000   Code   RO         6791    .ARM.Collect$$libinit$$0000002C  c_w.l(libinit2.o)
    0x08008264   0x08008264   0x00000000   Code   RO         6793    .ARM.Collect$$libinit$$0000002E  c_w.l(libinit2.o)
    0x08008264   0x08008264   0x00000000   Code   RO         6795    .ARM.Collect$$libinit$$00000030  c_w.l(libinit2.o)
    0x08008264   0x08008264   0x00000000   Code   RO         6797    .ARM.Collect$$libinit$$00000032  c_w.l(libinit2.o)
    0x08008264   0x08008264   0x00000002   Code   RO         6798    .ARM.Collect$$libinit$$00000033  c_w.l(libinit2.o)
    0x08008266   0x08008266   0x00000002   Code   RO         6826    .ARM.Collect$$libshutdown$$00000000  c_w.l(libshutdown.o)
    0x08008268   0x08008268   0x00000000   Code   RO         6840    .ARM.Collect$$libshutdown$$00000002  c_w.l(libshutdown2.o)
    0x08008268   0x08008268   0x00000000   Code   RO         6842    .ARM.Collect$$libshutdown$$00000004  c_w.l(libshutdown2.o)
    0x08008268   0x08008268   0x00000000   Code   RO         6844    .ARM.Collect$$libshutdown$$00000006  c_w.l(libshutdown2.o)
    0x08008268   0x08008268   0x00000000   Code   RO         6847    .ARM.Collect$$libshutdown$$00000009  c_w.l(libshutdown2.o)
    0x08008268   0x08008268   0x00000000   Code   RO         6850    .ARM.Collect$$libshutdown$$0000000C  c_w.l(libshutdown2.o)
    0x08008268   0x08008268   0x00000000   Code   RO         6852    .ARM.Collect$$libshutdown$$0000000E  c_w.l(libshutdown2.o)
    0x08008268   0x08008268   0x00000000   Code   RO         6855    .ARM.Collect$$libshutdown$$00000011  c_w.l(libshutdown2.o)
    0x08008268   0x08008268   0x00000002   Code   RO         6856    .ARM.Collect$$libshutdown$$00000012  c_w.l(libshutdown2.o)
    0x0800826a   0x0800826a   0x00000000   Code   RO         6685    .ARM.Collect$$rtentry$$00000000  c_w.l(__rtentry.o)
    0x0800826a   0x0800826a   0x00000000   Code   RO         6709    .ARM.Collect$$rtentry$$00000002  c_w.l(__rtentry2.o)
    0x0800826a   0x0800826a   0x00000006   Code   RO         6721    .ARM.Collect$$rtentry$$00000004  c_w.l(__rtentry4.o)
    0x08008270   0x08008270   0x00000000   Code   RO         6711    .ARM.Collect$$rtentry$$00000009  c_w.l(__rtentry2.o)
    0x08008270   0x08008270   0x00000004   Code   RO         6712    .ARM.Collect$$rtentry$$0000000A  c_w.l(__rtentry2.o)
    0x08008274   0x08008274   0x00000000   Code   RO         6714    .ARM.Collect$$rtentry$$0000000C  c_w.l(__rtentry2.o)
    0x08008274   0x08008274   0x00000008   Code   RO         6715    .ARM.Collect$$rtentry$$0000000D  c_w.l(__rtentry2.o)
    0x0800827c   0x0800827c   0x00000002   Code   RO         6748    .ARM.Collect$$rtexit$$00000000  c_w.l(rtexit.o)
    0x0800827e   0x0800827e   0x00000000   Code   RO         6800    .ARM.Collect$$rtexit$$00000002  c_w.l(rtexit2.o)
    0x0800827e   0x0800827e   0x00000004   Code   RO         6801    .ARM.Collect$$rtexit$$00000003  c_w.l(rtexit2.o)
    0x08008282   0x08008282   0x00000006   Code   RO         6802    .ARM.Collect$$rtexit$$00000004  c_w.l(rtexit2.o)
    0x08008288   0x08008288   0x00000010   Code   RO         1293    .emb_text           sys.o
    0x08008298   0x08008298   0x000000b6   Code   RO         4979    .emb_text           port.o
    0x0800834e   0x0800834e   0x00000002   PAD
    0x08008350   0x08008350   0x00000040   Code   RO         1577    .text               startup_stm32f40_41xxx.o
    0x08008390   0x08008390   0x00000002   Code   RO         6564    .text               c_w.l(use_no_semi_2.o)
    0x08008392   0x08008392   0x00000048   Code   RO         6566    .text               c_w.l(llsdiv.o)
    0x080083da   0x080083da   0x00000002   PAD
    0x080083dc   0x080083dc   0x00000018   Code   RO         6572    .text               c_w.l(noretval__2printf.o)
    0x080083f4   0x080083f4   0x0000004e   Code   RO         6578    .text               c_w.l(_printf_pad.o)
    0x08008442   0x08008442   0x00000052   Code   RO         6580    .text               c_w.l(_printf_str.o)
    0x08008494   0x08008494   0x00000078   Code   RO         6582    .text               c_w.l(_printf_dec.o)
    0x0800850c   0x0800850c   0x00000058   Code   RO         6587    .text               c_w.l(_printf_hex_int.o)
    0x08008564   0x08008564   0x00000188   Code   RO         6622    .text               c_w.l(__printf_flags_ss_wp.o)
    0x080086ec   0x080086ec   0x0000003e   Code   RO         6633    .text               c_w.l(strlen.o)
    0x0800872a   0x0800872a   0x0000008a   Code   RO         6635    .text               c_w.l(rt_memcpy_v6.o)
    0x080087b4   0x080087b4   0x00000064   Code   RO         6637    .text               c_w.l(rt_memcpy_w.o)
    0x08008818   0x08008818   0x00000010   Code   RO         6639    .text               c_w.l(aeabi_memset.o)
    0x08008828   0x08008828   0x00000044   Code   RO         6641    .text               c_w.l(rt_memclr.o)
    0x0800886c   0x0800886c   0x0000004e   Code   RO         6643    .text               c_w.l(rt_memclr_w.o)
    0x080088ba   0x080088ba   0x00000006   Code   RO         6647    .text               c_w.l(heapauxi.o)
    0x080088c0   0x080088c0   0x00000002   Code   RO         6683    .text               c_w.l(use_no_semi.o)
    0x080088c2   0x080088c2   0x000000ee   Code   RO         6686    .text               c_w.l(lludivv7m.o)
    0x080089b0   0x080089b0   0x000000b2   Code   RO         6688    .text               c_w.l(_printf_intcommon.o)
    0x08008a62   0x08008a62   0x00000002   PAD
    0x08008a64   0x08008a64   0x00000030   Code   RO         6690    .text               c_w.l(_printf_char_common.o)
    0x08008a94   0x08008a94   0x0000002c   Code   RO         6694    .text               c_w.l(_printf_char.o)
    0x08008ac0   0x08008ac0   0x00000024   Code   RO         6696    .text               c_w.l(_printf_char_file.o)
    0x08008ae4   0x08008ae4   0x00000008   Code   RO         6729    .text               c_w.l(ferror.o)
    0x08008aec   0x08008aec   0x0000004a   Code   RO         6733    .text               c_w.l(sys_stackheap_outer.o)
    0x08008b36   0x08008b36   0x00000012   Code   RO         6737    .text               c_w.l(exit.o)
    0x08008b48   0x08008b48   0x00000008   Code   RO         6745    .text               c_w.l(libspace.o)
    0x08008b50   0x08008b50   0x00000002   Code   RO          331    i.BusFault_Handler  stm32f4xx_it.o
    0x08008b52   0x08008b52   0x0000002a   Code   RO          991    i.CmdError          sdio_sdcard.o
    0x08008b7c   0x08008b7c   0x00000058   Code   RO          992    i.CmdResp1Error     sdio_sdcard.o
    0x08008bd4   0x08008bd4   0x00000048   Code   RO          993    i.CmdResp2Error     sdio_sdcard.o
    0x08008c1c   0x08008c1c   0x00000030   Code   RO          994    i.CmdResp3Error     sdio_sdcard.o
    0x08008c4c   0x08008c4c   0x0000007c   Code   RO          995    i.CmdResp6Error     sdio_sdcard.o
    0x08008cc8   0x08008cc8   0x0000003c   Code   RO          996    i.CmdResp7Error     sdio_sdcard.o
    0x08008d04   0x08008d04   0x00000014   Code   RO          492    i.ConfigureTimeForRunTimeStats  timer.o
    0x08008d18   0x08008d18   0x0000002c   Code   RO         5746    i.DEV_Module_Init   dev_config.o
    0x08008d44   0x08008d44   0x00000034   Code   RO         5750    i.DEV_SPI_WriteByte  dev_config.o
    0x08008d78   0x08008d78   0x00000044   Code   RO         1311    i.DMA2_Stream5_IRQHandler  usart.o
    0x08008dbc   0x08008dbc   0x00000034   Code   RO         1312    i.DMA2_Stream7_IRQHandler  usart.o
    0x08008df0   0x08008df0   0x0000002c   Code   RO         3208    i.DMA_ClearITPendingBit  stm32f4xx_dma.o
    0x08008e1c   0x08008e1c   0x00000014   Code   RO         3209    i.DMA_Cmd           stm32f4xx_dma.o
    0x08008e30   0x08008e30   0x00000124   Code   RO         3210    i.DMA_DeInit        stm32f4xx_dma.o
    0x08008f54   0x08008f54   0x00000014   Code   RO         3213    i.DMA_FlowControllerConfig  stm32f4xx_dma.o
    0x08008f68   0x08008f68   0x0000000e   Code   RO         3214    i.DMA_GetCmdStatus  stm32f4xx_dma.o
    0x08008f76   0x08008f76   0x00000006   Code   RO         3215    i.DMA_GetCurrDataCounter  stm32f4xx_dma.o
    0x08008f7c   0x08008f7c   0x00000054   Code   RO         3219    i.DMA_GetITStatus   stm32f4xx_dma.o
    0x08008fd0   0x08008fd0   0x0000002c   Code   RO         3220    i.DMA_ITConfig      stm32f4xx_dma.o
    0x08008ffc   0x08008ffc   0x00000054   Code   RO         3221    i.DMA_Init          stm32f4xx_dma.o
    0x08009050   0x08009050   0x00000004   Code   RO         3224    i.DMA_SetCurrDataCounter  stm32f4xx_dma.o
    0x08009054   0x08009054   0x00000002   Code   RO          332    i.DebugMon_Handler  stm32f4xx_it.o
    0x08009056   0x08009056   0x0000006a   Code   RO         5814    i.EPD_4IN2_V2_Display  epd_4in2_v2.o
    0x080090c0   0x080090c0   0x00000064   Code   RO         5817    i.EPD_4IN2_V2_Init  epd_4in2_v2.o
    0x08009124   0x08009124   0x000000f6   Code   RO         5820    i.EPD_4IN2_V2_PartialDisplay  epd_4in2_v2.o
    0x0800921a   0x0800921a   0x00000002   PAD
    0x0800921c   0x0800921c   0x00000020   Code   RO         5821    i.EPD_4IN2_V2_ReadBusy  epd_4in2_v2.o
    0x0800923c   0x0800923c   0x00000038   Code   RO         5822    i.EPD_4IN2_V2_Reset  epd_4in2_v2.o
    0x08009274   0x08009274   0x0000002c   Code   RO         5823    i.EPD_4IN2_V2_SendCommand  epd_4in2_v2.o
    0x080092a0   0x080092a0   0x0000002c   Code   RO         5824    i.EPD_4IN2_V2_SendData  epd_4in2_v2.o
    0x080092cc   0x080092cc   0x0000002a   Code   RO         5825    i.EPD_4IN2_V2_SetCursor  epd_4in2_v2.o
    0x080092f6   0x080092f6   0x00000044   Code   RO         5826    i.EPD_4IN2_V2_SetWindows  epd_4in2_v2.o
    0x0800933a   0x0800933a   0x0000001c   Code   RO         5828    i.EPD_4IN2_V2_TurnOnDisplay  epd_4in2_v2.o
    0x08009356   0x08009356   0x00000002   PAD
    0x08009358   0x08009358   0x00000048   Code   RO         5752    i.EPD_GPIO_Init     dev_config.o
    0x080093a0   0x080093a0   0x0000000c   Code   RO         3146    i.EXTI_ClearITPendingBit  stm32f4xx_exti.o
    0x080093ac   0x080093ac   0x00000070   Code   RO         3151    i.EXTI_Init         stm32f4xx_exti.o
    0x0800941c   0x0800941c   0x00000144   Code   RO          997    i.FindSCR           sdio_sdcard.o
    0x08009560   0x08009560   0x00000078   Code   RO         1628    i.GPIO_Init         stm32f4xx_gpio.o
    0x080095d8   0x080095d8   0x00000020   Code   RO         1629    i.GPIO_PinAFConfig  stm32f4xx_gpio.o
    0x080095f8   0x080095f8   0x0000000e   Code   RO         1632    i.GPIO_ReadInputDataBit  stm32f4xx_gpio.o
    0x08009606   0x08009606   0x00000004   Code   RO         1635    i.GPIO_ResetBits    stm32f4xx_gpio.o
    0x0800960a   0x0800960a   0x00000004   Code   RO         1636    i.GPIO_SetBits      stm32f4xx_gpio.o
    0x0800960e   0x0800960e   0x00000002   Code   RO          333    i.HardFault_Handler  stm32f4xx_it.o
    0x08009610   0x08009610   0x00000094   Code   RO          998    i.IsCardProgramming  sdio_sdcard.o
    0x080096a4   0x080096a4   0x00000044   Code   RO          749    i.KEY_Init          key.o
    0x080096e8   0x080096e8   0x00000034   Code   RO            4    i.Keep_time_task    main.o
    0x0800971c   0x0800971c   0x00000040   Code   RO          468    i.LED_Init          led.o
    0x0800975c   0x0800975c   0x00000002   Code   RO          334    i.MemManage_Handler  stm32f4xx_it.o
    0x0800975e   0x0800975e   0x00000088   Code   RO         1201    i.My_RTC_Init       rtc.o
    0x080097e6   0x080097e6   0x00000002   Code   RO          335    i.NMI_Handler       stm32f4xx_it.o
    0x080097e8   0x080097e8   0x00000064   Code   RO         1583    i.NVIC_Init         misc.o
    0x0800984c   0x0800984c   0x00000014   Code   RO         1584    i.NVIC_PriorityGroupConfig  misc.o
    0x08009860   0x08009860   0x0000000c   Code   RO         3883    i.PWR_BackupAccessCmd  stm32f4xx_pwr.o
    0x0800986c   0x0800986c   0x000000a4   Code   RO         5990    i.Paint_Clear       gui_paint.o
    0x08009910   0x08009910   0x0000008c   Code   RO         6005    i.Paint_Get_HzMat   gui_paint.o
    0x0800999c   0x0800999c   0x0000003c   Code   RO         6006    i.Paint_NewImage    gui_paint.o
    0x080099d8   0x080099d8   0x0000000c   Code   RO         6007    i.Paint_SelectImage  gui_paint.o
    0x080099e4   0x080099e4   0x00000120   Code   RO         6009    i.Paint_SetPixel    gui_paint.o
    0x08009b04   0x08009b04   0x0000030c   Code   RO         6012    i.Paint_Show_Arc    gui_paint.o
    0x08009e10   0x08009e10   0x00000148   Code   RO         6013    i.Paint_Show_Char   gui_paint.o
    0x08009f58   0x08009f58   0x000000be   Code   RO         6016    i.Paint_Show_Font   gui_paint.o
    0x0800a016   0x0800a016   0x00000002   PAD
    0x0800a018   0x0800a018   0x00000090   Code   RO         6017    i.Paint_Show_Line   gui_paint.o
    0x0800a0a8   0x0800a0a8   0x000000a0   Code   RO         6018    i.Paint_Show_Rectangle  gui_paint.o
    0x0800a148   0x0800a148   0x000002aa   Code   RO         6019    i.Paint_Show_RoundRect  gui_paint.o
    0x0800a3f2   0x0800a3f2   0x000000b8   Code   RO         6020    i.Paint_Show_Str    gui_paint.o
    0x0800a4aa   0x0800a4aa   0x00000002   PAD
    0x0800a4ac   0x0800a4ac   0x00000104   Code   RO         6023    i.Paint_Show_xNum   gui_paint.o
    0x0800a5b0   0x0800a5b0   0x00000018   Code   RO         1889    i.RCC_AHB1PeriphClockCmd  stm32f4xx_rcc.o
    0x0800a5c8   0x0800a5c8   0x00000018   Code   RO         1898    i.RCC_APB1PeriphClockCmd  stm32f4xx_rcc.o
    0x0800a5e0   0x0800a5e0   0x00000018   Code   RO         1900    i.RCC_APB1PeriphResetCmd  stm32f4xx_rcc.o
    0x0800a5f8   0x0800a5f8   0x00000018   Code   RO         1901    i.RCC_APB2PeriphClockCmd  stm32f4xx_rcc.o
    0x0800a610   0x0800a610   0x00000018   Code   RO         1903    i.RCC_APB2PeriphResetCmd  stm32f4xx_rcc.o
    0x0800a628   0x0800a628   0x00000090   Code   RO         1910    i.RCC_GetClocksFreq  stm32f4xx_rcc.o
    0x0800a6b8   0x0800a6b8   0x00000034   Code   RO         1911    i.RCC_GetFlagStatus  stm32f4xx_rcc.o
    0x0800a6ec   0x0800a6ec   0x0000001c   Code   RO         1919    i.RCC_LSEConfig     stm32f4xx_rcc.o
    0x0800a708   0x0800a708   0x0000000c   Code   RO         1933    i.RCC_RTCCLKCmd     stm32f4xx_rcc.o
    0x0800a714   0x0800a714   0x00000030   Code   RO         1934    i.RCC_RTCCLKConfig  stm32f4xx_rcc.o
    0x0800a744   0x0800a744   0x00000012   Code   RO         3532    i.RTC_Bcd2ToByte    stm32f4xx_rtc.o
    0x0800a756   0x0800a756   0x00000018   Code   RO         3534    i.RTC_ByteToBcd2    stm32f4xx_rtc.o
    0x0800a76e   0x0800a76e   0x00000002   PAD
    0x0800a770   0x0800a770   0x0000001c   Code   RO         3538    i.RTC_ClearITPendingBit  stm32f4xx_rtc.o
    0x0800a78c   0x0800a78c   0x0000003c   Code   RO         3544    i.RTC_EnterInitMode  stm32f4xx_rtc.o
    0x0800a7c8   0x0800a7c8   0x00000010   Code   RO         3545    i.RTC_ExitInitMode  stm32f4xx_rtc.o
    0x0800a7d8   0x0800a7d8   0x0000004c   Code   RO         3548    i.RTC_GetDate       stm32f4xx_rtc.o
    0x0800a824   0x0800a824   0x0000001c   Code   RO         3549    i.RTC_GetFlagStatus  stm32f4xx_rtc.o
    0x0800a840   0x0800a840   0x00000050   Code   RO         3553    i.RTC_GetTime       stm32f4xx_rtc.o
    0x0800a890   0x0800a890   0x00000040   Code   RO         3557    i.RTC_ITConfig      stm32f4xx_rtc.o
    0x0800a8d0   0x0800a8d0   0x00000050   Code   RO         3558    i.RTC_Init          stm32f4xx_rtc.o
    0x0800a920   0x0800a920   0x00000014   Code   RO         3561    i.RTC_ReadBackupRegister  stm32f4xx_rtc.o
    0x0800a934   0x0800a934   0x00000098   Code   RO         3564    i.RTC_SetDate       stm32f4xx_rtc.o
    0x0800a9cc   0x0800a9cc   0x000000a0   Code   RO         3565    i.RTC_SetTime       stm32f4xx_rtc.o
    0x0800aa6c   0x0800aa6c   0x0000001c   Code   RO         3566    i.RTC_SetWakeUpCounter  stm32f4xx_rtc.o
    0x0800aa88   0x0800aa88   0x0000001c   Code   RO         1203    i.RTC_Set_Date      rtc.o
    0x0800aaa4   0x0800aaa4   0x0000001c   Code   RO         1204    i.RTC_Set_Time      rtc.o
    0x0800aac0   0x0800aac0   0x0000006e   Code   RO         1205    i.RTC_Set_WakeUp    rtc.o
    0x0800ab2e   0x0800ab2e   0x00000002   PAD
    0x0800ab30   0x0800ab30   0x00000048   Code   RO          336    i.RTC_WKUP_IRQHandler  stm32f4xx_it.o
    0x0800ab78   0x0800ab78   0x0000004c   Code   RO         3581    i.RTC_WaitForSynchro  stm32f4xx_rtc.o
    0x0800abc4   0x0800abc4   0x00000028   Code   RO         3582    i.RTC_WakeUpClockConfig  stm32f4xx_rtc.o
    0x0800abec   0x0800abec   0x00000058   Code   RO         3583    i.RTC_WakeUpCmd     stm32f4xx_rtc.o
    0x0800ac44   0x0800ac44   0x00000014   Code   RO         3584    i.RTC_WriteBackupRegister  stm32f4xx_rtc.o
    0x0800ac58   0x0800ac58   0x0000008c   Code   RO          999    i.SDEnWideBus       sdio_sdcard.o
    0x0800ace4   0x0800ace4   0x0000000c   Code   RO         3336    i.SDIO_ClearFlag    stm32f4xx_sdio.o
    0x0800acf0   0x0800acf0   0x00000014   Code   RO         1000    i.SDIO_Clock_Set    sdio_sdcard.o
    0x0800ad04   0x0800ad04   0x00000030   Code   RO         3342    i.SDIO_DataConfig   stm32f4xx_sdio.o
    0x0800ad34   0x0800ad34   0x00000014   Code   RO         3348    i.SDIO_GetFlagStatus  stm32f4xx_sdio.o
    0x0800ad48   0x0800ad48   0x00000010   Code   RO         3350    i.SDIO_GetPowerState  stm32f4xx_sdio.o
    0x0800ad58   0x0800ad58   0x00000004   Code   RO         1001    i.SDIO_IRQHandler   sdio_sdcard.o
    0x0800ad5c   0x0800ad5c   0x0000002c   Code   RO         3353    i.SDIO_Init         stm32f4xx_sdio.o
    0x0800ad88   0x0800ad88   0x00000038   Code   RO         1002    i.SDIO_Register_Deinit  sdio_sdcard.o
    0x0800adc0   0x0800adc0   0x00000028   Code   RO         3356    i.SDIO_SendCommand  stm32f4xx_sdio.o
    0x0800ade8   0x0800ade8   0x0000000c   Code   RO         3358    i.SDIO_SetPowerState  stm32f4xx_sdio.o
    0x0800adf4   0x0800adf4   0x00000078   Code   RO         1003    i.SD_DMA_Config     sdio_sdcard.o
    0x0800ae6c   0x0800ae6c   0x0000004c   Code   RO         1004    i.SD_EnableWideBusOperation  sdio_sdcard.o
    0x0800aeb8   0x0800aeb8   0x00000218   Code   RO         1005    i.SD_GetCardInfo    sdio_sdcard.o
    0x0800b0d0   0x0800b0d0   0x0000011c   Code   RO         1007    i.SD_Init           sdio_sdcard.o
    0x0800b1ec   0x0800b1ec   0x0000011c   Code   RO         1008    i.SD_InitializeCards  sdio_sdcard.o
    0x0800b308   0x0800b308   0x000001a4   Code   RO         1010    i.SD_PowerON        sdio_sdcard.o
    0x0800b4ac   0x0800b4ac   0x000000f0   Code   RO         1011    i.SD_ProcessIRQSrc  sdio_sdcard.o
    0x0800b59c   0x0800b59c   0x00000208   Code   RO         1012    i.SD_ReadBlock      sdio_sdcard.o
    0x0800b7a4   0x0800b7a4   0x00000078   Code   RO         1013    i.SD_ReadDisk       sdio_sdcard.o
    0x0800b81c   0x0800b81c   0x00000270   Code   RO         1014    i.SD_ReadMultiBlocks  sdio_sdcard.o
    0x0800ba8c   0x0800ba8c   0x0000002c   Code   RO         1015    i.SD_SelectDeselect  sdio_sdcard.o
    0x0800bab8   0x0800bab8   0x00000018   Code   RO         1017    i.SD_SetDeviceMode  sdio_sdcard.o
    0x0800bad0   0x0800bad0   0x000002dc   Code   RO         1018    i.SD_WriteBlock     sdio_sdcard.o
    0x0800bdac   0x0800bdac   0x00000070   Code   RO         1019    i.SD_WriteDisk      sdio_sdcard.o
    0x0800be1c   0x0800be1c   0x00000300   Code   RO         1020    i.SD_WriteMultiBlocks  sdio_sdcard.o
    0x0800c11c   0x0800c11c   0x000000c4   Code   RO          842    i.SPI1_Init         spi.o
    0x0800c1e0   0x0800c1e0   0x00000034   Code   RO          843    i.SPI1_ReadWriteByte  spi.o
    0x0800c214   0x0800c214   0x0000001c   Code   RO          844    i.SPI1_SetSpeed     spi.o
    0x0800c230   0x0800c230   0x000000cc   Code   RO          845    i.SPI2_Init         spi.o
    0x0800c2fc   0x0800c2fc   0x00000014   Code   RO         1731    i.SPI_Cmd           stm32f4xx_spi.o
    0x0800c310   0x0800c310   0x0000000e   Code   RO         1739    i.SPI_I2S_GetFlagStatus  stm32f4xx_spi.o
    0x0800c31e   0x0800c31e   0x00000004   Code   RO         1742    i.SPI_I2S_ReceiveData  stm32f4xx_spi.o
    0x0800c322   0x0800c322   0x00000004   Code   RO         1743    i.SPI_I2S_SendData  stm32f4xx_spi.o
    0x0800c326   0x0800c326   0x00000038   Code   RO         1744    i.SPI_Init          stm32f4xx_spi.o
    0x0800c35e   0x0800c35e   0x00000002   PAD
    0x0800c360   0x0800c360   0x000000b4   Code   RO          431    i.SetSysClock       system_stm32f4xx.o
    0x0800c414   0x0800c414   0x00000018   Code   RO         1587    i.SysTick_CLKSourceConfig  misc.o
    0x0800c42c   0x0800c42c   0x00000014   Code   RO         1247    i.SysTick_Handler   delay.o
    0x0800c440   0x0800c440   0x0000005c   Code   RO          433    i.SystemInit        system_stm32f4xx.o
    0x0800c49c   0x0800c49c   0x00000034   Code   RO          493    i.TIM3_IRQHandler   timer.o
    0x0800c4d0   0x0800c4d0   0x0000005c   Code   RO          494    i.TIM3_Int_Init     timer.o
    0x0800c52c   0x0800c52c   0x0000003c   Code   RO         1392    i.TIM4_IRQHandler   usmart.o
    0x0800c568   0x0800c568   0x00000006   Code   RO         2475    i.TIM_ClearFlag     stm32f4xx_tim.o
    0x0800c56e   0x0800c56e   0x00000006   Code   RO         2476    i.TIM_ClearITPendingBit  stm32f4xx_tim.o
    0x0800c574   0x0800c574   0x00000014   Code   RO         2481    i.TIM_Cmd           stm32f4xx_tim.o
    0x0800c588   0x0800c588   0x00000004   Code   RO         2500    i.TIM_GetCounter    stm32f4xx_tim.o
    0x0800c58c   0x0800c58c   0x0000000e   Code   RO         2501    i.TIM_GetFlagStatus  stm32f4xx_tim.o
    0x0800c59a   0x0800c59a   0x00000018   Code   RO         2502    i.TIM_GetITStatus   stm32f4xx_tim.o
    0x0800c5b2   0x0800c5b2   0x00000010   Code   RO         2506    i.TIM_ITConfig      stm32f4xx_tim.o
    0x0800c5c2   0x0800c5c2   0x00000004   Code   RO         2541    i.TIM_SetAutoreload  stm32f4xx_tim.o
    0x0800c5c6   0x0800c5c6   0x00000004   Code   RO         2547    i.TIM_SetCounter    stm32f4xx_tim.o
    0x0800c5ca   0x0800c5ca   0x00000002   PAD
    0x0800c5cc   0x0800c5cc   0x0000007c   Code   RO         2553    i.TIM_TimeBaseInit  stm32f4xx_tim.o
    0x0800c648   0x0800c648   0x0000005c   Code   RO         1393    i.Timer4_Init       usmart.o
    0x0800c6a4   0x0800c6a4   0x000000a8   Code   RO         1315    i.USART1_IRQHandler  usart.o
    0x0800c74c   0x0800c74c   0x00000074   Code   RO            9    i.USART1_ReceiveTask  main.o
    0x0800c7c0   0x0800c7c0   0x00000014   Code   RO         2283    i.USART_Cmd         stm32f4xx_usart.o
    0x0800c7d4   0x0800c7d4   0x00000010   Code   RO         2284    i.USART_DMACmd      stm32f4xx_usart.o
    0x0800c7e4   0x0800c7e4   0x0000003e   Code   RO         2287    i.USART_GetITStatus  stm32f4xx_usart.o
    0x0800c822   0x0800c822   0x00000030   Code   RO         2289    i.USART_ITConfig    stm32f4xx_usart.o
    0x0800c852   0x0800c852   0x00000002   PAD
    0x0800c854   0x0800c854   0x000000ac   Code   RO         2290    i.USART_Init        stm32f4xx_usart.o
    0x0800c900   0x0800c900   0x00000002   Code   RO          337    i.UsageFault_Handler  stm32f4xx_it.o
    0x0800c902   0x0800c902   0x00000002   PAD
    0x0800c904   0x0800c904   0x0000002c   Code   RO          884    i.W25QXX_Erase_Chip  w25qxx.o
    0x0800c930   0x0800c930   0x00000058   Code   RO          885    i.W25QXX_Erase_Sector  w25qxx.o
    0x0800c988   0x0800c988   0x00000084   Code   RO          886    i.W25QXX_Init       w25qxx.o
    0x0800ca0c   0x0800ca0c   0x00000050   Code   RO          888    i.W25QXX_Read       w25qxx.o
    0x0800ca5c   0x0800ca5c   0x00000044   Code   RO          889    i.W25QXX_ReadID     w25qxx.o
    0x0800caa0   0x0800caa0   0x00000024   Code   RO          890    i.W25QXX_ReadSR     w25qxx.o
    0x0800cac4   0x0800cac4   0x0000000c   Code   RO          892    i.W25QXX_Wait_Busy  w25qxx.o
    0x0800cad0   0x0800cad0   0x000000a6   Code   RO          893    i.W25QXX_Write      w25qxx.o
    0x0800cb76   0x0800cb76   0x00000002   PAD
    0x0800cb78   0x0800cb78   0x00000020   Code   RO          895    i.W25QXX_Write_Enable  w25qxx.o
    0x0800cb98   0x0800cb98   0x0000003e   Code   RO          896    i.W25QXX_Write_NoCheck  w25qxx.o
    0x0800cbd6   0x0800cbd6   0x00000002   PAD
    0x0800cbd8   0x0800cbd8   0x00000058   Code   RO          897    i.W25QXX_Write_Page  w25qxx.o
    0x0800cc30   0x0800cc30   0x0000000e   Code   RO         6615    i._is_digit         c_w.l(__printf_wp.o)
    0x0800cc3e   0x0800cc3e   0x00000002   Code   RO         1316    i._sys_exit         usart.o
    0x0800cc40   0x0800cc40   0x00000078   Code   RO         6316    i.arm_cos_f32       arm_cos_f32.o
    0x0800ccb8   0x0800ccb8   0x00000074   Code   RO         6346    i.arm_sin_f32       arm_sin_f32.o
    0x0800cd2c   0x0800cd2c   0x00000054   Code   RO         6490    i.calculateWeekday  calendar.o
    0x0800cd80   0x0800cd80   0x00000074   Code   RO         5391    i.check_fs          ff.o
    0x0800cdf4   0x0800cdf4   0x00000010   Code   RO         5392    i.chk_chr           ff.o
    0x0800ce04   0x0800ce04   0x00000024   Code   RO         5393    i.clmt_clust        ff.o
    0x0800ce28   0x0800ce28   0x00000018   Code   RO         5394    i.clust2sect        ff.o
    0x0800ce40   0x0800ce40   0x00000012   Code   RO         1021    i.convert_from_bytes_to_power_of_two  sdio_sdcard.o
    0x0800ce52   0x0800ce52   0x0000009e   Code   RO         5395    i.create_chain      ff.o
    0x0800cef0   0x0800cef0   0x00000218   Code   RO         5396    i.create_name       ff.o
    0x0800d108   0x0800d108   0x00000038   Code   RO         1248    i.delay_init        delay.o
    0x0800d140   0x0800d140   0x00000038   Code   RO         1249    i.delay_ms          delay.o
    0x0800d178   0x0800d178   0x00000034   Code   RO         1250    i.delay_us          delay.o
    0x0800d1ac   0x0800d1ac   0x00000042   Code   RO         5397    i.dir_alloc         ff.o
    0x0800d1ee   0x0800d1ee   0x00000002   PAD
    0x0800d1f0   0x0800d1f0   0x0000012c   Code   RO         5398    i.dir_find          ff.o
    0x0800d31c   0x0800d31c   0x000000e6   Code   RO         5399    i.dir_next          ff.o
    0x0800d402   0x0800d402   0x00000002   PAD
    0x0800d404   0x0800d404   0x000000fc   Code   RO         5400    i.dir_read          ff.o
    0x0800d500   0x0800d500   0x00000164   Code   RO         5401    i.dir_register      ff.o
    0x0800d664   0x0800d664   0x00000062   Code   RO         5402    i.dir_remove        ff.o
    0x0800d6c6   0x0800d6c6   0x0000007c   Code   RO         5403    i.dir_sdi           ff.o
    0x0800d742   0x0800d742   0x00000002   PAD
    0x0800d744   0x0800d744   0x00000028   Code   RO         5325    i.disk_initialize   diskio.o
    0x0800d76c   0x0800d76c   0x00000074   Code   RO         5326    i.disk_ioctl        diskio.o
    0x0800d7e0   0x0800d7e0   0x0000004c   Code   RO         5327    i.disk_read         diskio.o
    0x0800d82c   0x0800d82c   0x00000004   Code   RO         5328    i.disk_status       diskio.o
    0x0800d830   0x0800d830   0x0000004c   Code   RO         5329    i.disk_write        diskio.o
    0x0800d87c   0x0800d87c   0x000000b0   Code   RO         6491    i.displayCalendar   calendar.o
    0x0800d92c   0x0800d92c   0x00000104   Code   RO         6492    i.displayTime       calendar.o
    0x0800da30   0x0800da30   0x00000096   Code   RO         6493    i.drawDay           calendar.o
    0x0800dac6   0x0800dac6   0x00000002   PAD
    0x0800dac8   0x0800dac8   0x00000094   Code   RO         6494    i.drawMonth         calendar.o
    0x0800db5c   0x0800db5c   0x00000064   Code   RO         5123    i.exfuns_init       exfuns.o
    0x0800dbc0   0x0800dbc0   0x0000001c   Code   RO         5405    i.f_close           ff.o
    0x0800dbdc   0x0800dbdc   0x00000012   Code   RO         5406    i.f_closedir        ff.o
    0x0800dbee   0x0800dbee   0x000000cc   Code   RO         5407    i.f_getfree         ff.o
    0x0800dcba   0x0800dcba   0x0000009c   Code   RO         5408    i.f_getlabel        ff.o
    0x0800dd56   0x0800dd56   0x00000044   Code   RO         5409    i.f_gets            ff.o
    0x0800dd9a   0x0800dd9a   0x00000200   Code   RO         5410    i.f_lseek           ff.o
    0x0800df9a   0x0800df9a   0x0000017c   Code   RO         5411    i.f_mkdir           ff.o
    0x0800e116   0x0800e116   0x00000002   PAD
    0x0800e118   0x0800e118   0x0000052e   Code   RO         5412    i.f_mkfs            ff.o
    0x0800e646   0x0800e646   0x00000002   PAD
    0x0800e648   0x0800e648   0x0000004c   Code   RO         5413    i.f_mount           ff.o
    0x0800e694   0x0800e694   0x00000162   Code   RO         5414    i.f_open            ff.o
    0x0800e7f6   0x0800e7f6   0x00000080   Code   RO         5415    i.f_opendir         ff.o
    0x0800e876   0x0800e876   0x0000003c   Code   RO         5417    i.f_putc            ff.o
    0x0800e8b2   0x0800e8b2   0x00000046   Code   RO         5418    i.f_puts            ff.o
    0x0800e8f8   0x0800e8f8   0x00000148   Code   RO         5419    i.f_read            ff.o
    0x0800ea40   0x0800ea40   0x00000074   Code   RO         5420    i.f_readdir         ff.o
    0x0800eab4   0x0800eab4   0x00000120   Code   RO         5421    i.f_rename          ff.o
    0x0800ebd4   0x0800ebd4   0x0000016c   Code   RO         5422    i.f_setlabel        ff.o
    0x0800ed40   0x0800ed40   0x00000098   Code   RO         5424    i.f_sync            ff.o
    0x0800edd8   0x0800edd8   0x000000be   Code   RO         5426    i.f_unlink          ff.o
    0x0800ee96   0x0800ee96   0x00000180   Code   RO         5428    i.f_write           ff.o
    0x0800f016   0x0800f016   0x00000002   PAD
    0x0800f018   0x0800f018   0x0000004c   Code   RO         5713    i.ff_convert        cc936.o
    0x0800f064   0x0800f064   0x00000008   Code   RO         5330    i.ff_memalloc       diskio.o
    0x0800f06c   0x0800f06c   0x00000008   Code   RO         5331    i.ff_memfree        diskio.o
    0x0800f074   0x0800f074   0x00000024   Code   RO         5714    i.ff_wtoupper       cc936.o
    0x0800f098   0x0800f098   0x000002b4   Code   RO         5429    i.find_volume       ff.o
    0x0800f34c   0x0800f34c   0x00000066   Code   RO         5430    i.follow_path       ff.o
    0x0800f3b2   0x0800f3b2   0x00000002   PAD
    0x0800f3b4   0x0800f3b4   0x00000040   Code   RO         6243    i.font_init         fontupd.o
    0x0800f3f4   0x0800f3f4   0x00000014   Code   RO         1317    i.fputc             usart.o
    0x0800f408   0x0800f408   0x0000008c   Code   RO         5431    i.gen_numname       ff.o
    0x0800f494   0x0800f494   0x00000044   Code   RO         6495    i.getDaysInMonth    calendar.o
    0x0800f4d8   0x0800f4d8   0x000000c0   Code   RO         5432    i.get_fat           ff.o
    0x0800f598   0x0800f598   0x00000004   Code   RO         5332    i.get_fattime       diskio.o
    0x0800f59c   0x0800f59c   0x000000cc   Code   RO         5433    i.get_fileinfo      ff.o
    0x0800f668   0x0800f668   0x0000003c   Code   RO         5434    i.get_ldnumber      ff.o
    0x0800f6a4   0x0800f6a4   0x000000a0   Code   RO         6496    i.initCalendar      calendar.o
    0x0800f744   0x0800f744   0x00000074   Code   RO         6497    i.initMonth         calendar.o
    0x0800f7b8   0x0800f7b8   0x00000044   Code   RO         6498    i.initYear          calendar.o
    0x0800f7fc   0x0800f7fc   0x00000030   Code   RO         6024    i.invertPixelColor  gui_paint.o
    0x0800f82c   0x0800f82c   0x00000012   Code   RO         5435    i.ld_clust          ff.o
    0x0800f83e   0x0800f83e   0x00000002   PAD
    0x0800f840   0x0800f840   0x00000124   Code   RO           10    i.main              main.o
    0x0800f964   0x0800f964   0x00000010   Code   RO         5436    i.mem_cpy           ff.o
    0x0800f974   0x0800f974   0x0000000e   Code   RO         5437    i.mem_set           ff.o
    0x0800f982   0x0800f982   0x00000002   PAD
    0x0800f984   0x0800f984   0x00000014   Code   RO         5175    i.mf_close          fattester.o
    0x0800f998   0x0800f998   0x0000000c   Code   RO         5176    i.mf_closedir       fattester.o
    0x0800f9a4   0x0800f9a4   0x00000004   Code   RO         5177    i.mf_fmkfs          fattester.o
    0x0800f9a8   0x0800f9a8   0x00000080   Code   RO         5178    i.mf_getlabel       fattester.o
    0x0800fa28   0x0800fa28   0x00000048   Code   RO         5179    i.mf_gets           fattester.o
    0x0800fa70   0x0800fa70   0x00000010   Code   RO         5180    i.mf_lseek          fattester.o
    0x0800fa80   0x0800fa80   0x00000004   Code   RO         5181    i.mf_mkdir          fattester.o
    0x0800fa84   0x0800fa84   0x00000014   Code   RO         5182    i.mf_mount          fattester.o
    0x0800fa98   0x0800fa98   0x00000010   Code   RO         5183    i.mf_open           fattester.o
    0x0800faa8   0x0800faa8   0x0000000c   Code   RO         5184    i.mf_opendir        fattester.o
    0x0800fab4   0x0800fab4   0x00000014   Code   RO         5185    i.mf_putc           fattester.o
    0x0800fac8   0x0800fac8   0x00000014   Code   RO         5186    i.mf_puts           fattester.o
    0x0800fadc   0x0800fadc   0x0000014c   Code   RO         5187    i.mf_read           fattester.o
    0x0800fc28   0x0800fc28   0x00000174   Code   RO         5188    i.mf_readdir        fattester.o
    0x0800fd9c   0x0800fd9c   0x00000004   Code   RO         5189    i.mf_rename         fattester.o
    0x0800fda0   0x0800fda0   0x0000007c   Code   RO         5190    i.mf_scan_files     fattester.o
    0x0800fe1c   0x0800fe1c   0x00000054   Code   RO         5191    i.mf_setlabel       fattester.o
    0x0800fe70   0x0800fe70   0x00000090   Code   RO         5192    i.mf_showfree       fattester.o
    0x0800ff00   0x0800ff00   0x0000000c   Code   RO         5193    i.mf_size           fattester.o
    0x0800ff0c   0x0800ff0c   0x0000000c   Code   RO         5194    i.mf_tell           fattester.o
    0x0800ff18   0x0800ff18   0x00000004   Code   RO         5195    i.mf_unlink         fattester.o
    0x0800ff1c   0x0800ff1c   0x000000b4   Code   RO         5196    i.mf_write          fattester.o
    0x0800ffd0   0x0800ffd0   0x0000002e   Code   RO         5438    i.move_window       ff.o
    0x0800fffe   0x0800fffe   0x00000002   PAD
    0x08010000   0x08010000   0x00000058   Code   RO         4005    i.my_mem_free       malloc.o
    0x08010058   0x08010058   0x0000003c   Code   RO         4006    i.my_mem_init       malloc.o
    0x08010094   0x08010094   0x0000008c   Code   RO         4007    i.my_mem_malloc     malloc.o
    0x08010120   0x08010120   0x00000038   Code   RO         4008    i.my_mem_perused    malloc.o
    0x08010158   0x08010158   0x00000018   Code   RO         4009    i.myfree            malloc.o
    0x08010170   0x08010170   0x00000020   Code   RO         4010    i.mymalloc          malloc.o
    0x08010190   0x08010190   0x0000000c   Code   RO         4012    i.mymemset          malloc.o
    0x0801019c   0x0801019c   0x00000070   Code   RO         4487    i.prvAddCurrentTaskToDelayedList  tasks.o
    0x0801020c   0x0801020c   0x000000d0   Code   RO         4488    i.prvAddNewTaskToReadyList  tasks.o
    0x080102dc   0x080102dc   0x00000050   Code   RO         4851    i.prvCheckForValidListAndQueue  timers.o
    0x0801032c   0x0801032c   0x00000054   Code   RO         4489    i.prvCheckTasksWaitingTermination  tasks.o
    0x08010380   0x08010380   0x00000026   Code   RO         4261    i.prvCopyDataFromQueue  queue.o
    0x080103a6   0x080103a6   0x0000006c   Code   RO         4262    i.prvCopyDataToQueue  queue.o
    0x08010412   0x08010412   0x00000014   Code   RO         4490    i.prvDeleteTCB      tasks.o
    0x08010426   0x08010426   0x00000002   PAD
    0x08010428   0x08010428   0x0000004c   Code   RO         5064    i.prvHeapInit       heap_4.o
    0x08010474   0x08010474   0x00000028   Code   RO         4491    i.prvIdleTask       tasks.o
    0x0801049c   0x0801049c   0x000000c0   Code   RO         4492    i.prvInitialiseNewTask  tasks.o
    0x0801055c   0x0801055c   0x0000004c   Code   RO         5065    i.prvInsertBlockIntoFreeList  heap_4.o
    0x080105a8   0x080105a8   0x00000038   Code   RO         4852    i.prvInsertTimerInActiveList  timers.o
    0x080105e0   0x080105e0   0x0000001a   Code   RO         4263    i.prvIsQueueEmpty   queue.o
    0x080105fa   0x080105fa   0x00000002   PAD
    0x080105fc   0x080105fc   0x00000090   Code   RO         4264    i.prvNotifyQueueSetContainer  queue.o
    0x0801068c   0x0801068c   0x00000060   Code   RO         4853    i.prvProcessExpiredTimer  timers.o
    0x080106ec   0x080106ec   0x000000f0   Code   RO         4854    i.prvProcessReceivedCommands  timers.o
    0x080107dc   0x080107dc   0x0000006c   Code   RO         4855    i.prvProcessTimerOrBlockTask  timers.o
    0x08010848   0x08010848   0x00000020   Code   RO         4494    i.prvResetNextTaskUnblockTime  tasks.o
    0x08010868   0x08010868   0x00000028   Code   RO         4856    i.prvSampleTimeNow  timers.o
    0x08010890   0x08010890   0x0000006c   Code   RO         4857    i.prvSwitchTimerLists  timers.o
    0x080108fc   0x080108fc   0x00000064   Code   RO         4980    i.prvTaskExitError  port.o
    0x08010960   0x08010960   0x00000028   Code   RO         4858    i.prvTimerTask      timers.o
    0x08010988   0x08010988   0x00000078   Code   RO         4265    i.prvUnlockQueue    queue.o
    0x08010a00   0x08010a00   0x000000f8   Code   RO         5439    i.put_fat           ff.o
    0x08010af8   0x08010af8   0x0000003a   Code   RO         5440    i.putc_bfd          ff.o
    0x08010b32   0x08010b32   0x00000002   PAD
    0x08010b34   0x08010b34   0x00000114   Code   RO         5066    i.pvPortMalloc      heap_4.o
    0x08010c48   0x08010c48   0x00000018   Code   RO         4497    i.pvTaskIncrementMutexHeldCount  tasks.o
    0x08010c60   0x08010c60   0x0000002c   Code   RO         4981    i.pxPortInitialiseStack  port.o
    0x08010c8c   0x08010c8c   0x00000004   Code   RO         1394    i.read_addr         usmart.o
    0x08010c90   0x08010c90   0x00000062   Code   RO         5441    i.remove_chain      ff.o
    0x08010cf2   0x08010cf2   0x00000010   Code   RO         5442    i.st_clust          ff.o
    0x08010d02   0x08010d02   0x00000002   PAD
    0x08010d04   0x08010d04   0x000000b4   Code   RO           11    i.start_task        main.o
    0x08010db8   0x08010db8   0x0000001a   Code   RO         5443    i.sum_sfn           ff.o
    0x08010dd2   0x08010dd2   0x000000b0   Code   RO         5444    i.sync_fs           ff.o
    0x08010e82   0x08010e82   0x00000050   Code   RO         5445    i.sync_window       ff.o
    0x08010ed2   0x08010ed2   0x00000002   PAD
    0x08010ed4   0x08010ed4   0x00000198   Code   RO         1318    i.uart_init         usart.o
    0x0801106c   0x0801106c   0x00000068   Code   RO         4498    i.ulTaskNotifyTake  tasks.o
    0x080110d4   0x080110d4   0x00000094   Code   RO         1395    i.usmart_cmd_rec    usmart.o
    0x08011168   0x08011168   0x00000260   Code   RO         1396    i.usmart_exe        usmart.o
    0x080113c8   0x080113c8   0x0000009c   Code   RO         1501    i.usmart_get_aparm  usmart_str.o
    0x08011464   0x08011464   0x0000002e   Code   RO         1502    i.usmart_get_cmdname  usmart_str.o
    0x08011492   0x08011492   0x00000002   PAD
    0x08011494   0x08011494   0x00000168   Code   RO         1503    i.usmart_get_fname  usmart_str.o
    0x080115fc   0x080115fc   0x000000d0   Code   RO         1504    i.usmart_get_fparam  usmart_str.o
    0x080116cc   0x080116cc   0x00000024   Code   RO         1505    i.usmart_get_parmpos  usmart_str.o
    0x080116f0   0x080116f0   0x00000038   Code   RO         1397    i.usmart_get_runtime  usmart.o
    0x08011728   0x08011728   0x00000028   Code   RO         1398    i.usmart_init       usmart.o
    0x08011750   0x08011750   0x00000010   Code   RO         1506    i.usmart_pow        usmart_str.o
    0x08011760   0x08011760   0x00000030   Code   RO         1399    i.usmart_reset_runtime  usmart.o
    0x08011790   0x08011790   0x000000a4   Code   RO         1400    i.usmart_scan       usmart.o
    0x08011834   0x08011834   0x00000010   Code   RO         1507    i.usmart_search_nextc  usmart_str.o
    0x08011844   0x08011844   0x000000a0   Code   RO         1508    i.usmart_str2num    usmart_str.o
    0x080118e4   0x080118e4   0x00000018   Code   RO         1509    i.usmart_strcmp     usmart_str.o
    0x080118fc   0x080118fc   0x00000012   Code   RO         1510    i.usmart_strcopy    usmart_str.o
    0x0801190e   0x0801190e   0x00000012   Code   RO         1511    i.usmart_strlen     usmart_str.o
    0x08011920   0x08011920   0x00000670   Code   RO         1401    i.usmart_sys_cmd_exe  usmart.o
    0x08011f90   0x08011f90   0x00000024   Code   RO         4216    i.uxListRemove      list.o
    0x08011fb4   0x08011fb4   0x00000016   Code   RO         4217    i.vListInitialise   list.o
    0x08011fca   0x08011fca   0x00000006   Code   RO         4218    i.vListInitialiseItem  list.o
    0x08011fd0   0x08011fd0   0x00000030   Code   RO         4219    i.vListInsert       list.o
    0x08012000   0x08012000   0x00000018   Code   RO         4220    i.vListInsertEnd    list.o
    0x08012018   0x08012018   0x00000078   Code   RO         4983    i.vPortEnterCritical  port.o
    0x08012090   0x08012090   0x00000064   Code   RO         4984    i.vPortExitCritical  port.o
    0x080120f4   0x080120f4   0x0000009c   Code   RO         5067    i.vPortFree         heap_4.o
    0x08012190   0x08012190   0x00000020   Code   RO         4985    i.vPortSetupTimerInterrupt  port.o
    0x080121b0   0x080121b0   0x0000008c   Code   RO         4986    i.vPortValidateInterruptPriority  port.o
    0x0801223c   0x0801223c   0x00000024   Code   RO         4271    i.vQueueAddToRegistry  queue.o
    0x08012260   0x08012260   0x00000044   Code   RO         4275    i.vQueueWaitForMessageRestricted  queue.o
    0x080122a4   0x080122a4   0x0000006c   Code   RO         4505    i.vTaskDelay        tasks.o
    0x08012310   0x08012310   0x000000cc   Code   RO         4507    i.vTaskDelete       tasks.o
    0x080123dc   0x080123dc   0x0000000c   Code   RO         4512    i.vTaskMissedYield  tasks.o
    0x080123e8   0x080123e8   0x000000d4   Code   RO         4513    i.vTaskNotifyGiveFromISR  tasks.o
    0x080124bc   0x080124bc   0x00000054   Code   RO         4514    i.vTaskPlaceOnEventList  tasks.o
    0x08012510   0x08012510   0x0000005c   Code   RO         4515    i.vTaskPlaceOnEventListRestricted  tasks.o
    0x0801256c   0x0801256c   0x00000084   Code   RO         4517    i.vTaskPriorityInherit  tasks.o
    0x080125f0   0x080125f0   0x00000048   Code   RO         4521    i.vTaskSetTimeOutState  tasks.o
    0x08012638   0x08012638   0x00000098   Code   RO         4522    i.vTaskStartScheduler  tasks.o
    0x080126d0   0x080126d0   0x00000010   Code   RO         4524    i.vTaskSuspendAll   tasks.o
    0x080126e0   0x080126e0   0x0000009c   Code   RO         4525    i.vTaskSwitchContext  tasks.o
    0x0801277c   0x0801277c   0x00000026   Code   RO         5446    i.validate          ff.o
    0x080127a2   0x080127a2   0x00000004   Code   RO         1402    i.write_addr        usmart.o
    0x080127a6   0x080127a6   0x00000002   PAD
    0x080127a8   0x080127a8   0x00000114   Code   RO         4987    i.xPortStartScheduler  port.o
    0x080128bc   0x080128bc   0x0000002c   Code   RO         4988    i.xPortSysTickHandler  port.o
    0x080128e8   0x080128e8   0x00000078   Code   RO         4280    i.xQueueGenericCreate  queue.o
    0x08012960   0x08012960   0x00000184   Code   RO         4281    i.xQueueGenericReceive  queue.o
    0x08012ae4   0x08012ae4   0x000000a8   Code   RO         4282    i.xQueueGenericReset  queue.o
    0x08012b8c   0x08012b8c   0x00000188   Code   RO         4283    i.xQueueGenericSend  queue.o
    0x08012d14   0x08012d14   0x000000e0   Code   RO         4284    i.xQueueGenericSendFromISR  queue.o
    0x08012df4   0x08012df4   0x000000c8   Code   RO         4285    i.xQueueGiveFromISR  queue.o
    0x08012ebc   0x08012ebc   0x00000088   Code   RO         4526    i.xTaskCheckForTimeOut  tasks.o
    0x08012f44   0x08012f44   0x00000056   Code   RO         4527    i.xTaskCreate       tasks.o
    0x08012f9a   0x08012f9a   0x00000002   PAD
    0x08012f9c   0x08012f9c   0x0000001c   Code   RO         4531    i.xTaskGetSchedulerState  tasks.o
    0x08012fb8   0x08012fb8   0x0000000c   Code   RO         4532    i.xTaskGetTickCount  tasks.o
    0x08012fc4   0x08012fc4   0x000000e8   Code   RO         4534    i.xTaskIncrementTick  tasks.o
    0x080130ac   0x080130ac   0x000000b4   Code   RO         4537    i.xTaskPriorityDisinherit  tasks.o
    0x08013160   0x08013160   0x00000098   Code   RO         4538    i.xTaskRemoveFromEventList  tasks.o
    0x080131f8   0x080131f8   0x000000e4   Code   RO         4540    i.xTaskResumeAll    tasks.o
    0x080132dc   0x080132dc   0x00000074   Code   RO         4861    i.xTimerCreate      timers.o
    0x08013350   0x08013350   0x00000074   Code   RO         4862    i.xTimerCreateTimerTask  timers.o
    0x080133c4   0x080133c4   0x00000090   Code   RO         4863    i.xTimerGenericCommand  timers.o
    0x08013454   0x08013454   0x00000062   Code   RO         6653    x$fpl$d2f           fz_wm.l(d2f.o)
    0x080134b6   0x080134b6   0x00000002   PAD
    0x080134b8   0x080134b8   0x000002b0   Code   RO         6662    x$fpl$ddiv          fz_wm.l(ddiv.o)
    0x08013768   0x08013768   0x00000026   Code   RO         6673    x$fpl$dfltu         fz_wm.l(dflt_clz.o)
    0x0801378e   0x0801378e   0x00000002   PAD
    0x08013790   0x08013790   0x00000154   Code   RO         6681    x$fpl$dmul          fz_wm.l(dmul.o)
    0x080138e4   0x080138e4   0x0000009c   Code   RO         6701    x$fpl$dnaninf       fz_wm.l(dnaninf.o)
    0x08013980   0x08013980   0x0000000c   Code   RO         6703    x$fpl$dretinf       fz_wm.l(dretinf.o)
    0x0801398c   0x0801398c   0x0000000a   Code   RO         6814    x$fpl$fpinit        fz_wm.l(fpinit.o)
    0x08013996   0x08013996   0x0000000a   Code   RO         6705    x$fpl$fretinf       fz_wm.l(fretinf.o)
    0x080139a0   0x080139a0   0x00000000   Code   RO         6707    x$fpl$usenofp       fz_wm.l(usenofp.o)
    0x080139a0   0x080139a0   0x00000024   Data   RO         4020    .constdata          malloc.o
    0x080139c4   0x080139c4   0x0000003a   Data   RO         5448    .constdata          ff.o
    0x080139fe   0x080139fe   0x0002acc8   Data   RO         5715    .constdata          cc936.o
    0x0803e6c6   0x0803e6c6   0x00000474   Data   RO         5946    .constdata          font12.o
    0x0803eb3a   0x0803eb3a   0x00000be0   Data   RO         5960    .constdata          font16.o
    0x0803f71a   0x0803f71a   0x00001ab8   Data   RO         5974    .constdata          font24.o
    0x080411d2   0x080411d2   0x00000630   Data   RO         6227    .constdata          font48.o
    0x08041802   0x08041802   0x00000002   PAD
    0x08041804   0x08041804   0x00000804   Data   RO         6422    .constdata          arm_common_tables.o
    0x08042008   0x08042008   0x0000001c   Data   RO         6500    .constdata          calendar.o
    0x08042024   0x08042024   0x00000028   Data   RO         6588    .constdata          c_w.l(_printf_hex_int.o)
    0x0804204c   0x0804204c   0x00000011   Data   RO         6623    .constdata          c_w.l(__printf_flags_ss_wp.o)
    0x0804205d   0x0804205d   0x00000003   PAD
    0x08042060   0x08042060   0x00000028   Data   RO         1403    .conststring        usmart.o
    0x08042088   0x08042088   0x000002b9   Data   RO         1476    .conststring        usmart_config.o
    0x08042341   0x08042341   0x00000003   PAD
    0x08042344   0x08042344   0x0000001b   Data   RO         6501    .conststring        calendar.o
    0x0804235f   0x0804235f   0x00000001   PAD
    0x08042360   0x08042360   0x00000020   Data   RO         6874    Region$$Table       anon$$obj.o


    Execution Region RW_IRAM1 (Exec base: 0x20000000, Load base: 0x08042380, Size: 0x00017648, Max: 0x00020000, ABSOLUTE, COMPRESSED[0x00000140])

    Exec Addr    Load Addr    Size         Type   Attr      Idx    E Section Name        Object

    0x20000000   COMPRESSED   0x00000014   Data   RW           13    .data               main.o
    0x20000014   COMPRESSED   0x00000014   Data   RW          434    .data               system_stm32f4xx.o
    0x20000028   COMPRESSED   0x00000008   Data   RW          495    .data               timer.o
    0x20000030   COMPRESSED   0x00000008   Data   RW          847    .data               spi.o
    0x20000038   COMPRESSED   0x00000002   Data   RW          899    .data               w25qxx.o
    0x2000003a   COMPRESSED   0x00000002   PAD
    0x2000003c   COMPRESSED   0x00000010   Data   RW         1023    .data               sdio_sdcard.o
    0x2000004c   COMPRESSED   0x00000004   Data   RW         1252    .data               delay.o
    0x20000050   COMPRESSED   0x00000002   Data   RW         1322    .data               usart.o
    0x20000052   COMPRESSED   0x00000008   Data   RW         1323    .data               usart.o
    0x2000005a   COMPRESSED   0x00000002   PAD
    0x2000005c   COMPRESSED   0x00000004   Data   RW         1324    .data               usart.o
    0x20000060   COMPRESSED   0x0000001c   Data   RW         1404    .data               usmart.o
    0x2000007c   COMPRESSED   0x000000d8   Data   RW         1477    .data               usmart_config.o
    0x20000154   COMPRESSED   0x000000f4   Data   RW         1478    .data               usmart_config.o
    0x20000248   COMPRESSED   0x00000010   Data   RW         1942    .data               stm32f4xx_rcc.o
    0x20000258   COMPRESSED   0x00000024   Data   RW         4021    .data               malloc.o
    0x2000027c   COMPRESSED   0x00000044   Data   RW         4543    .data               tasks.o
    0x200002c0   COMPRESSED   0x00000014   Data   RW         4871    .data               timers.o
    0x200002d4   COMPRESSED   0x0000000c   Data   RW         4989    .data               port.o
    0x200002e0   COMPRESSED   0x00000018   Data   RW         5072    .data               heap_4.o
    0x200002f8   COMPRESSED   0x0000000c   Data   RW         5130    .data               exfuns.o
    0x20000304   COMPRESSED   0x00000004   Data   RW         5131    .data               exfuns.o
    0x20000308   COMPRESSED   0x00000004   Data   RW         5132    .data               exfuns.o
    0x2000030c   COMPRESSED   0x00000002   Data   RW         5333    .data               diskio.o
    0x2000030e   COMPRESSED   0x00000002   Data   RW         5449    .data               ff.o
    0x20000310   COMPRESSED   0x00000008   Data   RW         5947    .data               font12.o
    0x20000318   COMPRESSED   0x00000008   Data   RW         5961    .data               font16.o
    0x20000320   COMPRESSED   0x00000008   Data   RW         5975    .data               font24.o
    0x20000328   COMPRESSED   0x00000008   Data   RW         6228    .data               font48.o
    0x20000330   COMPRESSED   0x00000004   Data   RW         6502    .data               calendar.o
    0x20000334        -       0x00000012   Zero   RW          846    .bss                spi.o
    0x20000346   COMPRESSED   0x00000002   PAD
    0x20000348        -       0x000002c0   Zero   RW         1022    .bss                sdio_sdcard.o
    0x20000608        -       0x00001000   Zero   RW         1319    .bss                usart.o
    0x20001608        -       0x000000c8   Zero   RW         1321    .bss                usart.o
    0x200016d0   COMPRESSED   0x00000010   PAD
    0x200016e0        -       0x0000f000   Zero   RW         4018    .bss                malloc.o
    0x200106e0        -       0x00000f00   Zero   RW         4019    .bss                malloc.o
    0x200115e0        -       0x00000040   Zero   RW         4295    .bss                queue.o
    0x20011620        -       0x000002e4   Zero   RW         4542    .bss                tasks.o
    0x20011904        -       0x00000028   Zero   RW         4870    .bss                timers.o
    0x2001192c        -       0x00005000   Zero   RW         5071    .bss                heap_4.o
    0x2001692c        -       0x0000000c   Zero   RW         5125    .bss                exfuns.o
    0x20016938        -       0x00000020   Zero   RW         5126    .bss                exfuns.o
    0x20016958        -       0x00000024   Zero   RW         5127    .bss                exfuns.o
    0x2001697c        -       0x0000000c   Zero   RW         5447    .bss                ff.o
    0x20016988        -       0x00000018   Zero   RW         6025    .bss                gui_paint.o
    0x200169a0        -       0x00000021   Zero   RW         6244    .bss                fontupd.o
    0x200169c1   COMPRESSED   0x00000003   PAD
    0x200169c4        -       0x00000624   Zero   RW         6499    .bss                calendar.o
    0x20016fe8        -       0x00000060   Zero   RW         6746    .bss                c_w.l(libspace.o)
    0x20017048        -       0x00000200   Zero   RW         1575    HEAP                startup_stm32f40_41xxx.o
    0x20017248        -       0x00000400   Zero   RW         1574    STACK               startup_stm32f40_41xxx.o



  Load Region LR$$.ARM.__AT_0x10000000 (Base: 0x10000000, Size: 0x00000000, Max: 0x0000f000, ABSOLUTE)

    Execution Region ER$$.ARM.__AT_0x10000000 (Exec base: 0x10000000, Load base: 0x10000000, Size: 0x0000f000, Max: 0x0000f000, ABSOLUTE, UNINIT)

    Exec Addr    Load Addr    Size         Type   Attr      Idx    E Section Name        Object

    0x10000000        -       0x0000f000   Zero   RW         4014    .ARM.__AT_0x10000000  malloc.o



  Load Region LR$$.ARM.__AT_0x1000F000 (Base: 0x1000f000, Size: 0x00000000, Max: 0x00000f00, ABSOLUTE)

    Execution Region ER$$.ARM.__AT_0x1000F000 (Exec base: 0x1000f000, Load base: 0x1000f000, Size: 0x00000f00, Max: 0x00000f00, ABSOLUTE, UNINIT)

    Exec Addr    Load Addr    Size         Type   Attr      Idx    E Section Name        Object

    0x1000f000        -       0x00000f00   Zero   RW         4015    .ARM.__AT_0x1000F000  malloc.o



  Load Region LR$$.ARM.__AT_0x68000000 (Base: 0x68000000, Size: 0x00000000, Max: 0x000f0000, ABSOLUTE)

    Execution Region ER$$.ARM.__AT_0x68000000 (Exec base: 0x68000000, Load base: 0x68000000, Size: 0x000f0000, Max: 0x000f0000, ABSOLUTE, UNINIT)

    Exec Addr    Load Addr    Size         Type   Attr      Idx    E Section Name        Object

    0x68000000        -       0x000f0000   Zero   RW         4016    .ARM.__AT_0x68000000  malloc.o



  Load Region LR$$.ARM.__AT_0x680F0000 (Base: 0x680f0000, Size: 0x00000000, Max: 0x0000f000, ABSOLUTE)

    Execution Region ER$$.ARM.__AT_0x680F0000 (Exec base: 0x680f0000, Load base: 0x680f0000, Size: 0x0000f000, Max: 0x0000f000, ABSOLUTE, UNINIT)

    Exec Addr    Load Addr    Size         Type   Attr      Idx    E Section Name        Object

    0x680f0000        -       0x0000f000   Zero   RW         4017    .ARM.__AT_0x680F0000  malloc.o


==============================================================================

Image component sizes


      Code (inc. data)   RO Data    RW Data    ZI Data      Debug   Object Name

         0          0       2052          0          0       4772   arm_common_tables.o
       120         12          0          0          0        814   arm_cos_f32.o
       116         12          0          0          0        818   arm_sin_f32.o
      1230        114         55          4       1572       8027   calendar.o
       112         16     175304          0          0       2671   cc936.o
       184         14          0          4          0       2693   delay.o
       168         12          0          0          0       1830   dev_config.o
       332         14          0          2          0       6736   diskio.o
       766         20          0          0          0       7477   epd_4in2_v2.o
         0          0          0          0          0      10376   event_groups.o
       100          8          0         20         80       4335   exfuns.o
      1612        760          0          0          0      14194   fattester.o
      9738        148         58          2         12      53537   ff.o
         0          0       1140          8          0       1389   font12.o
         0          0       3040          8          0       1389   font16.o
         0          0       6840          8          0       1389   font24.o
         0          0       1584          8          0       1389   font48.o
        64          6          0          0         33       2129   fontupd.o
      3440        248          0          0         24      32039   gui_paint.o
       584        138          0         24      20480       4243   heap_4.o
        68         10          0          0          0        551   key.o
         0          0          0          0          0       1480   lcd.o
        64          6          0          0          0        563   led.o
       136          0          0          0          0       3318   list.o
       640        194          0         20          0     350153   main.o
       412         40         36         36    1175040       6817   malloc.o
       144         14          0          0          0       2185   misc.o
      1038        382          0         12          0      11077   port.o
      2032        274          0          0         64      14917   queue.o
       302          0          0          0          0       3355   rtc.o
      6048        278          0         16        704      36553   sdio_sdcard.o
       480         40          0          8         18       2814   spi.o
        64         26        392          0       1536        864   startup_stm32f40_41xxx.o
       612         52          0          0          0       8035   stm32f4xx_dma.o
       124         10          0          0          0       1629   stm32f4xx_exti.o
       174          0          0          0          0       3659   stm32f4xx_gpio.o
        84          8          0          0          0       3399   stm32f4xx_it.o
        12          6          0          0          0        550   stm32f4xx_pwr.o
       404         68          0         16          0       8572   stm32f4xx_rcc.o
      1058        102          0          0          0      12912   stm32f4xx_rtc.o
       192         36          0          0          0       5893   stm32f4xx_sdio.o
        98          0          0          0          0       3634   stm32f4xx_spi.o
       222         28          0          0          0       7827   stm32f4xx_tim.o
       318          8          0          0          0       4637   stm32f4xx_usart.o
        16          0          0          0          0        516   sys.o
       272         38          0         20          0       1857   system_stm32f4xx.o
      3110        732          0         68        740      32427   tasks.o
       164         18          0          8          0       2092   timer.o
      1144        260          0         20         40      10254   timers.o
       718         82          0         14       4296       6619   usart.o
      2872       1330         40         28          0       8394   usmart.o
         0          0        697        460          0       1676   usmart_config.o
      1058         20          0          0          0       9683   usmart_str.o
       808         62          0          2          0       8157   w25qxx.o

    ----------------------------------------------------------------------
     43518       5646     191276        820    1204660     739316   Object Totals
         0          0         32          0          0          0   (incl. Generated)
        64          0          6          4         21          0   (incl. Padding)

    ----------------------------------------------------------------------

      Code (inc. data)   RO Data    RW Data    ZI Data      Debug   Library Member Name

        90          0          0          0          0          0   __dczerorl2.o
         8          0          0          0          0         68   __main.o
       392          4         17          0          0         92   __printf_flags_ss_wp.o
        14          0          0          0          0         68   __printf_wp.o
         0          0          0          0          0          0   __rtentry.o
        12          0          0          0          0          0   __rtentry2.o
         6          0          0          0          0          0   __rtentry4.o
        52          8          0          0          0          0   __scatter.o
        28          0          0          0          0          0   __scatter_zi.o
         6          0          0          0          0          0   _printf_c.o
        44          0          0          0          0        108   _printf_char.o
        48          6          0          0          0         96   _printf_char_common.o
        36          4          0          0          0         80   _printf_char_file.o
         6          0          0          0          0          0   _printf_d.o
       120         16          0          0          0         92   _printf_dec.o
        88          4         40          0          0         88   _printf_hex_int.o
       178          0          0          0          0         88   _printf_intcommon.o
        78          0          0          0          0        108   _printf_pad.o
         0          0          0          0          0          0   _printf_percent.o
         4          0          0          0          0          0   _printf_percent_end.o
         6          0          0          0          0          0   _printf_s.o
        82          0          0          0          0         80   _printf_str.o
         6          0          0          0          0          0   _printf_u.o
         6          0          0          0          0          0   _printf_x.o
        16          0          0          0          0         68   aeabi_memset.o
        18          0          0          0          0         80   exit.o
         8          0          0          0          0         68   ferror.o
         6          0          0          0          0        152   heapauxi.o
         2          0          0          0          0          0   libinit.o
         6          0          0          0          0          0   libinit2.o
         2          0          0          0          0          0   libshutdown.o
         2          0          0          0          0          0   libshutdown2.o
         8          4          0          0         96         68   libspace.o
        72          0          0          0          0         76   llsdiv.o
       238          0          0          0          0        100   lludivv7m.o
        24          4          0          0          0         84   noretval__2printf.o
        68          0          0          0          0         68   rt_memclr.o
        78          0          0          0          0         80   rt_memclr_w.o
       138          0          0          0          0         68   rt_memcpy_v6.o
       100          0          0          0          0         80   rt_memcpy_w.o
         2          0          0          0          0          0   rtexit.o
        10          0          0          0          0          0   rtexit2.o
        62          0          0          0          0         76   strlen.o
        74          0          0          0          0         80   sys_stackheap_outer.o
         2          0          0          0          0         68   use_no_semi.o
         2          0          0          0          0         68   use_no_semi_2.o
        98          4          0          0          0        140   d2f.o
       688        140          0          0          0        256   ddiv.o
        38          0          0          0          0        116   dflt_clz.o
       340         12          0          0          0        152   dmul.o
       156          4          0          0          0        140   dnaninf.o
        12          0          0          0          0        116   dretinf.o
        10          0          0          0          0        116   fpinit.o
        10          0          0          0          0        116   fretinf.o
         0          0          0          0          0          0   usenofp.o

    ----------------------------------------------------------------------
      3610        210         60          0         96       3404   Library Totals
        10          0          3          0          0          0   (incl. Padding)

    ----------------------------------------------------------------------

      Code (inc. data)   RO Data    RW Data    ZI Data      Debug   Library Name

      2248         50         57          0         96       2252   c_w.l
      1352        160          0          0          0       1152   fz_wm.l

    ----------------------------------------------------------------------
      3610        210         60          0         96       3404   Library Totals

    ----------------------------------------------------------------------

==============================================================================


      Code (inc. data)   RO Data    RW Data    ZI Data      Debug   

     47128       5856     191336        820    1204756     704324   Grand Totals
     47128       5856     191336        320    1204756     704324   ELF Image Totals (compressed)
     47128       5856     191336        320          0          0   ROM Totals

==============================================================================

    Total RO  Size (Code + RO Data)               238464 ( 232.88kB)
    Total RW  Size (RW Data + ZI Data)           1205576 (1177.32kB)
    Total ROM Size (Code + RO Data + RW Data)     238784 ( 233.19kB)

==============================================================================

